2026-07-25 11:43:52.267 +07:00 [INF] Initializing...
2026-07-25 11:43:53.131 +07:00 [INF] Starting Server
2026-07-25 11:43:53.141 +07:00 [INF] Cached xbnfile: XBN//ConstantInfo.xbn
2026-07-25 11:43:53.147 +07:00 [INF] Cached xbnfile: XBN//Actions.xbn
2026-07-25 11:43:53.157 +07:00 [INF] Cached xbnfile: XBN//Weapons.xbn
2026-07-25 11:43:53.166 +07:00 [INF] Cached xbnfile: XBN//Effects.xbn
2026-07-25 11:43:53.171 +07:00 [INF] Cached xbnfile: XBN//EffectMatch.xbn
2026-07-25 11:43:53.172 +07:00 [INF] Cached xbnfile: XBN//EnchantData.xbn
2026-07-25 11:43:53.173 +07:00 [INF] Cached xbnfile: XBN//EquipLimit.xbn
2026-07-25 11:43:53.181 +07:00 [INF] Cached xbnfile: XBN//PveList.xbn
2026-07-25 11:43:53.187 +07:00 [INF] Cached xbnfile: XBN//MonsterWaveList.xbn
2026-07-25 11:43:53.188 +07:00 [INF] Cached xbnfile: XBN//EsperActionlist.xbn
2026-07-25 11:43:53.189 +07:00 [INF] Cached xbnfile: XBN//WeaponTypeReloadInfo.xbn
2026-07-25 11:43:53.194 +07:00 [INF] Cached xbnfile: XBN//RangeLimit.xbn
2026-07-25 11:43:53.527 +07:00 [INF] Ready for connections!
2026-07-25 11:43:53.528 +07:00 [WRN] !!! NOOB MODE IS ENABLED! EVERY LOGIN SUCCEEDS AND OVERRIDES ACCOUNT LOGIN DETAILS !!!
2026-07-25 11:45:18.717 +07:00 [INF] Refused server request: NeoNetsphere(1) - invalid apikey!
2026-07-25 11:46:35.966 +07:00 [INF] Added server with valid apikey: NeoNetsphere(1)
2026-07-25 11:46:53.164 +07:00 [INF] Authentication login from [::ffff:127.0.0.1]:52577
2026-07-25 11:46:53.260 +07:00 [INF] Authentication success for masterblad1
2026-07-25 12:14:49.214 +07:00 [INF] Initializing...
2026-07-25 12:14:49.560 +07:00 [INF] Starting Server
2026-07-25 12:14:49.564 +07:00 [INF] Cached xbnfile: XBN//ConstantInfo.xbn
2026-07-25 12:14:49.565 +07:00 [INF] Cached xbnfile: XBN//Actions.xbn
2026-07-25 12:14:49.566 +07:00 [INF] Cached xbnfile: XBN//Weapons.xbn
2026-07-25 12:14:49.566 +07:00 [INF] Cached xbnfile: XBN//Effects.xbn
2026-07-25 12:14:49.567 +07:00 [INF] Cached xbnfile: XBN//EffectMatch.xbn
2026-07-25 12:14:49.567 +07:00 [INF] Cached xbnfile: XBN//EnchantData.xbn
2026-07-25 12:14:49.568 +07:00 [INF] Cached xbnfile: XBN//EquipLimit.xbn
2026-07-25 12:14:49.569 +07:00 [INF] Cached xbnfile: XBN//PveList.xbn
2026-07-25 12:14:49.569 +07:00 [INF] Cached xbnfile: XBN//MonsterWaveList.xbn
2026-07-25 12:14:49.570 +07:00 [INF] Cached xbnfile: XBN//EsperActionlist.xbn
2026-07-25 12:14:49.570 +07:00 [INF] Cached xbnfile: XBN//WeaponTypeReloadInfo.xbn
2026-07-25 12:14:49.571 +07:00 [INF] Cached xbnfile: XBN//RangeLimit.xbn
2026-07-25 12:14:49.651 +07:00 [INF] Ready for connections!
2026-07-25 12:14:49.651 +07:00 [WRN] !!! NOOB MODE IS ENABLED! EVERY LOGIN SUCCEEDS AND OVERRIDES ACCOUNT LOGIN DETAILS !!!
2026-07-25 12:14:50.002 +07:00 [INF] Added server with valid apikey: NeoNetsphere(1)
2026-07-25 12:15:08.511 +07:00 [INF] Removed server NeoNetsphere(1)
2026-07-25 12:16:13.509 +07:00 [INF] Added server with valid apikey: NeoNetsphere(1)
2026-07-25 12:16:54.755 +07:00 [INF] Authentication login from [::ffff:127.0.0.1]:63658
2026-07-25 12:16:54.846 +07:00 [INF] Authentication success for masterblad1
2026-07-25 12:17:45.061 +07:00 [INF] Authentication login from [::ffff:127.0.0.1]:63663
2026-07-25 12:17:45.079 +07:00 [INF] Authentication success for masterblad1
