2026-07-25 09:13:42.553 +07:00 [INF] ============================================
2026-07-25 09:13:42.573 +07:00 [INF] Initializing GameServer build
2026-07-25 09:13:42.573 +07:00 [INF] New IDS
2026-07-25 09:13:42.574 +07:00 [INF] Latest S4
2026-07-25 09:13:42.581 +07:00 [INF] ============================================
2026-07-25 09:13:42.582 +07:00 [INF] Initializing Database
2026-07-25 09:13:42.726 +07:00 [INF] Initializing...
2026-07-25 09:13:43.455 +07:00 [ERR] MySql.Data.MySqlClient.MySqlException (0x80004005): Authentication to host 'localhost' for user 'root' using method 'mysql_native_password' failed with message: Unknown database 's4casey' ---> MySql.Data.MySqlClient.MySqlException (0x80004005): Unknown database 's4casey'
   at MySql.Data.MySqlClient.MySqlStream.ReadPacket()
   at MySql.Data.MySqlClient.Authentication.MySqlAuthenticationPlugin.ReadPacket()
   at MySql.Data.MySqlClient.Authentication.MySqlAuthenticationPlugin.AuthenticationFailed(Exception ex)
   at MySql.Data.MySqlClient.Authentication.MySqlAuthenticationPlugin.ReadPacket()
   at MySql.Data.MySqlClient.Authentication.MySqlAuthenticationPlugin.Authenticate(Boolean reset)
   at MySql.Data.MySqlClient.NativeDriver.Open()
   at MySql.Data.MySqlClient.Driver.Open()
   at MySql.Data.MySqlClient.Driver.Create(MySqlConnectionStringBuilder settings)
   at MySql.Data.MySqlClient.MySqlPool.CreateNewPooledConnection()
   at MySql.Data.MySqlClient.MySqlPool.GetPooledConnection()
   at MySql.Data.MySqlClient.MySqlPool.TryToGetDriver()
   at MySql.Data.MySqlClient.MySqlPool.GetConnection()
   at MySql.Data.MySqlClient.MySqlConnection.Open()
   at NeoNetsphere.AuthDatabase.Open() in D:\Dera\Project\S4League-Netsphere\src\GameServer\Program.cs:line 812
   at NeoNetsphere.AuthDatabase.Initialize() in D:\Dera\Project\S4League-Netsphere\src\GameServer\Program.cs:line 759
   at NeoNetsphere.Program.Main() in D:\Dera\Project\S4League-Netsphere\src\GameServer\Program.cs:line 164
2026-07-25 09:14:11.793 +07:00 [INF] ============================================
2026-07-25 09:14:11.826 +07:00 [INF] Initializing GameServer build
2026-07-25 09:14:11.827 +07:00 [INF] New IDS
2026-07-25 09:14:11.827 +07:00 [INF] Latest S4
2026-07-25 09:14:11.828 +07:00 [INF] ============================================
2026-07-25 09:14:11.828 +07:00 [INF] Initializing Database
2026-07-25 09:14:11.832 +07:00 [INF] Initializing...
2026-07-25 09:14:12.276 +07:00 [INF] Initializing...
2026-07-25 09:14:12.281 +07:00 [INF] Starting Server
2026-07-25 09:14:12.281 +07:00 [INF] ____________________________________________
2026-07-25 09:14:12.282 +07:00 [INF] ____________________________________________
2026-07-25 09:14:12.282 +07:00 [INF] ============================================
2026-07-25 09:14:12.283 +07:00 [INF] Starting Serverinstances and ResourceCache..
2026-07-25 09:14:12.842 +07:00 [INF] Caching: Channels
2026-07-25 09:14:12.843 +07:00 [INF] Caching...
2026-07-25 09:14:12.858 +07:00 [INF] Caching: Clubs
2026-07-25 09:14:12.859 +07:00 [INF] Caching...
2026-07-25 09:14:12.993 +07:00 [INF] Starting - tcp=127.0.0.1:28004 udp=null udp-port=null
2026-07-25 09:14:13.081 +07:00 [INF] Starting - tcp=127.0.0.1:28005 udp=127.0.0.1 udp-port=null
2026-07-25 09:14:13.082 +07:00 [INF] Starting - tcp=127.0.0.1:28003 udp=null udp-port=null
2026-07-25 09:14:13.084 +07:00 [INF] Caching: Effects
2026-07-25 09:14:13.085 +07:00 [INF] Caching...
2026-07-25 09:14:13.151 +07:00 [INF] Caching: Items
2026-07-25 09:14:13.153 +07:00 [INF] Caching...
2026-07-25 09:14:13.327 +07:00 [INF] Caching: DefaultItems
2026-07-25 09:14:13.329 +07:00 [INF] Caching...
2026-07-25 09:14:13.337 +07:00 [INF] Caching: Shop
2026-07-25 09:14:13.338 +07:00 [INF] Caching...
2026-07-25 09:14:13.447 +07:00 [INF] Caching: Experience
2026-07-25 09:14:13.448 +07:00 [INF] Caching...
2026-07-25 09:14:13.455 +07:00 [INF] Caching: Maps
2026-07-25 09:14:13.456 +07:00 [INF] Caching...
2026-07-25 09:14:13.479 +07:00 [INF] Caching: GameTempos
2026-07-25 09:14:13.481 +07:00 [INF] Caching...
2026-07-25 09:14:13.507 +07:00 [INF] Caching: Capsules
2026-07-25 09:14:13.508 +07:00 [INF] Caching...
2026-07-25 09:14:13.555 +07:00 [INF] Caching: RandomShop
2026-07-25 09:14:13.556 +07:00 [INF] Caching...
2026-07-25 09:14:13.564 +07:00 [INF] Caching: CardSystem
2026-07-25 09:14:13.565 +07:00 [INF] Caching...
2026-07-25 09:14:13.586 +07:00 [INF] Caching: ExperienceBonus
2026-07-25 09:14:13.587 +07:00 [INF] Caching...
2026-07-25 09:14:13.594 +07:00 [INF] Caching: PointBonus
2026-07-25 09:14:13.594 +07:00 [INF] Caching...
2026-07-25 09:14:13.605 +07:00 [INF] Caching: MasterExperience
2026-07-25 09:14:13.606 +07:00 [INF] Caching...
2026-07-25 09:14:13.612 +07:00 [INF] Caching: BurningTime
2026-07-25 09:14:13.613 +07:00 [INF] Caching...
2026-07-25 09:14:13.632 +07:00 [INF] Caching: BurningTimePve
2026-07-25 09:14:13.632 +07:00 [INF] Caching...
2026-07-25 09:14:13.639 +07:00 [INF] Caching: EquipLimit
2026-07-25 09:14:13.640 +07:00 [INF] Caching...
2026-07-25 09:14:13.656 +07:00 [INF] Caching: RoomOption
2026-07-25 09:14:13.657 +07:00 [INF] Caching...
2026-07-25 09:14:13.670 +07:00 [INF] Caching: EnchantData
2026-07-25 09:14:13.671 +07:00 [INF] Caching...
2026-07-25 09:14:13.689 +07:00 [INF] Caching: EnchantList
2026-07-25 09:14:13.690 +07:00 [INF] Caching...
2026-07-25 09:14:13.706 +07:00 [INF] Caching: EnchantExtractKey
2026-07-25 09:14:13.707 +07:00 [INF] Caching...
2026-07-25 09:14:13.713 +07:00 [INF] Caching: EsperEnchantPrice
2026-07-25 09:14:13.713 +07:00 [INF] Caching...
2026-07-25 09:14:13.719 +07:00 [INF] Caching: ItemGrade
2026-07-25 09:14:13.720 +07:00 [INF] Caching...
2026-07-25 09:14:13.732 +07:00 [INF] Caching: CombineElement
2026-07-25 09:14:13.733 +07:00 [INF] Caching...
2026-07-25 09:14:13.738 +07:00 [INF] Caching: DecompositionElement
2026-07-25 09:14:13.739 +07:00 [INF] Caching...
2026-07-25 09:14:13.743 +07:00 [INF] Caching: SeizeModeNewInfo
2026-07-25 09:14:13.744 +07:00 [INF] Caching...
2026-07-25 09:14:13.758 +07:00 [INF] Caching: StadiumInfo
2026-07-25 09:14:13.759 +07:00 [INF] Caching...
2026-07-25 09:14:13.768 +07:00 [INF] Caching: DecompositionInfo
2026-07-25 09:14:13.768 +07:00 [INF] Caching...
2026-07-25 09:14:13.786 +07:00 [INF] Caching: CombinationInfo
2026-07-25 09:14:13.787 +07:00 [INF] Caching...
2026-07-25 09:14:13.813 +07:00 [INF] Caching: MissionInfo
2026-07-25 09:14:13.814 +07:00 [INF] Caching...
2026-07-25 09:14:13.832 +07:00 [INF] Caching: ArcadeRewardInfo
2026-07-25 09:14:13.833 +07:00 [INF] Caching...
2026-07-25 09:14:13.847 +07:00 [INF] Caching: ArcadeItemInfo
2026-07-25 09:14:13.848 +07:00 [INF] Caching...
2026-07-25 09:14:13.860 +07:00 [INF] Caching: ChallengeArcadeInfo
2026-07-25 09:14:13.861 +07:00 [INF] Caching...
2026-07-25 09:14:13.881 +07:00 [INF] Caching: TaskListInfo
2026-07-25 09:14:13.882 +07:00 [INF] Caching...
2026-07-25 09:14:13.933 +07:00 [INF] Caching: PromotionInfo
2026-07-25 09:14:13.934 +07:00 [INF] Caching...
2026-07-25 09:14:13.991 +07:00 [ERR] System.InvalidOperationException: There is an error in XML document (5, 85). ---> System.Xml.XmlException: An XML comment cannot contain '--', and '-' cannot be the last character. Line 5, position 85.
   at System.Xml.XmlTextReaderImpl.Throw(Exception e)
   at System.Xml.XmlTextReaderImpl.Throw(String res, String arg)
   at System.Xml.XmlTextReaderImpl.ParseCDataOrComment(XmlNodeType type, Int32& outStartPos, Int32& outEndPos)
   at System.Xml.XmlTextReaderImpl.ParseCDataOrComment(XmlNodeType type)
   at System.Xml.XmlTextReaderImpl.ParseComment()
   at System.Xml.XmlTextReaderImpl.ParseElementContent()
   at System.Xml.XmlTextReaderImpl.Read()
   at System.Xml.XmlTextReader.Read()
   at System.Xml.XmlReader.ReadStartElement()
   at Microsoft.Xml.Serialization.GeneratedAssembly.XmlSerializationReaderPromotionInfoDto.Read3_PromotionInfoGuideDto(Boolean isNullable, Boolean checkType)
   at Microsoft.Xml.Serialization.GeneratedAssembly.XmlSerializationReaderPromotionInfoDto.Read5_PromotionInfoEventbaseInfoDto(Boolean isNullable, Boolean checkType)
   at Microsoft.Xml.Serialization.GeneratedAssembly.XmlSerializationReaderPromotionInfoDto.Read22_PromotionInfoDto(Boolean isNullable, Boolean checkType)
   at Microsoft.Xml.Serialization.GeneratedAssembly.XmlSerializationReaderPromotionInfoDto.Read23_promotion_info()
   --- End of inner exception stack trace ---
   at System.Xml.Serialization.XmlSerializer.Deserialize(XmlReader xmlReader, String encodingStyle, XmlDeserializationEvents events)
   at System.Xml.Serialization.XmlSerializer.Deserialize(TextReader textReader)
   at NeoNetsphere.Resource.ResourceLoader.Deserialize[T](String fileName) in D:\Dera\Project\S4League-Netsphere\src\GameServer\Resource\ResourceLoader.cs:line 202
   at NeoNetsphere.Resource.ResourceLoader.LoadPromotionInfo() in D:\Dera\Project\S4League-Netsphere\src\GameServer\Resource\ResourceLoader.cs:line 2476
   at NeoNetsphere.Resource.ResourceCache.GetPromotionInfo() in D:\Dera\Project\S4League-Netsphere\src\GameServer\Resource\ResourceCache.cs:line 667
   at NeoNetsphere.Resource.ResourceCache.PreCache() in D:\Dera\Project\S4League-Netsphere\src\GameServer\Resource\ResourceCache.cs:line 135
   at NeoNetsphere.Network.GameServer.OnStarted() in D:\Dera\Project\S4League-Netsphere\src\GameServer\Network\GameServer.cs:line 711
   at ProudNetSrc.ProudServer.Listen(IPEndPoint tcpListener, IPAddress udpAddress, Int32[] udpListenerPorts) in D:\Dera\Project\S4League-Netsphere\src\ProudNetSrc\ProudServer.cs:line 160
   at NeoNetsphere.Program.Main() in D:\Dera\Project\S4League-Netsphere\src\GameServer\Program.cs:line 201
2026-07-25 09:19:06.486 +07:00 [INF] ============================================
2026-07-25 09:19:06.504 +07:00 [INF] Initializing GameServer build
2026-07-25 09:19:06.505 +07:00 [INF] New IDS
2026-07-25 09:19:06.505 +07:00 [INF] Latest S4
2026-07-25 09:19:06.505 +07:00 [INF] ============================================
2026-07-25 09:19:06.507 +07:00 [INF] Initializing Database
2026-07-25 09:19:06.510 +07:00 [INF] Initializing...
2026-07-25 09:19:06.848 +07:00 [INF] Initializing...
2026-07-25 09:19:06.852 +07:00 [INF] Starting Server
2026-07-25 09:19:06.853 +07:00 [INF] ____________________________________________
2026-07-25 09:19:06.853 +07:00 [INF] ____________________________________________
2026-07-25 09:19:06.854 +07:00 [INF] ============================================
2026-07-25 09:19:06.855 +07:00 [INF] Starting Serverinstances and ResourceCache..
2026-07-25 09:19:07.216 +07:00 [INF] Caching: Channels
2026-07-25 09:19:07.217 +07:00 [INF] Caching...
2026-07-25 09:19:07.233 +07:00 [INF] Caching: Clubs
2026-07-25 09:19:07.233 +07:00 [INF] Caching...
2026-07-25 09:19:07.261 +07:00 [INF] Starting - tcp=127.0.0.1:28004 udp=null udp-port=null
2026-07-25 09:19:07.318 +07:00 [INF] Starting - tcp=127.0.0.1:28005 udp=127.0.0.1 udp-port=null
2026-07-25 09:19:07.320 +07:00 [INF] Starting - tcp=127.0.0.1:28003 udp=null udp-port=null
2026-07-25 09:19:07.322 +07:00 [INF] Caching: Effects
2026-07-25 09:19:07.323 +07:00 [INF] Caching...
2026-07-25 09:19:07.368 +07:00 [INF] Caching: Items
2026-07-25 09:19:07.370 +07:00 [INF] Caching...
2026-07-25 09:19:07.500 +07:00 [INF] Caching: DefaultItems
2026-07-25 09:19:07.501 +07:00 [INF] Caching...
2026-07-25 09:19:07.510 +07:00 [INF] Caching: Shop
2026-07-25 09:19:07.511 +07:00 [INF] Caching...
2026-07-25 09:19:07.643 +07:00 [INF] Caching: Experience
2026-07-25 09:19:07.644 +07:00 [INF] Caching...
2026-07-25 09:19:07.649 +07:00 [INF] Caching: Maps
2026-07-25 09:19:07.650 +07:00 [INF] Caching...
2026-07-25 09:19:07.661 +07:00 [INF] Caching: GameTempos
2026-07-25 09:19:07.662 +07:00 [INF] Caching...
2026-07-25 09:19:07.678 +07:00 [INF] Caching: Capsules
2026-07-25 09:19:07.680 +07:00 [INF] Caching...
2026-07-25 09:19:07.741 +07:00 [INF] Caching: RandomShop
2026-07-25 09:19:07.742 +07:00 [INF] Caching...
2026-07-25 09:19:07.757 +07:00 [INF] Caching: CardSystem
2026-07-25 09:19:07.758 +07:00 [INF] Caching...
2026-07-25 09:19:07.774 +07:00 [INF] Caching: ExperienceBonus
2026-07-25 09:19:07.775 +07:00 [INF] Caching...
2026-07-25 09:19:07.782 +07:00 [INF] Caching: PointBonus
2026-07-25 09:19:07.782 +07:00 [INF] Caching...
2026-07-25 09:19:07.792 +07:00 [INF] Caching: MasterExperience
2026-07-25 09:19:07.793 +07:00 [INF] Caching...
2026-07-25 09:19:07.799 +07:00 [INF] Caching: BurningTime
2026-07-25 09:19:07.800 +07:00 [INF] Caching...
2026-07-25 09:19:07.810 +07:00 [INF] Caching: BurningTimePve
2026-07-25 09:19:07.811 +07:00 [INF] Caching...
2026-07-25 09:19:07.812 +07:00 [INF] Caching: EquipLimit
2026-07-25 09:19:07.813 +07:00 [INF] Caching...
2026-07-25 09:19:07.821 +07:00 [INF] Caching: RoomOption
2026-07-25 09:19:07.822 +07:00 [INF] Caching...
2026-07-25 09:19:07.836 +07:00 [INF] Caching: EnchantData
2026-07-25 09:19:07.837 +07:00 [INF] Caching...
2026-07-25 09:19:07.850 +07:00 [INF] Caching: EnchantList
2026-07-25 09:19:07.851 +07:00 [INF] Caching...
2026-07-25 09:19:07.861 +07:00 [INF] Caching: EnchantExtractKey
2026-07-25 09:19:07.862 +07:00 [INF] Caching...
2026-07-25 09:19:07.868 +07:00 [INF] Caching: EsperEnchantPrice
2026-07-25 09:19:07.868 +07:00 [INF] Caching...
2026-07-25 09:19:07.875 +07:00 [INF] Caching: ItemGrade
2026-07-25 09:19:07.875 +07:00 [INF] Caching...
2026-07-25 09:19:07.881 +07:00 [INF] Caching: CombineElement
2026-07-25 09:19:07.881 +07:00 [INF] Caching...
2026-07-25 09:19:07.886 +07:00 [INF] Caching: DecompositionElement
2026-07-25 09:19:07.887 +07:00 [INF] Caching...
2026-07-25 09:19:07.897 +07:00 [INF] Caching: SeizeModeNewInfo
2026-07-25 09:19:07.898 +07:00 [INF] Caching...
2026-07-25 09:19:07.913 +07:00 [INF] Caching: StadiumInfo
2026-07-25 09:19:07.913 +07:00 [INF] Caching...
2026-07-25 09:19:07.922 +07:00 [INF] Caching: DecompositionInfo
2026-07-25 09:19:07.923 +07:00 [INF] Caching...
2026-07-25 09:19:07.937 +07:00 [INF] Caching: CombinationInfo
2026-07-25 09:19:07.938 +07:00 [INF] Caching...
2026-07-25 09:19:07.955 +07:00 [INF] Caching: MissionInfo
2026-07-25 09:19:07.956 +07:00 [INF] Caching...
2026-07-25 09:19:07.965 +07:00 [INF] Caching: ArcadeRewardInfo
2026-07-25 09:19:07.966 +07:00 [INF] Caching...
2026-07-25 09:19:07.973 +07:00 [INF] Caching: ArcadeItemInfo
2026-07-25 09:19:07.973 +07:00 [INF] Caching...
2026-07-25 09:19:07.978 +07:00 [INF] Caching: ChallengeArcadeInfo
2026-07-25 09:19:07.978 +07:00 [INF] Caching...
2026-07-25 09:19:07.989 +07:00 [INF] Caching: TaskListInfo
2026-07-25 09:19:07.990 +07:00 [INF] Caching...
2026-07-25 09:19:08.031 +07:00 [INF] Caching: PromotionInfo
2026-07-25 09:19:08.032 +07:00 [INF] Caching...
2026-07-25 09:19:08.085 +07:00 [ERR] System.InvalidOperationException: There is an error in XML document (45, 20). ---> System.Xml.XmlException: 'gift_type' is an unexpected token. Expecting whitespace. Line 45, position 20.
   at System.Xml.XmlTextReaderImpl.Throw(Exception e)
   at System.Xml.XmlTextReaderImpl.Throw(String res, String arg)
   at System.Xml.XmlTextReaderImpl.ParseAttributes()
   at System.Xml.XmlTextReaderImpl.ParseElement()
   at System.Xml.XmlTextReaderImpl.ParseElementContent()
   at System.Xml.XmlTextReaderImpl.Read()
   at System.Xml.XmlTextReader.Read()
   at System.Xml.XmlReader.ReadStartElement()
   at Microsoft.Xml.Serialization.GeneratedAssembly.XmlSerializationReaderPromotionInfoDto.Read20_PromotionInfoDailyGiftDto(Boolean isNullable, Boolean checkType)
   at Microsoft.Xml.Serialization.GeneratedAssembly.XmlSerializationReaderPromotionInfoDto.Read22_PromotionInfoDto(Boolean isNullable, Boolean checkType)
   at Microsoft.Xml.Serialization.GeneratedAssembly.XmlSerializationReaderPromotionInfoDto.Read23_promotion_info()
   --- End of inner exception stack trace ---
   at System.Xml.Serialization.XmlSerializer.Deserialize(XmlReader xmlReader, String encodingStyle, XmlDeserializationEvents events)
   at System.Xml.Serialization.XmlSerializer.Deserialize(TextReader textReader)
   at NeoNetsphere.Resource.ResourceLoader.Deserialize[T](String fileName) in D:\Dera\Project\S4League-Netsphere\src\GameServer\Resource\ResourceLoader.cs:line 207
   at NeoNetsphere.Resource.ResourceLoader.LoadPromotionInfo() in D:\Dera\Project\S4League-Netsphere\src\GameServer\Resource\ResourceLoader.cs:line 2481
   at NeoNetsphere.Resource.ResourceCache.GetPromotionInfo() in D:\Dera\Project\S4League-Netsphere\src\GameServer\Resource\ResourceCache.cs:line 667
   at NeoNetsphere.Resource.ResourceCache.PreCache() in D:\Dera\Project\S4League-Netsphere\src\GameServer\Resource\ResourceCache.cs:line 135
   at NeoNetsphere.Network.GameServer.OnStarted() in D:\Dera\Project\S4League-Netsphere\src\GameServer\Network\GameServer.cs:line 711
   at ProudNetSrc.ProudServer.Listen(IPEndPoint tcpListener, IPAddress udpAddress, Int32[] udpListenerPorts) in D:\Dera\Project\S4League-Netsphere\src\ProudNetSrc\ProudServer.cs:line 160
   at NeoNetsphere.Program.Main() in D:\Dera\Project\S4League-Netsphere\src\GameServer\Program.cs:line 201
2026-07-25 09:19:47.423 +07:00 [INF] ============================================
2026-07-25 09:19:47.441 +07:00 [INF] Initializing GameServer build
2026-07-25 09:19:47.442 +07:00 [INF] New IDS
2026-07-25 09:19:47.442 +07:00 [INF] Latest S4
2026-07-25 09:19:47.442 +07:00 [INF] ============================================
2026-07-25 09:19:47.443 +07:00 [INF] Initializing Database
2026-07-25 09:19:47.446 +07:00 [INF] Initializing...
2026-07-25 09:19:47.778 +07:00 [INF] Initializing...
2026-07-25 09:19:47.782 +07:00 [INF] Starting Server
2026-07-25 09:19:47.783 +07:00 [INF] ____________________________________________
2026-07-25 09:19:47.783 +07:00 [INF] ____________________________________________
2026-07-25 09:19:47.783 +07:00 [INF] ============================================
2026-07-25 09:19:47.784 +07:00 [INF] Starting Serverinstances and ResourceCache..
2026-07-25 09:19:48.044 +07:00 [INF] Caching: Channels
2026-07-25 09:19:48.045 +07:00 [INF] Caching...
2026-07-25 09:19:48.060 +07:00 [INF] Caching: Clubs
2026-07-25 09:19:48.061 +07:00 [INF] Caching...
2026-07-25 09:19:48.091 +07:00 [INF] Starting - tcp=127.0.0.1:28004 udp=null udp-port=null
2026-07-25 09:19:48.145 +07:00 [INF] Starting - tcp=127.0.0.1:28005 udp=127.0.0.1 udp-port=null
2026-07-25 09:19:48.146 +07:00 [INF] Starting - tcp=127.0.0.1:28003 udp=null udp-port=null
2026-07-25 09:19:48.148 +07:00 [INF] Caching: Effects
2026-07-25 09:19:48.149 +07:00 [INF] Caching...
2026-07-25 09:19:48.192 +07:00 [INF] Caching: Items
2026-07-25 09:19:48.193 +07:00 [INF] Caching...
2026-07-25 09:19:48.312 +07:00 [INF] Caching: DefaultItems
2026-07-25 09:19:48.314 +07:00 [INF] Caching...
2026-07-25 09:19:48.329 +07:00 [INF] Caching: Shop
2026-07-25 09:19:48.329 +07:00 [INF] Caching...
2026-07-25 09:19:48.462 +07:00 [INF] Caching: Experience
2026-07-25 09:19:48.463 +07:00 [INF] Caching...
2026-07-25 09:19:48.470 +07:00 [INF] Caching: Maps
2026-07-25 09:19:48.471 +07:00 [INF] Caching...
2026-07-25 09:19:48.482 +07:00 [INF] Caching: GameTempos
2026-07-25 09:19:48.484 +07:00 [INF] Caching...
2026-07-25 09:19:48.502 +07:00 [INF] Caching: Capsules
2026-07-25 09:19:48.503 +07:00 [INF] Caching...
2026-07-25 09:19:48.560 +07:00 [INF] Caching: RandomShop
2026-07-25 09:19:48.563 +07:00 [INF] Caching...
2026-07-25 09:19:48.579 +07:00 [INF] Caching: CardSystem
2026-07-25 09:19:48.580 +07:00 [INF] Caching...
2026-07-25 09:19:48.594 +07:00 [INF] Caching: ExperienceBonus
2026-07-25 09:19:48.596 +07:00 [INF] Caching...
2026-07-25 09:19:48.603 +07:00 [INF] Caching: PointBonus
2026-07-25 09:19:48.604 +07:00 [INF] Caching...
2026-07-25 09:19:48.614 +07:00 [INF] Caching: MasterExperience
2026-07-25 09:19:48.615 +07:00 [INF] Caching...
2026-07-25 09:19:48.621 +07:00 [INF] Caching: BurningTime
2026-07-25 09:19:48.622 +07:00 [INF] Caching...
2026-07-25 09:19:48.632 +07:00 [INF] Caching: BurningTimePve
2026-07-25 09:19:48.633 +07:00 [INF] Caching...
2026-07-25 09:19:48.635 +07:00 [INF] Caching: EquipLimit
2026-07-25 09:19:48.636 +07:00 [INF] Caching...
2026-07-25 09:19:48.644 +07:00 [INF] Caching: RoomOption
2026-07-25 09:19:48.645 +07:00 [INF] Caching...
2026-07-25 09:19:48.657 +07:00 [INF] Caching: EnchantData
2026-07-25 09:19:48.659 +07:00 [INF] Caching...
2026-07-25 09:19:48.672 +07:00 [INF] Caching: EnchantList
2026-07-25 09:19:48.673 +07:00 [INF] Caching...
2026-07-25 09:19:48.682 +07:00 [INF] Caching: EnchantExtractKey
2026-07-25 09:19:48.683 +07:00 [INF] Caching...
2026-07-25 09:19:48.690 +07:00 [INF] Caching: EsperEnchantPrice
2026-07-25 09:19:48.691 +07:00 [INF] Caching...
2026-07-25 09:19:48.697 +07:00 [INF] Caching: ItemGrade
2026-07-25 09:19:48.698 +07:00 [INF] Caching...
2026-07-25 09:19:48.704 +07:00 [INF] Caching: CombineElement
2026-07-25 09:19:48.705 +07:00 [INF] Caching...
2026-07-25 09:19:48.710 +07:00 [INF] Caching: DecompositionElement
2026-07-25 09:19:48.711 +07:00 [INF] Caching...
2026-07-25 09:19:48.722 +07:00 [INF] Caching: SeizeModeNewInfo
2026-07-25 09:19:48.723 +07:00 [INF] Caching...
2026-07-25 09:19:48.738 +07:00 [INF] Caching: StadiumInfo
2026-07-25 09:19:48.740 +07:00 [INF] Caching...
2026-07-25 09:19:48.748 +07:00 [INF] Caching: DecompositionInfo
2026-07-25 09:19:48.749 +07:00 [INF] Caching...
2026-07-25 09:19:48.765 +07:00 [INF] Caching: CombinationInfo
2026-07-25 09:19:48.766 +07:00 [INF] Caching...
2026-07-25 09:19:48.788 +07:00 [INF] Caching: MissionInfo
2026-07-25 09:19:48.790 +07:00 [INF] Caching...
2026-07-25 09:19:48.800 +07:00 [INF] Caching: ArcadeRewardInfo
2026-07-25 09:19:48.802 +07:00 [INF] Caching...
2026-07-25 09:19:48.810 +07:00 [INF] Caching: ArcadeItemInfo
2026-07-25 09:19:48.812 +07:00 [INF] Caching...
2026-07-25 09:19:48.816 +07:00 [INF] Caching: ChallengeArcadeInfo
2026-07-25 09:19:48.818 +07:00 [INF] Caching...
2026-07-25 09:19:48.829 +07:00 [INF] Caching: TaskListInfo
2026-07-25 09:19:48.831 +07:00 [INF] Caching...
2026-07-25 09:19:48.873 +07:00 [INF] Caching: PromotionInfo
2026-07-25 09:19:48.876 +07:00 [INF] Caching...
2026-07-25 09:19:48.917 +07:00 [ERR] System.InvalidOperationException: There is an error in XML document (45, 20). ---> System.Xml.XmlException: 'gift_type' is an unexpected token. Expecting whitespace. Line 45, position 20.
   at System.Xml.XmlTextReaderImpl.Throw(Exception e)
   at System.Xml.XmlTextReaderImpl.Throw(String res, String arg)
   at System.Xml.XmlTextReaderImpl.ParseAttributes()
   at System.Xml.XmlTextReaderImpl.ParseElement()
   at System.Xml.XmlTextReaderImpl.ParseElementContent()
   at System.Xml.XmlTextReaderImpl.Read()
   at System.Xml.XmlTextReader.Read()
   at System.Xml.XmlReader.ReadStartElement()
   at Microsoft.Xml.Serialization.GeneratedAssembly.XmlSerializationReaderPromotionInfoDto.Read20_PromotionInfoDailyGiftDto(Boolean isNullable, Boolean checkType)
   at Microsoft.Xml.Serialization.GeneratedAssembly.XmlSerializationReaderPromotionInfoDto.Read22_PromotionInfoDto(Boolean isNullable, Boolean checkType)
   at Microsoft.Xml.Serialization.GeneratedAssembly.XmlSerializationReaderPromotionInfoDto.Read23_promotion_info()
   --- End of inner exception stack trace ---
   at System.Xml.Serialization.XmlSerializer.Deserialize(XmlReader xmlReader, String encodingStyle, XmlDeserializationEvents events)
   at System.Xml.Serialization.XmlSerializer.Deserialize(TextReader textReader)
   at NeoNetsphere.Resource.ResourceLoader.Deserialize[T](String fileName) in D:\Dera\Project\S4League-Netsphere\src\GameServer\Resource\ResourceLoader.cs:line 207
   at NeoNetsphere.Resource.ResourceLoader.LoadPromotionInfo() in D:\Dera\Project\S4League-Netsphere\src\GameServer\Resource\ResourceLoader.cs:line 2481
   at NeoNetsphere.Resource.ResourceCache.GetPromotionInfo() in D:\Dera\Project\S4League-Netsphere\src\GameServer\Resource\ResourceCache.cs:line 667
   at NeoNetsphere.Resource.ResourceCache.PreCache() in D:\Dera\Project\S4League-Netsphere\src\GameServer\Resource\ResourceCache.cs:line 135
   at NeoNetsphere.Network.GameServer.OnStarted() in D:\Dera\Project\S4League-Netsphere\src\GameServer\Network\GameServer.cs:line 711
   at ProudNetSrc.ProudServer.Listen(IPEndPoint tcpListener, IPAddress udpAddress, Int32[] udpListenerPorts) in D:\Dera\Project\S4League-Netsphere\src\ProudNetSrc\ProudServer.cs:line 160
   at NeoNetsphere.Program.Main() in D:\Dera\Project\S4League-Netsphere\src\GameServer\Program.cs:line 201
2026-07-25 09:22:20.531 +07:00 [INF] ============================================
2026-07-25 09:22:20.550 +07:00 [INF] Initializing GameServer build
2026-07-25 09:22:20.550 +07:00 [INF] New IDS
2026-07-25 09:22:20.550 +07:00 [INF] Latest S4
2026-07-25 09:22:20.551 +07:00 [INF] ============================================
2026-07-25 09:22:20.551 +07:00 [INF] Initializing Database
2026-07-25 09:22:20.554 +07:00 [INF] Initializing...
2026-07-25 09:22:20.886 +07:00 [INF] Initializing...
2026-07-25 09:22:20.889 +07:00 [INF] Starting Server
2026-07-25 09:22:20.890 +07:00 [INF] ____________________________________________
2026-07-25 09:22:20.890 +07:00 [INF] ____________________________________________
2026-07-25 09:22:20.890 +07:00 [INF] ============================================
2026-07-25 09:22:20.891 +07:00 [INF] Starting Serverinstances and ResourceCache..
2026-07-25 09:22:21.230 +07:00 [INF] Caching: Channels
2026-07-25 09:22:21.231 +07:00 [INF] Caching...
2026-07-25 09:22:21.247 +07:00 [INF] Caching: Clubs
2026-07-25 09:22:21.248 +07:00 [INF] Caching...
2026-07-25 09:22:21.281 +07:00 [INF] Starting - tcp=127.0.0.1:28004 udp=null udp-port=null
2026-07-25 09:22:21.334 +07:00 [INF] Starting - tcp=127.0.0.1:28005 udp=127.0.0.1 udp-port=null
2026-07-25 09:22:21.335 +07:00 [INF] Starting - tcp=127.0.0.1:28003 udp=null udp-port=null
2026-07-25 09:22:21.337 +07:00 [INF] Caching: Effects
2026-07-25 09:22:21.338 +07:00 [INF] Caching...
2026-07-25 09:22:21.413 +07:00 [ERR] System.InvalidOperationException: There is an error in XML document (1, 50). ---> System.Xml.XmlException: Syntax for an XML declaration is invalid. Line 1, position 50.
   at System.Xml.XmlTextReaderImpl.Throw(Exception e)
   at System.Xml.XmlTextReaderImpl.ParseXmlDeclaration(Boolean isTextDecl)
   at System.Xml.XmlTextReaderImpl.Read()
   at System.Xml.XmlTextReader.Read()
   at System.Xml.XmlReader.MoveToContent()
   at Microsoft.Xml.Serialization.GeneratedAssembly.XmlSerializationReaderStringTableDto.Read4_string_table()
   --- End of inner exception stack trace ---
   at System.Xml.Serialization.XmlSerializer.Deserialize(XmlReader xmlReader, String encodingStyle, XmlDeserializationEvents events)
   at System.Xml.Serialization.XmlSerializer.Deserialize(TextReader textReader)
   at NeoNetsphere.Resource.ResourceLoader.Deserialize[T](String fileName) in D:\Dera\Project\S4League-Netsphere\src\GameServer\Resource\ResourceLoader.cs:line 209
   at NeoNetsphere.Resource.ResourceLoader.LoadEffects()+MoveNext() in D:\Dera\Project\S4League-Netsphere\src\GameServer\Resource\ResourceLoader.cs:line 109
   at System.Linq.Enumerable.ToDictionary[TSource,TKey](IEnumerable`1 source, Func`2 keySelector, IEqualityComparer`1 comparer)
   at NeoNetsphere.Resource.ResourceCache.GetEffects() in D:\Dera\Project\S4League-Netsphere\src\GameServer\Resource\ResourceCache.cs:line 215
   at NeoNetsphere.Resource.ResourceCache.PreCache() in D:\Dera\Project\S4League-Netsphere\src\GameServer\Resource\ResourceCache.cs:line 36
   at NeoNetsphere.Network.GameServer.OnStarted() in D:\Dera\Project\S4League-Netsphere\src\GameServer\Network\GameServer.cs:line 711
   at ProudNetSrc.ProudServer.Listen(IPEndPoint tcpListener, IPAddress udpAddress, Int32[] udpListenerPorts) in D:\Dera\Project\S4League-Netsphere\src\ProudNetSrc\ProudServer.cs:line 160
   at NeoNetsphere.Program.Main() in D:\Dera\Project\S4League-Netsphere\src\GameServer\Program.cs:line 201
2026-07-25 09:22:40.640 +07:00 [INF] ============================================
2026-07-25 09:22:40.657 +07:00 [INF] Initializing GameServer build
2026-07-25 09:22:40.657 +07:00 [INF] New IDS
2026-07-25 09:22:40.658 +07:00 [INF] Latest S4
2026-07-25 09:22:40.658 +07:00 [INF] ============================================
2026-07-25 09:22:40.658 +07:00 [INF] Initializing Database
2026-07-25 09:22:40.661 +07:00 [INF] Initializing...
2026-07-25 09:22:40.984 +07:00 [INF] Initializing...
2026-07-25 09:22:40.988 +07:00 [INF] Starting Server
2026-07-25 09:22:40.988 +07:00 [INF] ____________________________________________
2026-07-25 09:22:40.989 +07:00 [INF] ____________________________________________
2026-07-25 09:22:40.989 +07:00 [INF] ============================================
2026-07-25 09:22:40.989 +07:00 [INF] Starting Serverinstances and ResourceCache..
2026-07-25 09:22:41.252 +07:00 [INF] Caching: Channels
2026-07-25 09:22:41.253 +07:00 [INF] Caching...
2026-07-25 09:22:41.267 +07:00 [INF] Caching: Clubs
2026-07-25 09:22:41.269 +07:00 [INF] Caching...
2026-07-25 09:22:41.296 +07:00 [INF] Starting - tcp=127.0.0.1:28004 udp=null udp-port=null
2026-07-25 09:22:41.347 +07:00 [INF] Starting - tcp=127.0.0.1:28005 udp=127.0.0.1 udp-port=null
2026-07-25 09:22:41.349 +07:00 [INF] Starting - tcp=127.0.0.1:28003 udp=null udp-port=null
2026-07-25 09:22:41.351 +07:00 [INF] Caching: Effects
2026-07-25 09:22:41.352 +07:00 [INF] Caching...
2026-07-25 09:22:41.414 +07:00 [ERR] System.InvalidOperationException: There is an error in XML document (1, 50). ---> System.Xml.XmlException: Syntax for an XML declaration is invalid. Line 1, position 50.
   at System.Xml.XmlTextReaderImpl.Throw(Exception e)
   at System.Xml.XmlTextReaderImpl.ParseXmlDeclaration(Boolean isTextDecl)
   at System.Xml.XmlTextReaderImpl.Read()
   at System.Xml.XmlTextReader.Read()
   at System.Xml.XmlReader.MoveToContent()
   at Microsoft.Xml.Serialization.GeneratedAssembly.XmlSerializationReaderStringTableDto.Read4_string_table()
   --- End of inner exception stack trace ---
   at System.Xml.Serialization.XmlSerializer.Deserialize(XmlReader xmlReader, String encodingStyle, XmlDeserializationEvents events)
   at System.Xml.Serialization.XmlSerializer.Deserialize(TextReader textReader)
   at NeoNetsphere.Resource.ResourceLoader.Deserialize[T](String fileName) in D:\Dera\Project\S4League-Netsphere\src\GameServer\Resource\ResourceLoader.cs:line 209
   at NeoNetsphere.Resource.ResourceLoader.LoadEffects()+MoveNext() in D:\Dera\Project\S4League-Netsphere\src\GameServer\Resource\ResourceLoader.cs:line 109
   at System.Linq.Enumerable.ToDictionary[TSource,TKey](IEnumerable`1 source, Func`2 keySelector, IEqualityComparer`1 comparer)
   at NeoNetsphere.Resource.ResourceCache.GetEffects() in D:\Dera\Project\S4League-Netsphere\src\GameServer\Resource\ResourceCache.cs:line 215
   at NeoNetsphere.Resource.ResourceCache.PreCache() in D:\Dera\Project\S4League-Netsphere\src\GameServer\Resource\ResourceCache.cs:line 36
   at NeoNetsphere.Network.GameServer.OnStarted() in D:\Dera\Project\S4League-Netsphere\src\GameServer\Network\GameServer.cs:line 711
   at ProudNetSrc.ProudServer.Listen(IPEndPoint tcpListener, IPAddress udpAddress, Int32[] udpListenerPorts) in D:\Dera\Project\S4League-Netsphere\src\ProudNetSrc\ProudServer.cs:line 160
   at NeoNetsphere.Program.Main() in D:\Dera\Project\S4League-Netsphere\src\GameServer\Program.cs:line 201
2026-07-25 09:34:34.138 +07:00 [INF] ============================================
2026-07-25 09:34:34.154 +07:00 [INF] Initializing GameServer build
2026-07-25 09:34:34.155 +07:00 [INF] New IDS
2026-07-25 09:34:34.155 +07:00 [INF] Latest S4
2026-07-25 09:34:34.156 +07:00 [INF] ============================================
2026-07-25 09:34:34.156 +07:00 [INF] Initializing Database
2026-07-25 09:34:34.160 +07:00 [INF] Initializing...
2026-07-25 09:34:34.465 +07:00 [INF] Initializing...
2026-07-25 09:34:34.469 +07:00 [INF] Starting Server
2026-07-25 09:34:34.469 +07:00 [INF] ____________________________________________
2026-07-25 09:34:34.470 +07:00 [INF] ____________________________________________
2026-07-25 09:34:34.470 +07:00 [INF] ============================================
2026-07-25 09:34:34.471 +07:00 [INF] Starting Serverinstances and ResourceCache..
2026-07-25 09:34:34.781 +07:00 [INF] Caching: Channels
2026-07-25 09:34:34.782 +07:00 [INF] Caching...
2026-07-25 09:34:34.795 +07:00 [INF] Caching: Clubs
2026-07-25 09:34:34.796 +07:00 [INF] Caching...
2026-07-25 09:34:34.821 +07:00 [INF] Starting - tcp=127.0.0.1:28004 udp=null udp-port=null
2026-07-25 09:34:34.868 +07:00 [INF] Starting - tcp=127.0.0.1:28005 udp=127.0.0.1 udp-port=null
2026-07-25 09:34:34.869 +07:00 [INF] Starting - tcp=127.0.0.1:28003 udp=null udp-port=null
2026-07-25 09:34:34.871 +07:00 [INF] Caching: Effects
2026-07-25 09:34:34.872 +07:00 [INF] Caching...
2026-07-25 09:34:34.911 +07:00 [INF] Caching: Items
2026-07-25 09:34:34.912 +07:00 [INF] Caching...
2026-07-25 09:34:34.998 +07:00 [INF] Caching: DefaultItems
2026-07-25 09:34:35.000 +07:00 [INF] Caching...
2026-07-25 09:34:35.007 +07:00 [INF] Caching: Shop
2026-07-25 09:34:35.008 +07:00 [INF] Caching...
2026-07-25 09:34:35.088 +07:00 [INF] Caching: Experience
2026-07-25 09:34:35.089 +07:00 [INF] Caching...
2026-07-25 09:34:35.094 +07:00 [INF] Caching: Maps
2026-07-25 09:34:35.095 +07:00 [INF] Caching...
2026-07-25 09:34:35.105 +07:00 [INF] Caching: GameTempos
2026-07-25 09:34:35.106 +07:00 [INF] Caching...
2026-07-25 09:34:35.122 +07:00 [INF] Caching: Capsules
2026-07-25 09:34:35.123 +07:00 [INF] Caching...
2026-07-25 09:34:35.165 +07:00 [INF] Caching: RandomShop
2026-07-25 09:34:35.166 +07:00 [INF] Caching...
2026-07-25 09:34:35.174 +07:00 [INF] Caching: CardSystem
2026-07-25 09:34:35.175 +07:00 [INF] Caching...
2026-07-25 09:34:35.194 +07:00 [INF] Caching: ExperienceBonus
2026-07-25 09:34:35.195 +07:00 [INF] Caching...
2026-07-25 09:34:35.201 +07:00 [INF] Caching: PointBonus
2026-07-25 09:34:35.202 +07:00 [INF] Caching...
2026-07-25 09:34:35.210 +07:00 [INF] Caching: MasterExperience
2026-07-25 09:34:35.211 +07:00 [INF] Caching...
2026-07-25 09:34:35.216 +07:00 [INF] Caching: BurningTime
2026-07-25 09:34:35.216 +07:00 [INF] Caching...
2026-07-25 09:34:35.226 +07:00 [INF] Caching: BurningTimePve
2026-07-25 09:34:35.227 +07:00 [INF] Caching...
2026-07-25 09:34:35.227 +07:00 [INF] Caching: EquipLimit
2026-07-25 09:34:35.228 +07:00 [INF] Caching...
2026-07-25 09:34:35.236 +07:00 [INF] Caching: RoomOption
2026-07-25 09:34:35.236 +07:00 [INF] Caching...
2026-07-25 09:34:35.248 +07:00 [INF] Caching: EnchantData
2026-07-25 09:34:35.249 +07:00 [INF] Caching...
2026-07-25 09:34:35.261 +07:00 [INF] Caching: EnchantList
2026-07-25 09:34:35.262 +07:00 [INF] Caching...
2026-07-25 09:34:35.269 +07:00 [INF] Caching: EnchantExtractKey
2026-07-25 09:34:35.270 +07:00 [INF] Caching...
2026-07-25 09:34:35.276 +07:00 [INF] Caching: EsperEnchantPrice
2026-07-25 09:34:35.276 +07:00 [INF] Caching...
2026-07-25 09:34:35.282 +07:00 [INF] Caching: ItemGrade
2026-07-25 09:34:35.282 +07:00 [INF] Caching...
2026-07-25 09:34:35.287 +07:00 [INF] Caching: CombineElement
2026-07-25 09:34:35.288 +07:00 [INF] Caching...
2026-07-25 09:34:35.292 +07:00 [INF] Caching: DecompositionElement
2026-07-25 09:34:35.293 +07:00 [INF] Caching...
2026-07-25 09:34:35.297 +07:00 [INF] Caching: SeizeModeNewInfo
2026-07-25 09:34:35.298 +07:00 [INF] Caching...
2026-07-25 09:34:35.311 +07:00 [INF] Caching: StadiumInfo
2026-07-25 09:34:35.312 +07:00 [INF] Caching...
2026-07-25 09:34:35.319 +07:00 [INF] Caching: DecompositionInfo
2026-07-25 09:34:35.320 +07:00 [INF] Caching...
2026-07-25 09:34:35.337 +07:00 [INF] Caching: CombinationInfo
2026-07-25 09:34:35.338 +07:00 [INF] Caching...
2026-07-25 09:34:35.353 +07:00 [INF] Caching: MissionInfo
2026-07-25 09:34:35.353 +07:00 [INF] Caching...
2026-07-25 09:34:35.362 +07:00 [INF] Caching: ArcadeRewardInfo
2026-07-25 09:34:35.363 +07:00 [INF] Caching...
2026-07-25 09:34:35.369 +07:00 [INF] Caching: ArcadeItemInfo
2026-07-25 09:34:35.369 +07:00 [INF] Caching...
2026-07-25 09:34:35.373 +07:00 [INF] Caching: ChallengeArcadeInfo
2026-07-25 09:34:35.374 +07:00 [INF] Caching...
2026-07-25 09:34:35.384 +07:00 [INF] Caching: TaskListInfo
2026-07-25 09:34:35.385 +07:00 [INF] Caching...
2026-07-25 09:34:35.419 +07:00 [INF] Caching: PromotionInfo
2026-07-25 09:34:35.420 +07:00 [INF] Caching...
2026-07-25 09:34:35.469 +07:00 [ERR] System.TypeInitializationException: The type initializer for 'NeoNetsphere.Resource.ResourceLoader' threw an exception. ---> System.ArgumentException: parsing '"[^"]*")([a-zA-Z_])' - Too many )'s.
   at System.Text.RegularExpressions.RegexParser.ScanRegex()
   at System.Text.RegularExpressions.RegexParser.Parse(String re, RegexOptions op)
   at System.Text.RegularExpressions.Regex..ctor(String pattern, RegexOptions options, TimeSpan matchTimeout, Boolean addToCache)
   at System.Text.RegularExpressions.Regex..ctor(String pattern, RegexOptions options)
   at NeoNetsphere.Resource.ResourceLoader..cctor() in D:\Dera\Project\S4League-Netsphere\src\GameServer\Resource\ResourceLoader.cs:line 199
   --- End of inner exception stack trace ---
   at NeoNetsphere.Resource.ResourceLoader.Deserialize[T](String fileName) in D:\Dera\Project\S4League-Netsphere\src\GameServer\Resource\ResourceLoader.cs:line 203
   at NeoNetsphere.Resource.ResourceLoader.LoadPromotionInfo() in D:\Dera\Project\S4League-Netsphere\src\GameServer\Resource\ResourceLoader.cs:line 2494
   at NeoNetsphere.Resource.ResourceCache.GetPromotionInfo() in D:\Dera\Project\S4League-Netsphere\src\GameServer\Resource\ResourceCache.cs:line 667
   at NeoNetsphere.Resource.ResourceCache.PreCache() in D:\Dera\Project\S4League-Netsphere\src\GameServer\Resource\ResourceCache.cs:line 135
   at NeoNetsphere.Network.GameServer.OnStarted() in D:\Dera\Project\S4League-Netsphere\src\GameServer\Network\GameServer.cs:line 711
   at ProudNetSrc.ProudServer.Listen(IPEndPoint tcpListener, IPAddress udpAddress, Int32[] udpListenerPorts) in D:\Dera\Project\S4League-Netsphere\src\ProudNetSrc\ProudServer.cs:line 160
   at NeoNetsphere.Program.Main() in D:\Dera\Project\S4League-Netsphere\src\GameServer\Program.cs:line 201
2026-07-25 09:36:28.867 +07:00 [INF] ============================================
2026-07-25 09:36:28.885 +07:00 [INF] Initializing GameServer build
2026-07-25 09:36:28.885 +07:00 [INF] New IDS
2026-07-25 09:36:28.886 +07:00 [INF] Latest S4
2026-07-25 09:36:28.886 +07:00 [INF] ============================================
2026-07-25 09:36:28.887 +07:00 [INF] Initializing Database
2026-07-25 09:36:28.890 +07:00 [INF] Initializing...
2026-07-25 09:36:29.207 +07:00 [INF] Initializing...
2026-07-25 09:36:29.210 +07:00 [INF] Starting Server
2026-07-25 09:36:29.210 +07:00 [INF] ____________________________________________
2026-07-25 09:36:29.211 +07:00 [INF] ____________________________________________
2026-07-25 09:36:29.211 +07:00 [INF] ============================================
2026-07-25 09:36:29.211 +07:00 [INF] Starting Serverinstances and ResourceCache..
2026-07-25 09:36:29.538 +07:00 [INF] Caching: Channels
2026-07-25 09:36:29.539 +07:00 [INF] Caching...
2026-07-25 09:36:29.553 +07:00 [INF] Caching: Clubs
2026-07-25 09:36:29.554 +07:00 [INF] Caching...
2026-07-25 09:36:29.579 +07:00 [INF] Starting - tcp=127.0.0.1:28004 udp=null udp-port=null
2026-07-25 09:36:29.631 +07:00 [INF] Starting - tcp=127.0.0.1:28005 udp=127.0.0.1 udp-port=null
2026-07-25 09:36:29.633 +07:00 [INF] Starting - tcp=127.0.0.1:28003 udp=null udp-port=null
2026-07-25 09:36:29.635 +07:00 [INF] Caching: Effects
2026-07-25 09:36:29.636 +07:00 [INF] Caching...
2026-07-25 09:36:29.675 +07:00 [INF] Caching: Items
2026-07-25 09:36:29.676 +07:00 [INF] Caching...
2026-07-25 09:36:29.763 +07:00 [INF] Caching: DefaultItems
2026-07-25 09:36:29.764 +07:00 [INF] Caching...
2026-07-25 09:36:29.773 +07:00 [INF] Caching: Shop
2026-07-25 09:36:29.774 +07:00 [INF] Caching...
2026-07-25 09:36:29.858 +07:00 [INF] Caching: Experience
2026-07-25 09:36:29.860 +07:00 [INF] Caching...
2026-07-25 09:36:29.865 +07:00 [INF] Caching: Maps
2026-07-25 09:36:29.866 +07:00 [INF] Caching...
2026-07-25 09:36:29.877 +07:00 [INF] Caching: GameTempos
2026-07-25 09:36:29.878 +07:00 [INF] Caching...
2026-07-25 09:36:29.895 +07:00 [INF] Caching: Capsules
2026-07-25 09:36:29.896 +07:00 [INF] Caching...
2026-07-25 09:36:29.942 +07:00 [INF] Caching: RandomShop
2026-07-25 09:36:29.943 +07:00 [INF] Caching...
2026-07-25 09:36:29.952 +07:00 [INF] Caching: CardSystem
2026-07-25 09:36:29.953 +07:00 [INF] Caching...
2026-07-25 09:36:29.974 +07:00 [INF] Caching: ExperienceBonus
2026-07-25 09:36:29.975 +07:00 [INF] Caching...
2026-07-25 09:36:29.982 +07:00 [INF] Caching: PointBonus
2026-07-25 09:36:29.983 +07:00 [INF] Caching...
2026-07-25 09:36:29.993 +07:00 [INF] Caching: MasterExperience
2026-07-25 09:36:29.994 +07:00 [INF] Caching...
2026-07-25 09:36:29.999 +07:00 [INF] Caching: BurningTime
2026-07-25 09:36:30.000 +07:00 [INF] Caching...
2026-07-25 09:36:30.010 +07:00 [INF] Caching: BurningTimePve
2026-07-25 09:36:30.011 +07:00 [INF] Caching...
2026-07-25 09:36:30.012 +07:00 [INF] Caching: EquipLimit
2026-07-25 09:36:30.012 +07:00 [INF] Caching...
2026-07-25 09:36:30.021 +07:00 [INF] Caching: RoomOption
2026-07-25 09:36:30.021 +07:00 [INF] Caching...
2026-07-25 09:36:30.034 +07:00 [INF] Caching: EnchantData
2026-07-25 09:36:30.035 +07:00 [INF] Caching...
2026-07-25 09:36:30.047 +07:00 [INF] Caching: EnchantList
2026-07-25 09:36:30.047 +07:00 [INF] Caching...
2026-07-25 09:36:30.055 +07:00 [INF] Caching: EnchantExtractKey
2026-07-25 09:36:30.056 +07:00 [INF] Caching...
2026-07-25 09:36:30.062 +07:00 [INF] Caching: EsperEnchantPrice
2026-07-25 09:36:30.063 +07:00 [INF] Caching...
2026-07-25 09:36:30.068 +07:00 [INF] Caching: ItemGrade
2026-07-25 09:36:30.069 +07:00 [INF] Caching...
2026-07-25 09:36:30.074 +07:00 [INF] Caching: CombineElement
2026-07-25 09:36:30.075 +07:00 [INF] Caching...
2026-07-25 09:36:30.080 +07:00 [INF] Caching: DecompositionElement
2026-07-25 09:36:30.081 +07:00 [INF] Caching...
2026-07-25 09:36:30.085 +07:00 [INF] Caching: SeizeModeNewInfo
2026-07-25 09:36:30.086 +07:00 [INF] Caching...
2026-07-25 09:36:30.100 +07:00 [INF] Caching: StadiumInfo
2026-07-25 09:36:30.100 +07:00 [INF] Caching...
2026-07-25 09:36:30.108 +07:00 [INF] Caching: DecompositionInfo
2026-07-25 09:36:30.109 +07:00 [INF] Caching...
2026-07-25 09:36:30.126 +07:00 [INF] Caching: CombinationInfo
2026-07-25 09:36:30.127 +07:00 [INF] Caching...
2026-07-25 09:36:30.142 +07:00 [INF] Caching: MissionInfo
2026-07-25 09:36:30.143 +07:00 [INF] Caching...
2026-07-25 09:36:30.152 +07:00 [INF] Caching: ArcadeRewardInfo
2026-07-25 09:36:30.152 +07:00 [INF] Caching...
2026-07-25 09:36:30.159 +07:00 [INF] Caching: ArcadeItemInfo
2026-07-25 09:36:30.159 +07:00 [INF] Caching...
2026-07-25 09:36:30.163 +07:00 [INF] Caching: ChallengeArcadeInfo
2026-07-25 09:36:30.164 +07:00 [INF] Caching...
2026-07-25 09:36:30.173 +07:00 [INF] Caching: TaskListInfo
2026-07-25 09:36:30.174 +07:00 [INF] Caching...
2026-07-25 09:36:30.209 +07:00 [INF] Caching: PromotionInfo
2026-07-25 09:36:30.211 +07:00 [INF] Caching...
2026-07-25 09:36:30.265 +07:00 [INF] Caching: MakeCharacterInfo
2026-07-25 09:36:30.267 +07:00 [INF] Caching...
2026-07-25 09:36:30.311 +07:00 [INF] Caching: SupportItemInfo
2026-07-25 09:36:30.312 +07:00 [INF] Caching...
2026-07-25 09:36:30.320 +07:00 [INF] Starting Web Api
2026-07-25 09:36:30.336 +07:00 [INF] Serverinstances successfully started, ready for connections!
2026-07-25 09:36:30.337 +07:00 [INF] ____________________________________________________________
2026-07-25 09:36:30.434 +07:00 [INF] Connected to authserver
2026-07-25 09:37:30.452 +07:00 [ERR] System.IO.DirectoryNotFoundException: Could not find a part of the path 'C:\xampp\htdocs\playercount.txt'.
   at System.IO.FileStream.ValidateFileHandle(SafeFileHandle fileHandle)
   at System.IO.FileStream.CreateFileOpenHandle(FileMode mode, FileShare share, FileOptions options)
   at System.IO.FileStream..ctor(String path, FileMode mode, FileAccess access, FileShare share, Int32 bufferSize, FileOptions options)
   at NeoNetsphere.Network.GameServer.Worker2(TimeSpan deltax) in D:\Dera\Project\S4League-Netsphere\src\GameServer\Network\GameServer.cs:line 354
   at BlubLib.Threading.ThreadLoop.OnTick(TimeSpan elapsed)
   at BlubLib.Threading.ThreadLoopBase.InternalLoop()
   at System.Threading.Thread.ThreadMain_ThreadStart()
   at System.Threading.ExecutionContext.RunInternal(ExecutionContext executionContext, ContextCallback callback, Object state)
--- End of stack trace from previous location where exception was thrown ---
   at System.Runtime.ExceptionServices.ExceptionDispatchInfo.Throw()
2026-07-25 09:39:08.518 +07:00 [INF] ============================================
2026-07-25 09:39:08.535 +07:00 [INF] Initializing GameServer build
2026-07-25 09:39:08.536 +07:00 [INF] New IDS
2026-07-25 09:39:08.537 +07:00 [INF] Latest S4
2026-07-25 09:39:08.537 +07:00 [INF] ============================================
2026-07-25 09:39:08.538 +07:00 [INF] Initializing Database
2026-07-25 09:39:08.541 +07:00 [INF] Initializing...
2026-07-25 09:39:08.858 +07:00 [INF] Initializing...
2026-07-25 09:39:08.861 +07:00 [INF] Starting Server
2026-07-25 09:39:08.861 +07:00 [INF] ____________________________________________
2026-07-25 09:39:08.862 +07:00 [INF] ____________________________________________
2026-07-25 09:39:08.862 +07:00 [INF] ============================================
2026-07-25 09:39:08.863 +07:00 [INF] Starting Serverinstances and ResourceCache..
2026-07-25 09:39:09.113 +07:00 [INF] Caching: Channels
2026-07-25 09:39:09.113 +07:00 [INF] Caching...
2026-07-25 09:39:09.127 +07:00 [INF] Caching: Clubs
2026-07-25 09:39:09.128 +07:00 [INF] Caching...
2026-07-25 09:39:09.154 +07:00 [INF] Starting - tcp=127.0.0.1:28004 udp=null udp-port=null
2026-07-25 09:39:09.205 +07:00 [INF] Starting - tcp=127.0.0.1:28005 udp=127.0.0.1 udp-port=null
2026-07-25 09:39:09.206 +07:00 [INF] Starting - tcp=127.0.0.1:28003 udp=null udp-port=null
2026-07-25 09:39:09.208 +07:00 [INF] Caching: Effects
2026-07-25 09:39:09.209 +07:00 [INF] Caching...
2026-07-25 09:39:09.251 +07:00 [INF] Caching: Items
2026-07-25 09:39:09.252 +07:00 [INF] Caching...
2026-07-25 09:39:09.336 +07:00 [INF] Caching: DefaultItems
2026-07-25 09:39:09.337 +07:00 [INF] Caching...
2026-07-25 09:39:09.344 +07:00 [INF] Caching: Shop
2026-07-25 09:39:09.345 +07:00 [INF] Caching...
2026-07-25 09:39:09.429 +07:00 [INF] Caching: Experience
2026-07-25 09:39:09.430 +07:00 [INF] Caching...
2026-07-25 09:39:09.435 +07:00 [INF] Caching: Maps
2026-07-25 09:39:09.436 +07:00 [INF] Caching...
2026-07-25 09:39:09.447 +07:00 [INF] Caching: GameTempos
2026-07-25 09:39:09.448 +07:00 [INF] Caching...
2026-07-25 09:39:09.466 +07:00 [INF] Caching: Capsules
2026-07-25 09:39:09.467 +07:00 [INF] Caching...
2026-07-25 09:39:09.512 +07:00 [INF] Caching: RandomShop
2026-07-25 09:39:09.513 +07:00 [INF] Caching...
2026-07-25 09:39:09.521 +07:00 [INF] Caching: CardSystem
2026-07-25 09:39:09.521 +07:00 [INF] Caching...
2026-07-25 09:39:09.543 +07:00 [INF] Caching: ExperienceBonus
2026-07-25 09:39:09.544 +07:00 [INF] Caching...
2026-07-25 09:39:09.550 +07:00 [INF] Caching: PointBonus
2026-07-25 09:39:09.551 +07:00 [INF] Caching...
2026-07-25 09:39:09.560 +07:00 [INF] Caching: MasterExperience
2026-07-25 09:39:09.561 +07:00 [INF] Caching...
2026-07-25 09:39:09.566 +07:00 [INF] Caching: BurningTime
2026-07-25 09:39:09.566 +07:00 [INF] Caching...
2026-07-25 09:39:09.577 +07:00 [INF] Caching: BurningTimePve
2026-07-25 09:39:09.578 +07:00 [INF] Caching...
2026-07-25 09:39:09.579 +07:00 [INF] Caching: EquipLimit
2026-07-25 09:39:09.580 +07:00 [INF] Caching...
2026-07-25 09:39:09.588 +07:00 [INF] Caching: RoomOption
2026-07-25 09:39:09.589 +07:00 [INF] Caching...
2026-07-25 09:39:09.601 +07:00 [INF] Caching: EnchantData
2026-07-25 09:39:09.602 +07:00 [INF] Caching...
2026-07-25 09:39:09.614 +07:00 [INF] Caching: EnchantList
2026-07-25 09:39:09.615 +07:00 [INF] Caching...
2026-07-25 09:39:09.623 +07:00 [INF] Caching: EnchantExtractKey
2026-07-25 09:39:09.623 +07:00 [INF] Caching...
2026-07-25 09:39:09.629 +07:00 [INF] Caching: EsperEnchantPrice
2026-07-25 09:39:09.630 +07:00 [INF] Caching...
2026-07-25 09:39:09.636 +07:00 [INF] Caching: ItemGrade
2026-07-25 09:39:09.636 +07:00 [INF] Caching...
2026-07-25 09:39:09.642 +07:00 [INF] Caching: CombineElement
2026-07-25 09:39:09.643 +07:00 [INF] Caching...
2026-07-25 09:39:09.647 +07:00 [INF] Caching: DecompositionElement
2026-07-25 09:39:09.648 +07:00 [INF] Caching...
2026-07-25 09:39:09.653 +07:00 [INF] Caching: SeizeModeNewInfo
2026-07-25 09:39:09.654 +07:00 [INF] Caching...
2026-07-25 09:39:09.667 +07:00 [INF] Caching: StadiumInfo
2026-07-25 09:39:09.668 +07:00 [INF] Caching...
2026-07-25 09:39:09.676 +07:00 [INF] Caching: DecompositionInfo
2026-07-25 09:39:09.677 +07:00 [INF] Caching...
2026-07-25 09:39:09.695 +07:00 [INF] Caching: CombinationInfo
2026-07-25 09:39:09.696 +07:00 [INF] Caching...
2026-07-25 09:39:09.711 +07:00 [INF] Caching: MissionInfo
2026-07-25 09:39:09.712 +07:00 [INF] Caching...
2026-07-25 09:39:09.721 +07:00 [INF] Caching: ArcadeRewardInfo
2026-07-25 09:39:09.721 +07:00 [INF] Caching...
2026-07-25 09:39:09.728 +07:00 [INF] Caching: ArcadeItemInfo
2026-07-25 09:39:09.729 +07:00 [INF] Caching...
2026-07-25 09:39:09.733 +07:00 [INF] Caching: ChallengeArcadeInfo
2026-07-25 09:39:09.734 +07:00 [INF] Caching...
2026-07-25 09:39:09.744 +07:00 [INF] Caching: TaskListInfo
2026-07-25 09:39:09.744 +07:00 [INF] Caching...
2026-07-25 09:39:09.779 +07:00 [INF] Caching: PromotionInfo
2026-07-25 09:39:09.780 +07:00 [INF] Caching...
2026-07-25 09:39:09.837 +07:00 [INF] Caching: MakeCharacterInfo
2026-07-25 09:39:09.838 +07:00 [INF] Caching...
2026-07-25 09:39:09.868 +07:00 [INF] Caching: SupportItemInfo
2026-07-25 09:39:09.869 +07:00 [INF] Caching...
2026-07-25 09:39:09.875 +07:00 [INF] Starting Web Api
2026-07-25 09:39:09.877 +07:00 [INF] Serverinstances successfully started, ready for connections!
2026-07-25 09:39:09.877 +07:00 [INF] ____________________________________________________________
2026-07-25 09:39:09.892 +07:00 [INF] Connected to authserver
2026-07-25 09:52:09.605 +07:00 [WRN] Lost connection to authserver.
2026-07-25 09:52:14.349 +07:00 [ERR] Failed to connect authserver on endpoint 127.0.0.1:27000.
2026-07-25 09:52:19.161 +07:00 [ERR] Failed to connect authserver on endpoint 127.0.0.1:27000.
2026-07-25 09:52:23.957 +07:00 [ERR] Failed to connect authserver on endpoint 127.0.0.1:27000.
2026-07-25 09:52:28.754 +07:00 [ERR] Failed to connect authserver on endpoint 127.0.0.1:27000.
2026-07-25 09:52:33.542 +07:00 [ERR] Failed to connect authserver on endpoint 127.0.0.1:27000.
2026-07-25 09:52:38.368 +07:00 [ERR] Failed to connect authserver on endpoint 127.0.0.1:27000.
2026-07-25 09:52:43.178 +07:00 [ERR] Failed to connect authserver on endpoint 127.0.0.1:27000.
2026-07-25 09:52:47.968 +07:00 [ERR] Failed to connect authserver on endpoint 127.0.0.1:27000.
2026-07-25 09:52:52.767 +07:00 [ERR] Failed to connect authserver on endpoint 127.0.0.1:27000.
2026-07-25 09:52:57.541 +07:00 [ERR] Failed to connect authserver on endpoint 127.0.0.1:27000.
2026-07-25 09:53:02.382 +07:00 [ERR] Failed to connect authserver on endpoint 127.0.0.1:27000.
2026-07-25 09:53:07.191 +07:00 [ERR] Failed to connect authserver on endpoint 127.0.0.1:27000.
2026-07-25 09:53:11.997 +07:00 [ERR] Failed to connect authserver on endpoint 127.0.0.1:27000.
2026-07-25 09:53:16.807 +07:00 [ERR] Failed to connect authserver on endpoint 127.0.0.1:27000.
2026-07-25 09:53:21.608 +07:00 [ERR] Failed to connect authserver on endpoint 127.0.0.1:27000.
2026-07-25 09:53:26.367 +07:00 [ERR] Failed to connect authserver on endpoint 127.0.0.1:27000.
2026-07-25 09:53:31.195 +07:00 [ERR] Failed to connect authserver on endpoint 127.0.0.1:27000.
2026-07-25 09:53:35.995 +07:00 [ERR] Failed to connect authserver on endpoint 127.0.0.1:27000.
2026-07-25 09:53:40.809 +07:00 [ERR] Failed to connect authserver on endpoint 127.0.0.1:27000.
2026-07-25 09:53:45.604 +07:00 [ERR] Failed to connect authserver on endpoint 127.0.0.1:27000.
2026-07-25 09:53:50.407 +07:00 [ERR] Failed to connect authserver on endpoint 127.0.0.1:27000.
2026-07-25 09:53:55.214 +07:00 [ERR] Failed to connect authserver on endpoint 127.0.0.1:27000.
2026-07-25 09:54:00.022 +07:00 [ERR] Failed to connect authserver on endpoint 127.0.0.1:27000.
2026-07-25 09:54:04.813 +07:00 [ERR] Failed to connect authserver on endpoint 127.0.0.1:27000.
2026-07-25 09:54:09.646 +07:00 [ERR] Failed to connect authserver on endpoint 127.0.0.1:27000.
2026-07-25 09:54:14.428 +07:00 [ERR] Failed to connect authserver on endpoint 127.0.0.1:27000.
2026-07-25 09:54:19.229 +07:00 [ERR] Failed to connect authserver on endpoint 127.0.0.1:27000.
2026-07-25 09:54:24.013 +07:00 [ERR] Failed to connect authserver on endpoint 127.0.0.1:27000.
2026-07-25 09:54:28.852 +07:00 [ERR] Failed to connect authserver on endpoint 127.0.0.1:27000.
2026-07-25 09:54:33.605 +07:00 [ERR] Failed to connect authserver on endpoint 127.0.0.1:27000.
2026-07-25 09:54:38.436 +07:00 [ERR] Failed to connect authserver on endpoint 127.0.0.1:27000.
2026-07-25 09:54:43.242 +07:00 [ERR] Failed to connect authserver on endpoint 127.0.0.1:27000.
2026-07-25 09:54:48.033 +07:00 [ERR] Failed to connect authserver on endpoint 127.0.0.1:27000.
2026-07-25 09:54:52.822 +07:00 [ERR] Failed to connect authserver on endpoint 127.0.0.1:27000.
2026-07-25 09:54:57.646 +07:00 [ERR] Failed to connect authserver on endpoint 127.0.0.1:27000.
2026-07-25 09:55:02.428 +07:00 [ERR] Failed to connect authserver on endpoint 127.0.0.1:27000.
2026-07-25 09:55:07.216 +07:00 [ERR] Failed to connect authserver on endpoint 127.0.0.1:27000.
2026-07-25 09:55:12.056 +07:00 [ERR] Failed to connect authserver on endpoint 127.0.0.1:27000.
2026-07-25 09:55:16.820 +07:00 [ERR] Failed to connect authserver on endpoint 127.0.0.1:27000.
2026-07-25 09:55:21.669 +07:00 [ERR] Failed to connect authserver on endpoint 127.0.0.1:27000.
2026-07-25 09:55:26.433 +07:00 [ERR] Failed to connect authserver on endpoint 127.0.0.1:27000.
2026-07-25 09:55:31.254 +07:00 [ERR] Failed to connect authserver on endpoint 127.0.0.1:27000.
2026-07-25 09:55:36.076 +07:00 [ERR] Failed to connect authserver on endpoint 127.0.0.1:27000.
2026-07-25 09:55:40.840 +07:00 [ERR] Failed to connect authserver on endpoint 127.0.0.1:27000.
2026-07-25 09:55:45.656 +07:00 [ERR] Failed to connect authserver on endpoint 127.0.0.1:27000.
2026-07-25 09:55:50.464 +07:00 [ERR] Failed to connect authserver on endpoint 127.0.0.1:27000.
2026-07-25 09:55:55.284 +07:00 [ERR] Failed to connect authserver on endpoint 127.0.0.1:27000.
2026-07-25 09:56:00.106 +07:00 [ERR] Failed to connect authserver on endpoint 127.0.0.1:27000.
2026-07-25 09:56:04.876 +07:00 [ERR] Failed to connect authserver on endpoint 127.0.0.1:27000.
2026-07-25 09:56:09.679 +07:00 [ERR] Failed to connect authserver on endpoint 127.0.0.1:27000.
2026-07-25 09:56:14.483 +07:00 [ERR] Failed to connect authserver on endpoint 127.0.0.1:27000.
2026-07-25 09:56:19.304 +07:00 [ERR] Failed to connect authserver on endpoint 127.0.0.1:27000.
2026-07-25 09:56:24.076 +07:00 [ERR] Failed to connect authserver on endpoint 127.0.0.1:27000.
2026-07-25 09:56:28.893 +07:00 [ERR] Failed to connect authserver on endpoint 127.0.0.1:27000.
2026-07-25 09:56:33.714 +07:00 [ERR] Failed to connect authserver on endpoint 127.0.0.1:27000.
2026-07-25 09:56:38.507 +07:00 [ERR] Failed to connect authserver on endpoint 127.0.0.1:27000.
2026-07-25 09:56:43.310 +07:00 [ERR] Failed to connect authserver on endpoint 127.0.0.1:27000.
2026-07-25 09:56:48.087 +07:00 [ERR] Failed to connect authserver on endpoint 127.0.0.1:27000.
2026-07-25 09:56:52.903 +07:00 [ERR] Failed to connect authserver on endpoint 127.0.0.1:27000.
2026-07-25 09:56:57.732 +07:00 [ERR] Failed to connect authserver on endpoint 127.0.0.1:27000.
2026-07-25 09:57:02.528 +07:00 [ERR] Failed to connect authserver on endpoint 127.0.0.1:27000.
2026-07-25 09:57:07.320 +07:00 [ERR] Failed to connect authserver on endpoint 127.0.0.1:27000.
2026-07-25 09:57:12.111 +07:00 [ERR] Failed to connect authserver on endpoint 127.0.0.1:27000.
2026-07-25 09:57:16.888 +07:00 [ERR] Failed to connect authserver on endpoint 127.0.0.1:27000.
2026-07-25 09:57:21.721 +07:00 [ERR] Failed to connect authserver on endpoint 127.0.0.1:27000.
2026-07-25 09:57:26.482 +07:00 [ERR] Failed to connect authserver on endpoint 127.0.0.1:27000.
2026-07-25 09:57:31.299 +07:00 [ERR] Failed to connect authserver on endpoint 127.0.0.1:27000.
2026-07-25 09:57:36.105 +07:00 [ERR] Failed to connect authserver on endpoint 127.0.0.1:27000.
2026-07-25 09:57:40.913 +07:00 [ERR] Failed to connect authserver on endpoint 127.0.0.1:27000.
2026-07-25 09:57:45.701 +07:00 [ERR] Failed to connect authserver on endpoint 127.0.0.1:27000.
2026-07-25 09:57:50.500 +07:00 [ERR] Failed to connect authserver on endpoint 127.0.0.1:27000.
2026-07-25 09:57:55.305 +07:00 [ERR] Failed to connect authserver on endpoint 127.0.0.1:27000.
2026-07-25 09:58:00.104 +07:00 [ERR] Failed to connect authserver on endpoint 127.0.0.1:27000.
2026-07-25 09:58:04.876 +07:00 [ERR] Failed to connect authserver on endpoint 127.0.0.1:27000.
2026-07-25 09:58:09.715 +07:00 [ERR] Failed to connect authserver on endpoint 127.0.0.1:27000.
2026-07-25 09:58:12.465 +07:00 [INF] Connected to authserver
2026-07-25 10:35:35.762 +07:00 [INF] Closing...
2026-07-25 10:36:03.004 +07:00 [INF] ============================================
2026-07-25 10:36:03.022 +07:00 [INF] Initializing GameServer build
2026-07-25 10:36:03.022 +07:00 [INF] New IDS
2026-07-25 10:36:03.023 +07:00 [INF] Latest S4
2026-07-25 10:36:03.023 +07:00 [INF] ============================================
2026-07-25 10:36:03.024 +07:00 [INF] Initializing Database
2026-07-25 10:36:03.027 +07:00 [INF] Initializing...
2026-07-25 10:36:03.349 +07:00 [INF] Initializing...
2026-07-25 10:36:03.352 +07:00 [INF] Starting Server
2026-07-25 10:36:03.353 +07:00 [INF] ____________________________________________
2026-07-25 10:36:03.353 +07:00 [INF] ____________________________________________
2026-07-25 10:36:03.353 +07:00 [INF] ============================================
2026-07-25 10:36:03.354 +07:00 [INF] Starting Serverinstances and ResourceCache..
2026-07-25 10:36:03.601 +07:00 [INF] Caching: Channels
2026-07-25 10:36:03.602 +07:00 [INF] Caching...
2026-07-25 10:36:03.617 +07:00 [INF] Caching: Clubs
2026-07-25 10:36:03.618 +07:00 [INF] Caching...
2026-07-25 10:36:03.646 +07:00 [INF] Starting - tcp=127.0.0.1:28004 udp=null udp-port=null
2026-07-25 10:36:03.694 +07:00 [INF] Starting - tcp=127.0.0.1:28005 udp=127.0.0.1 udp-port=null
2026-07-25 10:36:03.696 +07:00 [INF] Starting - tcp=127.0.0.1:28003 udp=null udp-port=null
2026-07-25 10:36:03.698 +07:00 [INF] Caching: Effects
2026-07-25 10:36:03.699 +07:00 [INF] Caching...
2026-07-25 10:36:03.740 +07:00 [INF] Caching: Items
2026-07-25 10:36:03.742 +07:00 [INF] Caching...
2026-07-25 10:36:03.830 +07:00 [INF] Caching: DefaultItems
2026-07-25 10:36:03.831 +07:00 [INF] Caching...
2026-07-25 10:36:03.838 +07:00 [INF] Caching: Shop
2026-07-25 10:36:03.839 +07:00 [INF] Caching...
2026-07-25 10:36:03.930 +07:00 [INF] Caching: Experience
2026-07-25 10:36:03.931 +07:00 [INF] Caching...
2026-07-25 10:36:03.936 +07:00 [INF] Caching: Maps
2026-07-25 10:36:03.937 +07:00 [INF] Caching...
2026-07-25 10:36:03.949 +07:00 [INF] Caching: GameTempos
2026-07-25 10:36:03.950 +07:00 [INF] Caching...
2026-07-25 10:36:03.968 +07:00 [INF] Caching: Capsules
2026-07-25 10:36:03.969 +07:00 [INF] Caching...
2026-07-25 10:36:04.018 +07:00 [INF] Caching: RandomShop
2026-07-25 10:36:04.019 +07:00 [INF] Caching...
2026-07-25 10:36:04.027 +07:00 [INF] Caching: CardSystem
2026-07-25 10:36:04.027 +07:00 [INF] Caching...
2026-07-25 10:36:04.049 +07:00 [INF] Caching: ExperienceBonus
2026-07-25 10:36:04.050 +07:00 [INF] Caching...
2026-07-25 10:36:04.056 +07:00 [INF] Caching: PointBonus
2026-07-25 10:36:04.057 +07:00 [INF] Caching...
2026-07-25 10:36:04.066 +07:00 [INF] Caching: MasterExperience
2026-07-25 10:36:04.067 +07:00 [INF] Caching...
2026-07-25 10:36:04.072 +07:00 [INF] Caching: BurningTime
2026-07-25 10:36:04.073 +07:00 [INF] Caching...
2026-07-25 10:36:04.084 +07:00 [INF] Caching: BurningTimePve
2026-07-25 10:36:04.085 +07:00 [INF] Caching...
2026-07-25 10:36:04.085 +07:00 [INF] Caching: EquipLimit
2026-07-25 10:36:04.086 +07:00 [INF] Caching...
2026-07-25 10:36:04.094 +07:00 [INF] Caching: RoomOption
2026-07-25 10:36:04.095 +07:00 [INF] Caching...
2026-07-25 10:36:04.107 +07:00 [INF] Caching: EnchantData
2026-07-25 10:36:04.107 +07:00 [INF] Caching...
2026-07-25 10:36:04.120 +07:00 [INF] Caching: EnchantList
2026-07-25 10:36:04.121 +07:00 [INF] Caching...
2026-07-25 10:36:04.130 +07:00 [INF] Caching: EnchantExtractKey
2026-07-25 10:36:04.131 +07:00 [INF] Caching...
2026-07-25 10:36:04.136 +07:00 [INF] Caching: EsperEnchantPrice
2026-07-25 10:36:04.137 +07:00 [INF] Caching...
2026-07-25 10:36:04.143 +07:00 [INF] Caching: ItemGrade
2026-07-25 10:36:04.143 +07:00 [INF] Caching...
2026-07-25 10:36:04.148 +07:00 [INF] Caching: CombineElement
2026-07-25 10:36:04.149 +07:00 [INF] Caching...
2026-07-25 10:36:04.154 +07:00 [INF] Caching: DecompositionElement
2026-07-25 10:36:04.154 +07:00 [INF] Caching...
2026-07-25 10:36:04.159 +07:00 [INF] Caching: SeizeModeNewInfo
2026-07-25 10:36:04.159 +07:00 [INF] Caching...
2026-07-25 10:36:04.174 +07:00 [INF] Caching: StadiumInfo
2026-07-25 10:36:04.175 +07:00 [INF] Caching...
2026-07-25 10:36:04.183 +07:00 [INF] Caching: DecompositionInfo
2026-07-25 10:36:04.184 +07:00 [INF] Caching...
2026-07-25 10:36:04.202 +07:00 [INF] Caching: CombinationInfo
2026-07-25 10:36:04.202 +07:00 [INF] Caching...
2026-07-25 10:36:04.217 +07:00 [INF] Caching: MissionInfo
2026-07-25 10:36:04.218 +07:00 [INF] Caching...
2026-07-25 10:36:04.227 +07:00 [INF] Caching: ArcadeRewardInfo
2026-07-25 10:36:04.228 +07:00 [INF] Caching...
2026-07-25 10:36:04.234 +07:00 [INF] Caching: ArcadeItemInfo
2026-07-25 10:36:04.235 +07:00 [INF] Caching...
2026-07-25 10:36:04.240 +07:00 [INF] Caching: ChallengeArcadeInfo
2026-07-25 10:36:04.240 +07:00 [INF] Caching...
2026-07-25 10:36:04.250 +07:00 [INF] Caching: TaskListInfo
2026-07-25 10:36:04.251 +07:00 [INF] Caching...
2026-07-25 10:36:04.289 +07:00 [INF] Caching: PromotionInfo
2026-07-25 10:36:04.290 +07:00 [INF] Caching...
2026-07-25 10:36:04.353 +07:00 [INF] Caching: MakeCharacterInfo
2026-07-25 10:36:04.354 +07:00 [INF] Caching...
2026-07-25 10:36:04.384 +07:00 [INF] Caching: SupportItemInfo
2026-07-25 10:36:04.385 +07:00 [INF] Caching...
2026-07-25 10:36:04.392 +07:00 [INF] Starting Web Api
2026-07-25 10:36:04.393 +07:00 [INF] Serverinstances successfully started, ready for connections!
2026-07-25 10:36:04.394 +07:00 [INF] ____________________________________________________________
2026-07-25 10:36:04.408 +07:00 [INF] Connected to authserver
2026-07-25 10:39:49.471 +07:00 [WRN] Lost connection to authserver.
2026-07-25 10:40:53.644 +07:00 [INF] ============================================
2026-07-25 10:40:53.662 +07:00 [INF] Initializing GameServer build
2026-07-25 10:40:53.662 +07:00 [INF] New IDS
2026-07-25 10:40:53.663 +07:00 [INF] Latest S4
2026-07-25 10:40:53.663 +07:00 [INF] ============================================
2026-07-25 10:40:53.664 +07:00 [INF] Initializing Database
2026-07-25 10:40:53.667 +07:00 [INF] Initializing...
2026-07-25 10:40:53.991 +07:00 [INF] Initializing...
2026-07-25 10:40:53.994 +07:00 [INF] Starting Server
2026-07-25 10:40:53.995 +07:00 [INF] ____________________________________________
2026-07-25 10:40:53.995 +07:00 [INF] ____________________________________________
2026-07-25 10:40:53.996 +07:00 [INF] ============================================
2026-07-25 10:40:53.996 +07:00 [INF] Starting Serverinstances and ResourceCache..
2026-07-25 10:40:54.249 +07:00 [INF] Caching: Channels
2026-07-25 10:40:54.250 +07:00 [INF] Caching...
2026-07-25 10:40:54.264 +07:00 [INF] Caching: Clubs
2026-07-25 10:40:54.265 +07:00 [INF] Caching...
2026-07-25 10:40:54.289 +07:00 [INF] Starting - tcp=127.0.0.1:28004 udp=null udp-port=null
2026-07-25 10:40:54.336 +07:00 [INF] Starting - tcp=127.0.0.1:28005 udp=127.0.0.1 udp-port=null
2026-07-25 10:40:54.338 +07:00 [INF] Starting - tcp=127.0.0.1:28003 udp=null udp-port=null
2026-07-25 10:40:54.339 +07:00 [INF] Caching: Effects
2026-07-25 10:40:54.340 +07:00 [INF] Caching...
2026-07-25 10:40:54.379 +07:00 [INF] Caching: Items
2026-07-25 10:40:54.380 +07:00 [INF] Caching...
2026-07-25 10:40:54.465 +07:00 [INF] Caching: DefaultItems
2026-07-25 10:40:54.467 +07:00 [INF] Caching...
2026-07-25 10:40:54.475 +07:00 [INF] Caching: Shop
2026-07-25 10:40:54.476 +07:00 [INF] Caching...
2026-07-25 10:40:54.559 +07:00 [INF] Caching: Experience
2026-07-25 10:40:54.560 +07:00 [INF] Caching...
2026-07-25 10:40:54.565 +07:00 [INF] Caching: Maps
2026-07-25 10:40:54.566 +07:00 [INF] Caching...
2026-07-25 10:40:54.577 +07:00 [INF] Caching: GameTempos
2026-07-25 10:40:54.578 +07:00 [INF] Caching...
2026-07-25 10:40:54.595 +07:00 [INF] Caching: Capsules
2026-07-25 10:40:54.596 +07:00 [INF] Caching...
2026-07-25 10:40:54.641 +07:00 [INF] Caching: RandomShop
2026-07-25 10:40:54.642 +07:00 [INF] Caching...
2026-07-25 10:40:54.651 +07:00 [INF] Caching: CardSystem
2026-07-25 10:40:54.651 +07:00 [INF] Caching...
2026-07-25 10:40:54.674 +07:00 [INF] Caching: ExperienceBonus
2026-07-25 10:40:54.675 +07:00 [INF] Caching...
2026-07-25 10:40:54.680 +07:00 [INF] Caching: PointBonus
2026-07-25 10:40:54.681 +07:00 [INF] Caching...
2026-07-25 10:40:54.690 +07:00 [INF] Caching: MasterExperience
2026-07-25 10:40:54.691 +07:00 [INF] Caching...
2026-07-25 10:40:54.696 +07:00 [INF] Caching: BurningTime
2026-07-25 10:40:54.697 +07:00 [INF] Caching...
2026-07-25 10:40:54.707 +07:00 [INF] Caching: BurningTimePve
2026-07-25 10:40:54.707 +07:00 [INF] Caching...
2026-07-25 10:40:54.708 +07:00 [INF] Caching: EquipLimit
2026-07-25 10:40:54.709 +07:00 [INF] Caching...
2026-07-25 10:40:54.716 +07:00 [INF] Caching: RoomOption
2026-07-25 10:40:54.717 +07:00 [INF] Caching...
2026-07-25 10:40:54.729 +07:00 [INF] Caching: EnchantData
2026-07-25 10:40:54.730 +07:00 [INF] Caching...
2026-07-25 10:40:54.742 +07:00 [INF] Caching: EnchantList
2026-07-25 10:40:54.743 +07:00 [INF] Caching...
2026-07-25 10:40:54.751 +07:00 [INF] Caching: EnchantExtractKey
2026-07-25 10:40:54.752 +07:00 [INF] Caching...
2026-07-25 10:40:54.757 +07:00 [INF] Caching: EsperEnchantPrice
2026-07-25 10:40:54.758 +07:00 [INF] Caching...
2026-07-25 10:40:54.763 +07:00 [INF] Caching: ItemGrade
2026-07-25 10:40:54.764 +07:00 [INF] Caching...
2026-07-25 10:40:54.769 +07:00 [INF] Caching: CombineElement
2026-07-25 10:40:54.770 +07:00 [INF] Caching...
2026-07-25 10:40:54.774 +07:00 [INF] Caching: DecompositionElement
2026-07-25 10:40:54.775 +07:00 [INF] Caching...
2026-07-25 10:40:54.779 +07:00 [INF] Caching: SeizeModeNewInfo
2026-07-25 10:40:54.780 +07:00 [INF] Caching...
2026-07-25 10:40:54.794 +07:00 [INF] Caching: StadiumInfo
2026-07-25 10:40:54.795 +07:00 [INF] Caching...
2026-07-25 10:40:54.803 +07:00 [INF] Caching: DecompositionInfo
2026-07-25 10:40:54.803 +07:00 [INF] Caching...
2026-07-25 10:40:54.821 +07:00 [INF] Caching: CombinationInfo
2026-07-25 10:40:54.822 +07:00 [INF] Caching...
2026-07-25 10:40:54.837 +07:00 [INF] Caching: MissionInfo
2026-07-25 10:40:54.838 +07:00 [INF] Caching...
2026-07-25 10:40:54.846 +07:00 [INF] Caching: ArcadeRewardInfo
2026-07-25 10:40:54.847 +07:00 [INF] Caching...
2026-07-25 10:40:54.853 +07:00 [INF] Caching: ArcadeItemInfo
2026-07-25 10:40:54.854 +07:00 [INF] Caching...
2026-07-25 10:40:54.858 +07:00 [INF] Caching: ChallengeArcadeInfo
2026-07-25 10:40:54.859 +07:00 [INF] Caching...
2026-07-25 10:40:54.868 +07:00 [INF] Caching: TaskListInfo
2026-07-25 10:40:54.869 +07:00 [INF] Caching...
2026-07-25 10:40:54.905 +07:00 [INF] Caching: PromotionInfo
2026-07-25 10:40:54.906 +07:00 [INF] Caching...
2026-07-25 10:40:54.961 +07:00 [INF] Caching: MakeCharacterInfo
2026-07-25 10:40:54.962 +07:00 [INF] Caching...
2026-07-25 10:40:54.992 +07:00 [INF] Caching: SupportItemInfo
2026-07-25 10:40:54.993 +07:00 [INF] Caching...
2026-07-25 10:40:54.999 +07:00 [INF] Starting Web Api
2026-07-25 10:40:55.001 +07:00 [INF] Serverinstances successfully started, ready for connections!
2026-07-25 10:40:55.002 +07:00 [INF] ____________________________________________________________
2026-07-25 10:40:55.017 +07:00 [INF] Connected to authserver
2026-07-25 10:56:04.425 +07:00 [WRN] Lost connection to authserver.
2026-07-25 10:56:09.299 +07:00 [ERR] Failed to connect authserver on endpoint 127.0.0.1:27000.
2026-07-25 10:56:14.051 +07:00 [ERR] Failed to connect authserver on endpoint 127.0.0.1:27000.
2026-07-25 10:56:18.847 +07:00 [ERR] Failed to connect authserver on endpoint 127.0.0.1:27000.
2026-07-25 10:56:21.628 +07:00 [INF] Connected to authserver
2026-07-25 11:25:09.000 +07:00 [WRN] Lost connection to authserver.
2026-07-25 11:25:11.940 +07:00 [ERR] Failed to connect authserver on endpoint 127.0.0.1:27000.
2026-07-25 11:25:16.734 +07:00 [ERR] Failed to connect authserver on endpoint 127.0.0.1:27000.
2026-07-25 11:25:21.539 +07:00 [ERR] Failed to connect authserver on endpoint 127.0.0.1:27000.
2026-07-25 11:25:26.338 +07:00 [ERR] Failed to connect authserver on endpoint 127.0.0.1:27000.
2026-07-25 11:25:31.140 +07:00 [ERR] Failed to connect authserver on endpoint 127.0.0.1:27000.
2026-07-25 11:25:35.966 +07:00 [ERR] Failed to connect authserver on endpoint 127.0.0.1:27000.
2026-07-25 11:25:40.762 +07:00 [ERR] Failed to connect authserver on endpoint 127.0.0.1:27000.
2026-07-25 11:25:45.567 +07:00 [ERR] Failed to connect authserver on endpoint 127.0.0.1:27000.
2026-07-25 11:25:50.345 +07:00 [ERR] Failed to connect authserver on endpoint 127.0.0.1:27000.
2026-07-25 11:25:55.148 +07:00 [ERR] Failed to connect authserver on endpoint 127.0.0.1:27000.
2026-07-25 11:25:59.945 +07:00 [ERR] Failed to connect authserver on endpoint 127.0.0.1:27000.
2026-07-25 11:26:04.758 +07:00 [ERR] Failed to connect authserver on endpoint 127.0.0.1:27000.
2026-07-25 11:26:09.549 +07:00 [ERR] Failed to connect authserver on endpoint 127.0.0.1:27000.
2026-07-25 11:26:14.382 +07:00 [ERR] Failed to connect authserver on endpoint 127.0.0.1:27000.
2026-07-25 11:26:19.160 +07:00 [ERR] Failed to connect authserver on endpoint 127.0.0.1:27000.
2026-07-25 11:26:23.977 +07:00 [ERR] Failed to connect authserver on endpoint 127.0.0.1:27000.
2026-07-25 11:26:28.752 +07:00 [ERR] Failed to connect authserver on endpoint 127.0.0.1:27000.
2026-07-25 11:26:33.585 +07:00 [ERR] Failed to connect authserver on endpoint 127.0.0.1:27000.
2026-07-25 11:26:36.329 +07:00 [INF] Connected to authserver
2026-07-25 11:38:23.356 +07:00 [INF] ============================================
2026-07-25 11:38:23.373 +07:00 [INF] Initializing GameServer build
2026-07-25 11:38:23.374 +07:00 [INF] New IDS
2026-07-25 11:38:23.374 +07:00 [INF] Latest S4
2026-07-25 11:38:23.375 +07:00 [INF] ============================================
2026-07-25 11:38:23.375 +07:00 [INF] Initializing Database
2026-07-25 11:38:23.523 +07:00 [INF] Initializing...
2026-07-25 11:38:24.246 +07:00 [ERR] MySql.Data.MySqlClient.MySqlException (0x80004005): Authentication to host 'localhost' for user 'root' using method 'mysql_native_password' failed with message: Unknown database 's4casey' ---> MySql.Data.MySqlClient.MySqlException (0x80004005): Unknown database 's4casey'
   at MySql.Data.MySqlClient.MySqlStream.ReadPacket()
   at MySql.Data.MySqlClient.Authentication.MySqlAuthenticationPlugin.ReadPacket()
   at MySql.Data.MySqlClient.Authentication.MySqlAuthenticationPlugin.AuthenticationFailed(Exception ex)
   at MySql.Data.MySqlClient.Authentication.MySqlAuthenticationPlugin.ReadPacket()
   at MySql.Data.MySqlClient.Authentication.MySqlAuthenticationPlugin.Authenticate(Boolean reset)
   at MySql.Data.MySqlClient.NativeDriver.Open()
   at MySql.Data.MySqlClient.Driver.Open()
   at MySql.Data.MySqlClient.Driver.Create(MySqlConnectionStringBuilder settings)
   at MySql.Data.MySqlClient.MySqlPool.CreateNewPooledConnection()
   at MySql.Data.MySqlClient.MySqlPool.GetPooledConnection()
   at MySql.Data.MySqlClient.MySqlPool.TryToGetDriver()
   at MySql.Data.MySqlClient.MySqlPool.GetConnection()
   at MySql.Data.MySqlClient.MySqlConnection.Open()
   at NeoNetsphere.AuthDatabase.Open() in D:\Dera\Project\S4League-Netsphere\src\GameServer\Program.cs:line 812
   at NeoNetsphere.AuthDatabase.Initialize() in D:\Dera\Project\S4League-Netsphere\src\GameServer\Program.cs:line 759
   at NeoNetsphere.Program.Main() in D:\Dera\Project\S4League-Netsphere\src\GameServer\Program.cs:line 164
2026-07-25 11:38:58.427 +07:00 [INF] ============================================
2026-07-25 11:38:58.444 +07:00 [INF] Initializing GameServer build
2026-07-25 11:38:58.445 +07:00 [INF] New IDS
2026-07-25 11:38:58.445 +07:00 [INF] Latest S4
2026-07-25 11:38:58.445 +07:00 [INF] ============================================
2026-07-25 11:38:58.446 +07:00 [INF] Initializing Database
2026-07-25 11:38:58.450 +07:00 [INF] Initializing...
2026-07-25 11:38:58.891 +07:00 [INF] Initializing...
2026-07-25 11:38:58.894 +07:00 [INF] Starting Server
2026-07-25 11:38:58.895 +07:00 [INF] ____________________________________________
2026-07-25 11:38:58.895 +07:00 [INF] ____________________________________________
2026-07-25 11:38:58.896 +07:00 [INF] ============================================
2026-07-25 11:38:58.896 +07:00 [INF] Starting Serverinstances and ResourceCache..
2026-07-25 11:38:59.463 +07:00 [INF] Caching: Channels
2026-07-25 11:38:59.464 +07:00 [INF] Caching...
2026-07-25 11:38:59.479 +07:00 [INF] Caching: Clubs
2026-07-25 11:38:59.480 +07:00 [INF] Caching...
2026-07-25 11:38:59.606 +07:00 [INF] Starting - tcp=127.0.0.1:28004 udp=null udp-port=null
2026-07-25 11:38:59.689 +07:00 [INF] Starting - tcp=127.0.0.1:28005 udp=127.0.0.1 udp-port=null
2026-07-25 11:38:59.691 +07:00 [INF] Starting - tcp=127.0.0.1:28003 udp=null udp-port=null
2026-07-25 11:38:59.692 +07:00 [INF] Caching: Effects
2026-07-25 11:38:59.693 +07:00 [INF] Caching...
2026-07-25 11:38:59.760 +07:00 [INF] Caching: Items
2026-07-25 11:38:59.762 +07:00 [INF] Caching...
2026-07-25 11:38:59.937 +07:00 [INF] Caching: DefaultItems
2026-07-25 11:38:59.938 +07:00 [INF] Caching...
2026-07-25 11:38:59.958 +07:00 [INF] Caching: Shop
2026-07-25 11:38:59.959 +07:00 [INF] Caching...
2026-07-25 11:39:00.067 +07:00 [INF] Caching: Experience
2026-07-25 11:39:00.068 +07:00 [INF] Caching...
2026-07-25 11:39:00.081 +07:00 [INF] Caching: Maps
2026-07-25 11:39:00.082 +07:00 [INF] Caching...
2026-07-25 11:39:00.105 +07:00 [INF] Caching: GameTempos
2026-07-25 11:39:00.106 +07:00 [INF] Caching...
2026-07-25 11:39:00.133 +07:00 [INF] Caching: Capsules
2026-07-25 11:39:00.134 +07:00 [INF] Caching...
2026-07-25 11:39:00.181 +07:00 [INF] Caching: RandomShop
2026-07-25 11:39:00.182 +07:00 [INF] Caching...
2026-07-25 11:39:00.190 +07:00 [INF] Caching: CardSystem
2026-07-25 11:39:00.191 +07:00 [INF] Caching...
2026-07-25 11:39:00.223 +07:00 [INF] Caching: ExperienceBonus
2026-07-25 11:39:00.224 +07:00 [INF] Caching...
2026-07-25 11:39:00.241 +07:00 [INF] Caching: PointBonus
2026-07-25 11:39:00.242 +07:00 [INF] Caching...
2026-07-25 11:39:00.260 +07:00 [INF] Caching: MasterExperience
2026-07-25 11:39:00.261 +07:00 [INF] Caching...
2026-07-25 11:39:00.268 +07:00 [INF] Caching: BurningTime
2026-07-25 11:39:00.269 +07:00 [INF] Caching...
2026-07-25 11:39:00.285 +07:00 [INF] Caching: BurningTimePve
2026-07-25 11:39:00.286 +07:00 [INF] Caching...
2026-07-25 11:39:00.293 +07:00 [INF] Caching: EquipLimit
2026-07-25 11:39:00.294 +07:00 [INF] Caching...
2026-07-25 11:39:00.312 +07:00 [INF] Caching: RoomOption
2026-07-25 11:39:00.313 +07:00 [INF] Caching...
2026-07-25 11:39:00.332 +07:00 [INF] Caching: EnchantData
2026-07-25 11:39:00.333 +07:00 [INF] Caching...
2026-07-25 11:39:00.352 +07:00 [INF] Caching: EnchantList
2026-07-25 11:39:00.353 +07:00 [INF] Caching...
2026-07-25 11:39:00.369 +07:00 [INF] Caching: EnchantExtractKey
2026-07-25 11:39:00.370 +07:00 [INF] Caching...
2026-07-25 11:39:00.385 +07:00 [INF] Caching: EsperEnchantPrice
2026-07-25 11:39:00.386 +07:00 [INF] Caching...
2026-07-25 11:39:00.398 +07:00 [INF] Caching: ItemGrade
2026-07-25 11:39:00.399 +07:00 [INF] Caching...
2026-07-25 11:39:00.410 +07:00 [INF] Caching: CombineElement
2026-07-25 11:39:00.411 +07:00 [INF] Caching...
2026-07-25 11:39:00.426 +07:00 [INF] Caching: DecompositionElement
2026-07-25 11:39:00.427 +07:00 [INF] Caching...
2026-07-25 11:39:00.440 +07:00 [INF] Caching: SeizeModeNewInfo
2026-07-25 11:39:00.441 +07:00 [INF] Caching...
2026-07-25 11:39:00.466 +07:00 [INF] Caching: StadiumInfo
2026-07-25 11:39:00.468 +07:00 [INF] Caching...
2026-07-25 11:39:00.485 +07:00 [INF] Caching: DecompositionInfo
2026-07-25 11:39:00.486 +07:00 [INF] Caching...
2026-07-25 11:39:00.513 +07:00 [INF] Caching: CombinationInfo
2026-07-25 11:39:00.514 +07:00 [INF] Caching...
2026-07-25 11:39:00.539 +07:00 [INF] Caching: MissionInfo
2026-07-25 11:39:00.540 +07:00 [INF] Caching...
2026-07-25 11:39:00.558 +07:00 [INF] Caching: ArcadeRewardInfo
2026-07-25 11:39:00.559 +07:00 [INF] Caching...
2026-07-25 11:39:00.574 +07:00 [INF] Caching: ArcadeItemInfo
2026-07-25 11:39:00.575 +07:00 [INF] Caching...
2026-07-25 11:39:00.589 +07:00 [INF] Caching: ChallengeArcadeInfo
2026-07-25 11:39:00.589 +07:00 [INF] Caching...
2026-07-25 11:39:00.608 +07:00 [INF] Caching: TaskListInfo
2026-07-25 11:39:00.609 +07:00 [INF] Caching...
2026-07-25 11:39:00.656 +07:00 [INF] Caching: PromotionInfo
2026-07-25 11:39:00.657 +07:00 [INF] Caching...
2026-07-25 11:39:00.727 +07:00 [INF] Caching: MakeCharacterInfo
2026-07-25 11:39:00.728 +07:00 [INF] Caching...
2026-07-25 11:39:00.769 +07:00 [INF] Caching: SupportItemInfo
2026-07-25 11:39:00.770 +07:00 [INF] Caching...
2026-07-25 11:39:00.785 +07:00 [INF] Starting Web Api
2026-07-25 11:39:00.787 +07:00 [INF] Serverinstances successfully started, ready for connections!
2026-07-25 11:39:00.788 +07:00 [INF] ____________________________________________________________
2026-07-25 11:39:00.901 +07:00 [INF] Connected to authserver
2026-07-25 11:42:50.400 +07:00 [WRN] Lost connection to authserver.
2026-07-25 11:42:53.269 +07:00 [ERR] Failed to connect authserver on endpoint 127.0.0.1:27000.
