2026-07-25 12:15:03.694 +07:00 [INF] ============================================
2026-07-25 12:15:03.712 +07:00 [INF] Initializing GameServer build
2026-07-25 12:15:03.713 +07:00 [INF] New IDS
2026-07-25 12:15:03.713 +07:00 [INF] ============================================
2026-07-25 12:15:03.714 +07:00 [INF] Initializing Database
2026-07-25 12:15:03.859 +07:00 [INF] Initializing...
2026-07-25 12:15:04.569 +07:00 [ERR] MySql.Data.MySqlClient.MySqlException (0x80004005): Authentication to host 'localhost' for user 'dera-' using method 'mysql_native_password' failed with message: Access denied for user 'dera-'@'localhost' (using password: NO) ---> MySql.Data.MySqlClient.MySqlException (0x80004005): Access denied for user 'dera-'@'localhost' (using password: NO)
   at MySql.Data.MySqlClient.MySqlStream.ReadPacket()
   at MySql.Data.MySqlClient.Authentication.MySqlAuthenticationPlugin.ReadPacket()
   at MySql.Data.MySqlClient.Authentication.MySqlAuthenticationPlugin.AuthenticationFailed(Exception ex)
   at MySql.Data.MySqlClient.Authentication.MySqlAuthenticationPlugin.ReadPacket()
   at MySql.Data.MySqlClient.Authentication.MySqlAuthenticationPlugin.Authenticate(Boolean reset)
   at MySql.Data.MySqlClient.NativeDriver.Open()
   at MySql.Data.MySqlClient.Driver.Open()
   at MySql.Data.MySqlClient.Driver.Create(MySqlConnectionStringBuilder settings)
   at MySql.Data.MySqlClient.MySqlPool.CreateNewPooledConnection()
   at MySql.Data.MySqlClient.MySqlPool.GetPooledConnection()
   at MySql.Data.MySqlClient.MySqlPool.TryToGetDriver()
   at MySql.Data.MySqlClient.MySqlPool.GetConnection()
   at MySql.Data.MySqlClient.MySqlConnection.Open()
   at NeoNetsphere.AuthDatabase.Open() in D:\Dera\Project\S4League-Netsphere\src\GameServer\Program.cs:line 811
   at NeoNetsphere.AuthDatabase.Initialize() in D:\Dera\Project\S4League-Netsphere\src\GameServer\Program.cs:line 761
   at NeoNetsphere.Program.Main() in D:\Dera\Project\S4League-Netsphere\src\GameServer\Program.cs:line 163
2026-07-25 12:16:11.045 +07:00 [INF] ============================================
2026-07-25 12:16:11.062 +07:00 [INF] Initializing GameServer build
2026-07-25 12:16:11.062 +07:00 [INF] New IDS
2026-07-25 12:16:11.063 +07:00 [INF] ============================================
2026-07-25 12:16:11.063 +07:00 [INF] Initializing Database
2026-07-25 12:16:11.066 +07:00 [INF] Initializing...
2026-07-25 12:16:11.507 +07:00 [INF] Initializing...
2026-07-25 12:16:11.510 +07:00 [INF] Starting Server
2026-07-25 12:16:11.511 +07:00 [INF] ____________________________________________
2026-07-25 12:16:11.511 +07:00 [INF] ____________________________________________
2026-07-25 12:16:11.511 +07:00 [INF] ============================================
2026-07-25 12:16:11.512 +07:00 [INF] Starting Serverinstances and ResourceCache..
2026-07-25 12:16:12.032 +07:00 [INF] Caching: Channels
2026-07-25 12:16:12.033 +07:00 [INF] Caching...
2026-07-25 12:16:12.046 +07:00 [INF] Caching: Clubs
2026-07-25 12:16:12.047 +07:00 [INF] Caching...
2026-07-25 12:16:12.245 +07:00 [INF] Caching: Effects
2026-07-25 12:16:12.246 +07:00 [INF] Caching...
2026-07-25 12:16:12.313 +07:00 [INF] Caching: Items
2026-07-25 12:16:12.315 +07:00 [INF] Caching...
2026-07-25 12:16:12.489 +07:00 [INF] Caching: DefaultItems
2026-07-25 12:16:12.490 +07:00 [INF] Caching...
2026-07-25 12:16:12.500 +07:00 [INF] Caching: Shop
2026-07-25 12:16:12.501 +07:00 [INF] Caching...
2026-07-25 12:16:12.606 +07:00 [INF] Caching: Experience
2026-07-25 12:16:12.607 +07:00 [INF] Caching...
2026-07-25 12:16:12.615 +07:00 [INF] Caching: Maps
2026-07-25 12:16:12.615 +07:00 [INF] Caching...
2026-07-25 12:16:12.640 +07:00 [INF] Caching: GameTempos
2026-07-25 12:16:12.640 +07:00 [INF] Caching...
2026-07-25 12:16:12.667 +07:00 [INF] Caching: Capsules
2026-07-25 12:16:12.668 +07:00 [INF] Caching...
2026-07-25 12:16:12.715 +07:00 [INF] Caching: RandomShop
2026-07-25 12:16:12.716 +07:00 [INF] Caching...
2026-07-25 12:16:12.725 +07:00 [INF] Caching: CardSystem
2026-07-25 12:16:12.726 +07:00 [INF] Caching...
2026-07-25 12:16:12.749 +07:00 [INF] Caching: ExperienceBonus
2026-07-25 12:16:12.750 +07:00 [INF] Caching...
2026-07-25 12:16:12.757 +07:00 [INF] Caching: PointBonus
2026-07-25 12:16:12.758 +07:00 [INF] Caching...
2026-07-25 12:16:12.769 +07:00 [INF] Caching: MasterExperience
2026-07-25 12:16:12.770 +07:00 [INF] Caching...
2026-07-25 12:16:12.776 +07:00 [INF] Caching: BurningTime
2026-07-25 12:16:12.776 +07:00 [INF] Caching...
2026-07-25 12:16:12.793 +07:00 [INF] Caching: BurningTimePve
2026-07-25 12:16:12.794 +07:00 [INF] Caching...
2026-07-25 12:16:12.801 +07:00 [INF] Caching: EquipLimit
2026-07-25 12:16:12.802 +07:00 [INF] Caching...
2026-07-25 12:16:12.819 +07:00 [INF] Caching: RoomOption
2026-07-25 12:16:12.820 +07:00 [INF] Caching...
2026-07-25 12:16:12.835 +07:00 [INF] Caching: EnchantData
2026-07-25 12:16:12.836 +07:00 [INF] Caching...
2026-07-25 12:16:12.854 +07:00 [INF] Caching: EnchantList
2026-07-25 12:16:12.855 +07:00 [INF] Caching...
2026-07-25 12:16:12.870 +07:00 [INF] Caching: EnchantExtractKey
2026-07-25 12:16:12.871 +07:00 [INF] Caching...
2026-07-25 12:16:12.877 +07:00 [INF] Caching: EsperEnchantPrice
2026-07-25 12:16:12.878 +07:00 [INF] Caching...
2026-07-25 12:16:12.884 +07:00 [INF] Caching: ItemGrade
2026-07-25 12:16:12.885 +07:00 [INF] Caching...
2026-07-25 12:16:12.897 +07:00 [INF] Caching: CombineElement
2026-07-25 12:16:12.897 +07:00 [INF] Caching...
2026-07-25 12:16:12.903 +07:00 [INF] Caching: DecompositionElement
2026-07-25 12:16:12.904 +07:00 [INF] Caching...
2026-07-25 12:16:12.909 +07:00 [INF] Caching: SeizeModeNewInfo
2026-07-25 12:16:12.910 +07:00 [INF] Caching...
2026-07-25 12:16:12.926 +07:00 [INF] Caching: StadiumInfo
2026-07-25 12:16:12.927 +07:00 [INF] Caching...
2026-07-25 12:16:12.936 +07:00 [INF] Caching: DecompositionInfo
2026-07-25 12:16:12.936 +07:00 [INF] Caching...
2026-07-25 12:16:12.955 +07:00 [INF] Caching: CombinationInfo
2026-07-25 12:16:12.956 +07:00 [INF] Caching...
2026-07-25 12:16:12.981 +07:00 [INF] Caching: MissionInfo
2026-07-25 12:16:12.982 +07:00 [INF] Caching...
2026-07-25 12:16:13.001 +07:00 [INF] Caching: ArcadeRewardInfo
2026-07-25 12:16:13.002 +07:00 [INF] Caching...
2026-07-25 12:16:13.020 +07:00 [INF] Caching: ArcadeItemInfo
2026-07-25 12:16:13.021 +07:00 [INF] Caching...
2026-07-25 12:16:13.038 +07:00 [INF] Caching: ChallengeArcadeInfo
2026-07-25 12:16:13.039 +07:00 [INF] Caching...
2026-07-25 12:16:13.061 +07:00 [INF] Caching: TaskListInfo
2026-07-25 12:16:13.062 +07:00 [INF] Caching...
2026-07-25 12:16:13.112 +07:00 [INF] Caching: PromotionInfo
2026-07-25 12:16:13.113 +07:00 [INF] Caching...
2026-07-25 12:16:13.185 +07:00 [INF] Caching: MakeCharacterInfo
2026-07-25 12:16:13.186 +07:00 [INF] Caching...
2026-07-25 12:16:13.228 +07:00 [INF] Caching: SupportItemInfo
2026-07-25 12:16:13.229 +07:00 [INF] Caching...
2026-07-25 12:16:13.237 +07:00 [INF] Starting Web Api
2026-07-25 12:16:13.239 +07:00 [INF] Serverinstances successfully started, ready for connections!
2026-07-25 12:16:13.239 +07:00 [INF] ____________________________________________________________
2026-07-25 12:16:13.345 +07:00 [INF] Connected to authserver
2026-07-25 12:23:27.207 +07:00 [WRN] Lost connection to authserver.
