2026-07-25 11:56:32.900 +07:00 [INF] ============================================
2026-07-25 11:56:32.919 +07:00 [INF] Initializing GameServer build
2026-07-25 11:56:32.920 +07:00 [INF] New IDS
2026-07-25 11:56:32.920 +07:00 [INF] Latest S4
2026-07-25 11:56:32.921 +07:00 [INF] ============================================
2026-07-25 11:56:32.921 +07:00 [INF] Initializing Database
2026-07-25 11:56:33.064 +07:00 [INF] Initializing...
2026-07-25 11:56:33.771 +07:00 [ERR] MySql.Data.MySqlClient.MySqlException (0x80004005): Authentication to host 'localhost' for user 'dera-' using method 'mysql_native_password' failed with message: Access denied for user 'dera-'@'localhost' (using password: NO) ---> MySql.Data.MySqlClient.MySqlException (0x80004005): Access denied for user 'dera-'@'localhost' (using password: NO)
   at MySql.Data.MySqlClient.MySqlStream.ReadPacket()
   at MySql.Data.MySqlClient.Authentication.MySqlAuthenticationPlugin.ReadPacket()
   at MySql.Data.MySqlClient.Authentication.MySqlAuthenticationPlugin.AuthenticationFailed(Exception ex)
   at MySql.Data.MySqlClient.Authentication.MySqlAuthenticationPlugin.ReadPacket()
   at MySql.Data.MySqlClient.Authentication.MySqlAuthenticationPlugin.Authenticate(Boolean reset)
   at MySql.Data.MySqlClient.NativeDriver.Open()
   at MySql.Data.MySqlClient.Driver.Open()
   at MySql.Data.MySqlClient.Driver.Create(MySqlConnectionStringBuilder settings)
   at MySql.Data.MySqlClient.MySqlPool.CreateNewPooledConnection()
   at MySql.Data.MySqlClient.MySqlPool.GetPooledConnection()
   at MySql.Data.MySqlClient.MySqlPool.TryToGetDriver()
   at MySql.Data.MySqlClient.MySqlPool.GetConnection()
   at MySql.Data.MySqlClient.MySqlConnection.Open()
   at NeoNetsphere.AuthDatabase.Open() in D:\Dera\Project\S4League-Netsphere\src\GameServer\Program.cs:line 811
   at NeoNetsphere.AuthDatabase.Initialize() in D:\Dera\Project\S4League-Netsphere\src\GameServer\Program.cs:line 761
   at NeoNetsphere.Program.Main() in D:\Dera\Project\S4League-Netsphere\src\GameServer\Program.cs:line 163
2026-07-25 11:57:32.255 +07:00 [INF] ============================================
2026-07-25 11:57:32.271 +07:00 [INF] Initializing GameServer build
2026-07-25 11:57:32.272 +07:00 [INF] New IDS
2026-07-25 11:57:32.272 +07:00 [INF] Latest S4
2026-07-25 11:57:32.273 +07:00 [INF] ============================================
2026-07-25 11:57:32.273 +07:00 [INF] Initializing Database
2026-07-25 11:57:32.276 +07:00 [INF] Initializing...
2026-07-25 11:57:32.719 +07:00 [INF] Initializing...
2026-07-25 11:57:32.721 +07:00 [INF] Starting Server
2026-07-25 11:57:32.722 +07:00 [INF] ____________________________________________
2026-07-25 11:57:32.722 +07:00 [INF] ____________________________________________
2026-07-25 11:57:32.722 +07:00 [INF] ============================================
2026-07-25 11:57:32.723 +07:00 [INF] Starting Serverinstances and ResourceCache..
2026-07-25 11:57:33.266 +07:00 [INF] Caching: Channels
2026-07-25 11:57:33.267 +07:00 [INF] Caching...
2026-07-25 11:57:33.279 +07:00 [INF] Caching: Clubs
2026-07-25 11:57:33.280 +07:00 [INF] Caching...
2026-07-25 11:57:33.494 +07:00 [INF] Caching: Effects
2026-07-25 11:57:33.495 +07:00 [INF] Caching...
2026-07-25 11:57:33.559 +07:00 [INF] Caching: Items
2026-07-25 11:57:33.560 +07:00 [INF] Caching...
2026-07-25 11:57:33.722 +07:00 [INF] Caching: DefaultItems
2026-07-25 11:57:33.724 +07:00 [INF] Caching...
2026-07-25 11:57:33.733 +07:00 [INF] Caching: Shop
2026-07-25 11:57:33.734 +07:00 [INF] Caching...
2026-07-25 11:57:33.833 +07:00 [INF] Caching: Experience
2026-07-25 11:57:33.834 +07:00 [INF] Caching...
2026-07-25 11:57:33.842 +07:00 [INF] Caching: Maps
2026-07-25 11:57:33.842 +07:00 [INF] Caching...
2026-07-25 11:57:33.865 +07:00 [INF] Caching: GameTempos
2026-07-25 11:57:33.866 +07:00 [INF] Caching...
2026-07-25 11:57:33.891 +07:00 [INF] Caching: Capsules
2026-07-25 11:57:33.892 +07:00 [INF] Caching...
2026-07-25 11:57:33.936 +07:00 [INF] Caching: RandomShop
2026-07-25 11:57:33.937 +07:00 [INF] Caching...
2026-07-25 11:57:33.946 +07:00 [INF] Caching: CardSystem
2026-07-25 11:57:33.947 +07:00 [INF] Caching...
2026-07-25 11:57:33.970 +07:00 [INF] Caching: ExperienceBonus
2026-07-25 11:57:33.970 +07:00 [INF] Caching...
2026-07-25 11:57:33.977 +07:00 [INF] Caching: PointBonus
2026-07-25 11:57:33.978 +07:00 [INF] Caching...
2026-07-25 11:57:33.988 +07:00 [INF] Caching: MasterExperience
2026-07-25 11:57:33.989 +07:00 [INF] Caching...
2026-07-25 11:57:33.995 +07:00 [INF] Caching: BurningTime
2026-07-25 11:57:33.996 +07:00 [INF] Caching...
2026-07-25 11:57:34.012 +07:00 [INF] Caching: BurningTimePve
2026-07-25 11:57:34.013 +07:00 [INF] Caching...
2026-07-25 11:57:34.019 +07:00 [INF] Caching: EquipLimit
2026-07-25 11:57:34.020 +07:00 [INF] Caching...
2026-07-25 11:57:34.037 +07:00 [INF] Caching: RoomOption
2026-07-25 11:57:34.038 +07:00 [INF] Caching...
2026-07-25 11:57:34.051 +07:00 [INF] Caching: EnchantData
2026-07-25 11:57:34.052 +07:00 [INF] Caching...
2026-07-25 11:57:34.070 +07:00 [INF] Caching: EnchantList
2026-07-25 11:57:34.070 +07:00 [INF] Caching...
2026-07-25 11:57:34.086 +07:00 [INF] Caching: EnchantExtractKey
2026-07-25 11:57:34.086 +07:00 [INF] Caching...
2026-07-25 11:57:34.093 +07:00 [INF] Caching: EsperEnchantPrice
2026-07-25 11:57:34.094 +07:00 [INF] Caching...
2026-07-25 11:57:34.100 +07:00 [INF] Caching: ItemGrade
2026-07-25 11:57:34.101 +07:00 [INF] Caching...
2026-07-25 11:57:34.113 +07:00 [INF] Caching: CombineElement
2026-07-25 11:57:34.114 +07:00 [INF] Caching...
2026-07-25 11:57:34.127 +07:00 [INF] Caching: DecompositionElement
2026-07-25 11:57:34.128 +07:00 [INF] Caching...
2026-07-25 11:57:34.133 +07:00 [INF] Caching: SeizeModeNewInfo
2026-07-25 11:57:34.134 +07:00 [INF] Caching...
2026-07-25 11:57:34.151 +07:00 [INF] Caching: StadiumInfo
2026-07-25 11:57:34.152 +07:00 [INF] Caching...
2026-07-25 11:57:34.161 +07:00 [INF] Caching: DecompositionInfo
2026-07-25 11:57:34.162 +07:00 [INF] Caching...
2026-07-25 11:57:34.180 +07:00 [INF] Caching: CombinationInfo
2026-07-25 11:57:34.181 +07:00 [INF] Caching...
2026-07-25 11:57:34.206 +07:00 [INF] Caching: MissionInfo
2026-07-25 11:57:34.207 +07:00 [INF] Caching...
2026-07-25 11:57:34.224 +07:00 [INF] Caching: ArcadeRewardInfo
2026-07-25 11:57:34.225 +07:00 [INF] Caching...
2026-07-25 11:57:34.241 +07:00 [INF] Caching: ArcadeItemInfo
2026-07-25 11:57:34.241 +07:00 [INF] Caching...
2026-07-25 11:57:34.255 +07:00 [INF] Caching: ChallengeArcadeInfo
2026-07-25 11:57:34.256 +07:00 [INF] Caching...
2026-07-25 11:57:34.275 +07:00 [INF] Caching: TaskListInfo
2026-07-25 11:57:34.276 +07:00 [INF] Caching...
2026-07-25 11:57:34.326 +07:00 [INF] Caching: PromotionInfo
2026-07-25 11:57:34.326 +07:00 [INF] Caching...
2026-07-25 11:57:34.397 +07:00 [INF] Caching: MakeCharacterInfo
2026-07-25 11:57:34.397 +07:00 [INF] Caching...
2026-07-25 11:57:34.437 +07:00 [INF] Caching: SupportItemInfo
2026-07-25 11:57:34.438 +07:00 [INF] Caching...
2026-07-25 11:57:34.445 +07:00 [INF] Starting Web Api
2026-07-25 11:57:34.447 +07:00 [INF] Serverinstances successfully started, ready for connections!
2026-07-25 11:57:34.447 +07:00 [INF] ____________________________________________________________
2026-07-25 11:57:34.552 +07:00 [INF] Connected to authserver
2026-07-25 12:08:18.571 +07:00 [WRN] Lost connection to authserver.
2026-07-25 12:08:24.470 +07:00 [ERR] Failed to connect authserver on endpoint 127.0.0.1:27000.
2026-07-25 12:08:29.276 +07:00 [ERR] Failed to connect authserver on endpoint 127.0.0.1:27000.
2026-07-25 12:08:34.093 +07:00 [ERR] Failed to connect authserver on endpoint 127.0.0.1:27000.
2026-07-25 12:08:38.862 +07:00 [ERR] Failed to connect authserver on endpoint 127.0.0.1:27000.
2026-07-25 12:08:43.670 +07:00 [ERR] Failed to connect authserver on endpoint 127.0.0.1:27000.
2026-07-25 12:08:48.468 +07:00 [ERR] Failed to connect authserver on endpoint 127.0.0.1:27000.
2026-07-25 12:08:53.260 +07:00 [ERR] Failed to connect authserver on endpoint 127.0.0.1:27000.
2026-07-25 12:08:58.091 +07:00 [ERR] Failed to connect authserver on endpoint 127.0.0.1:27000.
2026-07-25 12:09:01.355 +07:00 [INF] Connected to authserver
2026-07-25 12:34:21.313 +07:00 [INF] ============================================
2026-07-25 12:34:21.329 +07:00 [INF] Initializing GameServer build
2026-07-25 12:34:21.330 +07:00 [INF] New IDS
2026-07-25 12:34:21.330 +07:00 [INF] Latest S4
2026-07-25 12:34:21.331 +07:00 [INF] ============================================
2026-07-25 12:34:21.331 +07:00 [INF] Initializing Database
2026-07-25 12:34:21.336 +07:00 [INF] Initializing...
2026-07-25 12:34:21.642 +07:00 [INF] Initializing...
2026-07-25 12:34:21.645 +07:00 [INF] Starting Server
2026-07-25 12:34:21.645 +07:00 [INF] ____________________________________________
2026-07-25 12:34:21.646 +07:00 [INF] ____________________________________________
2026-07-25 12:34:21.646 +07:00 [INF] ============================================
2026-07-25 12:34:21.646 +07:00 [INF] Starting Serverinstances and ResourceCache..
2026-07-25 12:34:21.875 +07:00 [INF] Caching: Channels
2026-07-25 12:34:21.876 +07:00 [INF] Caching...
2026-07-25 12:34:21.889 +07:00 [INF] Caching: Clubs
2026-07-25 12:34:21.889 +07:00 [INF] Caching...
2026-07-25 12:34:21.958 +07:00 [INF] Caching: Effects
2026-07-25 12:34:21.959 +07:00 [INF] Caching...
2026-07-25 12:34:21.997 +07:00 [INF] Caching: Items
2026-07-25 12:34:21.998 +07:00 [INF] Caching...
2026-07-25 12:34:22.077 +07:00 [INF] Caching: DefaultItems
2026-07-25 12:34:22.078 +07:00 [INF] Caching...
2026-07-25 12:34:22.085 +07:00 [INF] Caching: Shop
2026-07-25 12:34:22.086 +07:00 [INF] Caching...
2026-07-25 12:34:22.161 +07:00 [INF] Caching: Experience
2026-07-25 12:34:22.162 +07:00 [INF] Caching...
2026-07-25 12:34:22.168 +07:00 [INF] Caching: Maps
2026-07-25 12:34:22.168 +07:00 [INF] Caching...
2026-07-25 12:34:22.180 +07:00 [INF] Caching: GameTempos
2026-07-25 12:34:22.181 +07:00 [INF] Caching...
2026-07-25 12:34:22.200 +07:00 [INF] Caching: Capsules
2026-07-25 12:34:22.201 +07:00 [INF] Caching...
2026-07-25 12:34:22.245 +07:00 [INF] Caching: RandomShop
2026-07-25 12:34:22.246 +07:00 [INF] Caching...
2026-07-25 12:34:22.254 +07:00 [INF] Caching: CardSystem
2026-07-25 12:34:22.255 +07:00 [INF] Caching...
2026-07-25 12:34:22.274 +07:00 [INF] Caching: ExperienceBonus
2026-07-25 12:34:22.275 +07:00 [INF] Caching...
2026-07-25 12:34:22.281 +07:00 [INF] Caching: PointBonus
2026-07-25 12:34:22.282 +07:00 [INF] Caching...
2026-07-25 12:34:22.290 +07:00 [INF] Caching: MasterExperience
2026-07-25 12:34:22.291 +07:00 [INF] Caching...
2026-07-25 12:34:22.296 +07:00 [INF] Caching: BurningTime
2026-07-25 12:34:22.297 +07:00 [INF] Caching...
2026-07-25 12:34:22.307 +07:00 [INF] Caching: BurningTimePve
2026-07-25 12:34:22.307 +07:00 [INF] Caching...
2026-07-25 12:34:22.308 +07:00 [INF] Caching: EquipLimit
2026-07-25 12:34:22.309 +07:00 [INF] Caching...
2026-07-25 12:34:22.316 +07:00 [INF] Caching: RoomOption
2026-07-25 12:34:22.317 +07:00 [INF] Caching...
2026-07-25 12:34:22.329 +07:00 [INF] Caching: EnchantData
2026-07-25 12:34:22.329 +07:00 [INF] Caching...
2026-07-25 12:34:22.340 +07:00 [INF] Caching: EnchantList
2026-07-25 12:34:22.341 +07:00 [INF] Caching...
2026-07-25 12:34:22.349 +07:00 [INF] Caching: EnchantExtractKey
2026-07-25 12:34:22.350 +07:00 [INF] Caching...
2026-07-25 12:34:22.355 +07:00 [INF] Caching: EsperEnchantPrice
2026-07-25 12:34:22.356 +07:00 [INF] Caching...
2026-07-25 12:34:22.361 +07:00 [INF] Caching: ItemGrade
2026-07-25 12:34:22.362 +07:00 [INF] Caching...
2026-07-25 12:34:22.367 +07:00 [INF] Caching: CombineElement
2026-07-25 12:34:22.368 +07:00 [INF] Caching...
2026-07-25 12:34:22.372 +07:00 [INF] Caching: DecompositionElement
2026-07-25 12:34:22.372 +07:00 [INF] Caching...
2026-07-25 12:34:22.377 +07:00 [INF] Caching: SeizeModeNewInfo
2026-07-25 12:34:22.377 +07:00 [INF] Caching...
2026-07-25 12:34:22.391 +07:00 [INF] Caching: StadiumInfo
2026-07-25 12:34:22.391 +07:00 [INF] Caching...
2026-07-25 12:34:22.399 +07:00 [INF] Caching: DecompositionInfo
2026-07-25 12:34:22.399 +07:00 [INF] Caching...
2026-07-25 12:34:22.416 +07:00 [INF] Caching: CombinationInfo
2026-07-25 12:34:22.417 +07:00 [INF] Caching...
2026-07-25 12:34:22.432 +07:00 [INF] Caching: MissionInfo
2026-07-25 12:34:22.432 +07:00 [INF] Caching...
2026-07-25 12:34:22.440 +07:00 [INF] Caching: ArcadeRewardInfo
2026-07-25 12:34:22.441 +07:00 [INF] Caching...
2026-07-25 12:34:22.447 +07:00 [INF] Caching: ArcadeItemInfo
2026-07-25 12:34:22.447 +07:00 [INF] Caching...
2026-07-25 12:34:22.451 +07:00 [INF] Caching: ChallengeArcadeInfo
2026-07-25 12:34:22.452 +07:00 [INF] Caching...
2026-07-25 12:34:22.461 +07:00 [INF] Caching: TaskListInfo
2026-07-25 12:34:22.462 +07:00 [INF] Caching...
2026-07-25 12:34:22.497 +07:00 [INF] Caching: PromotionInfo
2026-07-25 12:34:22.498 +07:00 [INF] Caching...
2026-07-25 12:34:22.555 +07:00 [INF] Caching: MakeCharacterInfo
2026-07-25 12:34:22.556 +07:00 [INF] Caching...
2026-07-25 12:34:22.587 +07:00 [INF] Caching: SupportItemInfo
2026-07-25 12:34:22.588 +07:00 [INF] Caching...
2026-07-25 12:34:22.594 +07:00 [INF] Starting Web Api
2026-07-25 12:34:22.596 +07:00 [INF] Serverinstances successfully started, ready for connections!
2026-07-25 12:34:22.596 +07:00 [INF] ____________________________________________________________
2026-07-25 12:34:22.610 +07:00 [INF] Connected to authserver
