2026-07-25 12:36:40.472 +07:00 [INF] ============================================
2026-07-25 12:36:40.489 +07:00 [INF] Initializing GameServer build
2026-07-25 12:36:40.490 +07:00 [INF] ============================================
2026-07-25 12:36:40.490 +07:00 [INF] Initializing Database
2026-07-25 12:36:40.494 +07:00 [INF] Initializing...
2026-07-25 12:36:40.786 +07:00 [ERR] MySql.Data.MySqlClient.MySqlException (0x80004005): Authentication to host 'localhost' for user 'dera-' using method 'mysql_native_password' failed with message: Access denied for user 'dera-'@'localhost' (using password: NO) ---> MySql.Data.MySqlClient.MySqlException (0x80004005): Access denied for user 'dera-'@'localhost' (using password: NO)
   at MySql.Data.MySqlClient.MySqlStream.ReadPacket()
   at MySql.Data.MySqlClient.Authentication.MySqlAuthenticationPlugin.ReadPacket()
   at MySql.Data.MySqlClient.Authentication.MySqlAuthenticationPlugin.AuthenticationFailed(Exception ex)
   at MySql.Data.MySqlClient.Authentication.MySqlAuthenticationPlugin.ReadPacket()
   at MySql.Data.MySqlClient.Authentication.MySqlAuthenticationPlugin.Authenticate(Boolean reset)
   at MySql.Data.MySqlClient.NativeDriver.Open()
   at MySql.Data.MySqlClient.Driver.Open()
   at MySql.Data.MySqlClient.Driver.Create(MySqlConnectionStringBuilder settings)
   at MySql.Data.MySqlClient.MySqlPool.CreateNewPooledConnection()
   at MySql.Data.MySqlClient.MySqlPool.GetPooledConnection()
   at MySql.Data.MySqlClient.MySqlPool.TryToGetDriver()
   at MySql.Data.MySqlClient.MySqlPool.GetConnection()
   at MySql.Data.MySqlClient.MySqlConnection.Open()
   at NeoNetsphere.AuthDatabase.Open() in D:\Dera\Project\S4League-Netsphere\src\GameServer\Program.cs:line 811
   at NeoNetsphere.AuthDatabase.Initialize() in D:\Dera\Project\S4League-Netsphere\src\GameServer\Program.cs:line 761
   at NeoNetsphere.Program.Main() in D:\Dera\Project\S4League-Netsphere\src\GameServer\Program.cs:line 163
2026-07-25 12:37:46.272 +07:00 [INF] ============================================
2026-07-25 12:37:46.289 +07:00 [INF] Initializing GameServer build
2026-07-25 12:37:46.289 +07:00 [INF] ============================================
2026-07-25 12:37:46.290 +07:00 [INF] Initializing Database
2026-07-25 12:37:46.294 +07:00 [INF] Initializing...
2026-07-25 12:37:46.603 +07:00 [INF] Initializing...
2026-07-25 12:37:46.606 +07:00 [INF] Starting Server
2026-07-25 12:37:46.606 +07:00 [INF] ____________________________________________
2026-07-25 12:37:46.607 +07:00 [INF] ____________________________________________
2026-07-25 12:37:46.607 +07:00 [INF] ============================================
2026-07-25 12:37:46.608 +07:00 [INF] Starting Serverinstances and ResourceCache..
2026-07-25 12:37:46.868 +07:00 [INF] Caching: Channels
2026-07-25 12:37:46.869 +07:00 [INF] Caching...
2026-07-25 12:37:46.881 +07:00 [INF] Caching: Clubs
2026-07-25 12:37:46.882 +07:00 [INF] Caching...
2026-07-25 12:37:46.948 +07:00 [INF] Caching: Effects
2026-07-25 12:37:46.949 +07:00 [INF] Caching...
2026-07-25 12:37:47.008 +07:00 [INF] Caching: Items
2026-07-25 12:37:47.010 +07:00 [INF] Caching...
2026-07-25 12:37:47.177 +07:00 [INF] Caching: DefaultItems
2026-07-25 12:37:47.178 +07:00 [INF] Caching...
2026-07-25 12:37:47.189 +07:00 [INF] Caching: Shop
2026-07-25 12:37:47.189 +07:00 [INF] Caching...
2026-07-25 12:37:47.272 +07:00 [INF] Caching: Experience
2026-07-25 12:37:47.273 +07:00 [INF] Caching...
2026-07-25 12:37:47.279 +07:00 [INF] Caching: Maps
2026-07-25 12:37:47.279 +07:00 [INF] Caching...
2026-07-25 12:37:47.303 +07:00 [INF] Caching: GameTempos
2026-07-25 12:37:47.304 +07:00 [INF] Caching...
2026-07-25 12:37:47.331 +07:00 [INF] Caching: Capsules
2026-07-25 12:37:47.332 +07:00 [INF] Caching...
2026-07-25 12:37:47.394 +07:00 [INF] Caching: RandomShop
2026-07-25 12:37:47.395 +07:00 [INF] Caching...
2026-07-25 12:37:47.404 +07:00 [INF] Caching: CardSystem
2026-07-25 12:37:47.405 +07:00 [INF] Caching...
2026-07-25 12:37:47.422 +07:00 [INF] Caching: ExperienceBonus
2026-07-25 12:37:47.423 +07:00 [INF] Caching...
2026-07-25 12:37:47.430 +07:00 [INF] Caching: PointBonus
2026-07-25 12:37:47.431 +07:00 [INF] Caching...
2026-07-25 12:37:47.446 +07:00 [INF] Caching: MasterExperience
2026-07-25 12:37:47.446 +07:00 [INF] Caching...
2026-07-25 12:37:47.452 +07:00 [INF] Caching: BurningTime
2026-07-25 12:37:47.453 +07:00 [INF] Caching...
2026-07-25 12:37:47.471 +07:00 [INF] Caching: BurningTimePve
2026-07-25 12:37:47.472 +07:00 [INF] Caching...
2026-07-25 12:37:47.478 +07:00 [INF] Caching: EquipLimit
2026-07-25 12:37:47.478 +07:00 [INF] Caching...
2026-07-25 12:37:47.494 +07:00 [INF] Caching: RoomOption
2026-07-25 12:37:47.495 +07:00 [INF] Caching...
2026-07-25 12:37:47.507 +07:00 [INF] Caching: EnchantData
2026-07-25 12:37:47.508 +07:00 [INF] Caching...
2026-07-25 12:37:47.525 +07:00 [INF] Caching: EnchantList
2026-07-25 12:37:47.526 +07:00 [INF] Caching...
2026-07-25 12:37:47.540 +07:00 [INF] Caching: EnchantExtractKey
2026-07-25 12:37:47.540 +07:00 [INF] Caching...
2026-07-25 12:37:47.547 +07:00 [INF] Caching: EsperEnchantPrice
2026-07-25 12:37:47.547 +07:00 [INF] Caching...
2026-07-25 12:37:47.553 +07:00 [INF] Caching: ItemGrade
2026-07-25 12:37:47.554 +07:00 [INF] Caching...
2026-07-25 12:37:47.564 +07:00 [INF] Caching: CombineElement
2026-07-25 12:37:47.565 +07:00 [INF] Caching...
2026-07-25 12:37:47.570 +07:00 [INF] Caching: DecompositionElement
2026-07-25 12:37:47.571 +07:00 [INF] Caching...
2026-07-25 12:37:47.575 +07:00 [INF] Caching: SeizeModeNewInfo
2026-07-25 12:37:47.576 +07:00 [INF] Caching...
2026-07-25 12:37:47.591 +07:00 [INF] Caching: StadiumInfo
2026-07-25 12:37:47.591 +07:00 [INF] Caching...
2026-07-25 12:37:47.599 +07:00 [INF] Caching: DecompositionInfo
2026-07-25 12:37:47.600 +07:00 [INF] Caching...
2026-07-25 12:37:47.614 +07:00 [INF] Caching: CombinationInfo
2026-07-25 12:37:47.615 +07:00 [INF] Caching...
2026-07-25 12:37:47.641 +07:00 [INF] Caching: MissionInfo
2026-07-25 12:37:47.641 +07:00 [INF] Caching...
2026-07-25 12:37:47.658 +07:00 [INF] Caching: ArcadeRewardInfo
2026-07-25 12:37:47.658 +07:00 [INF] Caching...
2026-07-25 12:37:47.674 +07:00 [INF] Caching: ArcadeItemInfo
2026-07-25 12:37:47.675 +07:00 [INF] Caching...
2026-07-25 12:37:47.687 +07:00 [INF] Caching: ChallengeArcadeInfo
2026-07-25 12:37:47.688 +07:00 [INF] Caching...
2026-07-25 12:37:47.707 +07:00 [INF] Caching: TaskListInfo
2026-07-25 12:37:47.707 +07:00 [INF] Caching...
2026-07-25 12:37:47.752 +07:00 [INF] Caching: PromotionInfo
2026-07-25 12:37:47.753 +07:00 [INF] Caching...
2026-07-25 12:37:47.815 +07:00 [INF] Caching: MakeCharacterInfo
2026-07-25 12:37:47.816 +07:00 [INF] Caching...
2026-07-25 12:37:47.854 +07:00 [INF] Caching: SupportItemInfo
2026-07-25 12:37:47.855 +07:00 [INF] Caching...
2026-07-25 12:37:47.862 +07:00 [INF] Starting Web Api
2026-07-25 12:37:47.863 +07:00 [INF] Serverinstances successfully started, ready for connections!
2026-07-25 12:37:47.864 +07:00 [INF] ____________________________________________________________
2026-07-25 12:37:47.877 +07:00 [INF] Connected to authserver
2026-07-25 12:47:18.274 +07:00 [WRN] Lost connection to authserver.
