2026-08-04 13:19:00.428 +07:00 [INF] ============================================
2026-08-04 13:19:00.446 +07:00 [INF] Initializing GameServer build
2026-08-04 13:19:00.447 +07:00 [INF] New IDS
2026-08-04 13:19:00.448 +07:00 [INF] Latest S4
2026-08-04 13:19:00.448 +07:00 [INF] ============================================
2026-08-04 13:19:00.448 +07:00 [INF] Initializing Database
2026-08-04 13:19:00.454 +07:00 [INF] Initializing...
2026-08-04 13:19:00.809 +07:00 [ERR] MySql.Data.MySqlClient.MySqlException (0x80004005): Authentication to host 'localhost' for user 'dera-' using method 'caching_sha2_password' failed with message: Access denied for user 'dera-'@'localhost' (using password: NO) ---> MySql.Data.MySqlClient.MySqlException (0x80004005): Access denied for user 'dera-'@'localhost' (using password: NO)
   at MySql.Data.MySqlClient.MySqlStream.ReadPacket()
   at MySql.Data.MySqlClient.Authentication.MySqlAuthenticationPlugin.ReadPacket()
   at MySql.Data.MySqlClient.Authentication.MySqlAuthenticationPlugin.AuthenticationFailed(Exception ex)
   at MySql.Data.MySqlClient.Authentication.MySqlAuthenticationPlugin.ReadPacket()
   at MySql.Data.MySqlClient.Authentication.MySqlAuthenticationPlugin.ContinueAuthentication(Byte[] data)
   at MySql.Data.MySqlClient.Authentication.MySqlAuthenticationPlugin.Authenticate(Boolean reset)
   at MySql.Data.MySqlClient.NativeDriver.Open()
   at MySql.Data.MySqlClient.Driver.Open()
   at MySql.Data.MySqlClient.Driver.Create(MySqlConnectionStringBuilder settings)
   at MySql.Data.MySqlClient.MySqlPool.CreateNewPooledConnection()
   at MySql.Data.MySqlClient.MySqlPool.GetPooledConnection()
   at MySql.Data.MySqlClient.MySqlPool.TryToGetDriver()
   at MySql.Data.MySqlClient.MySqlPool.GetConnection()
   at MySql.Data.MySqlClient.MySqlConnection.Open()
   at NeoNetsphere.AuthDatabase.Open() in D:\Dera\Project\S4League-Netsphere\src\GameServer\Program.cs:line 812
   at NeoNetsphere.AuthDatabase.Initialize() in D:\Dera\Project\S4League-Netsphere\src\GameServer\Program.cs:line 759
   at NeoNetsphere.Program.Main() in D:\Dera\Project\S4League-Netsphere\src\GameServer\Program.cs:line 164
2026-08-04 13:20:02.914 +07:00 [INF] ============================================
2026-08-04 13:20:02.933 +07:00 [INF] Initializing GameServer build
2026-08-04 13:20:02.934 +07:00 [INF] New IDS
2026-08-04 13:20:02.934 +07:00 [INF] Latest S4
2026-08-04 13:20:02.935 +07:00 [INF] ============================================
2026-08-04 13:20:02.935 +07:00 [INF] Initializing Database
2026-08-04 13:20:02.940 +07:00 [INF] Initializing...
2026-08-04 13:20:03.289 +07:00 [INF] Initializing...
2026-08-04 13:20:03.292 +07:00 [INF] Starting Server
2026-08-04 13:20:03.293 +07:00 [INF] ____________________________________________
2026-08-04 13:20:03.293 +07:00 [INF] ____________________________________________
2026-08-04 13:20:03.294 +07:00 [INF] ============================================
2026-08-04 13:20:03.294 +07:00 [INF] Starting Serverinstances and ResourceCache..
2026-08-04 13:20:03.620 +07:00 [INF] Caching: Channels
2026-08-04 13:20:03.621 +07:00 [INF] Caching...
2026-08-04 13:20:03.645 +07:00 [INF] Caching: Clubs
2026-08-04 13:20:03.646 +07:00 [INF] Caching...
2026-08-04 13:20:03.707 +07:00 [INF] Starting - tcp=127.0.0.1:28004 udp=null udp-port=null
2026-08-04 13:20:03.760 +07:00 [INF] Starting - tcp=127.0.0.1:28005 udp=127.0.0.1 udp-port=null
2026-08-04 13:20:03.762 +07:00 [INF] Starting - tcp=127.0.0.1:28003 udp=null udp-port=null
2026-08-04 13:20:03.764 +07:00 [INF] Caching: Effects
2026-08-04 13:20:03.765 +07:00 [INF] Caching...
2026-08-04 13:20:03.852 +07:00 [INF] Caching: Items
2026-08-04 13:20:03.853 +07:00 [INF] Caching...
2026-08-04 13:20:04.048 +07:00 [INF] Caching: DefaultItems
2026-08-04 13:20:04.049 +07:00 [INF] Caching...
2026-08-04 13:20:04.058 +07:00 [INF] Caching: Shop
2026-08-04 13:20:04.059 +07:00 [INF] Caching...
2026-08-04 13:20:04.197 +07:00 [INF] Caching: Experience
2026-08-04 13:20:04.198 +07:00 [INF] Caching...
2026-08-04 13:20:04.204 +07:00 [INF] Caching: Maps
2026-08-04 13:20:04.205 +07:00 [INF] Caching...
2026-08-04 13:20:04.231 +07:00 [INF] Caching: GameTempos
2026-08-04 13:20:04.232 +07:00 [INF] Caching...
2026-08-04 13:20:04.262 +07:00 [INF] Caching: Capsules
2026-08-04 13:20:04.263 +07:00 [INF] Caching...
2026-08-04 13:20:04.333 +07:00 [INF] Caching: RandomShop
2026-08-04 13:20:04.334 +07:00 [INF] Caching...
2026-08-04 13:20:04.344 +07:00 [INF] Caching: CardSystem
2026-08-04 13:20:04.344 +07:00 [INF] Caching...
2026-08-04 13:20:04.372 +07:00 [INF] Caching: ExperienceBonus
2026-08-04 13:20:04.373 +07:00 [INF] Caching...
2026-08-04 13:20:04.394 +07:00 [INF] Caching: PointBonus
2026-08-04 13:20:04.395 +07:00 [INF] Caching...
2026-08-04 13:20:04.415 +07:00 [INF] Caching: MasterExperience
2026-08-04 13:20:04.416 +07:00 [INF] Caching...
2026-08-04 13:20:04.423 +07:00 [INF] Caching: BurningTime
2026-08-04 13:20:04.424 +07:00 [INF] Caching...
2026-08-04 13:20:04.443 +07:00 [INF] Caching: BurningTimePve
2026-08-04 13:20:04.444 +07:00 [INF] Caching...
2026-08-04 13:20:04.452 +07:00 [INF] Caching: EquipLimit
2026-08-04 13:20:04.452 +07:00 [INF] Caching...
2026-08-04 13:20:04.471 +07:00 [INF] Caching: RoomOption
2026-08-04 13:20:04.472 +07:00 [INF] Caching...
2026-08-04 13:20:04.491 +07:00 [INF] Caching: EnchantData
2026-08-04 13:20:04.492 +07:00 [INF] Caching...
2026-08-04 13:20:04.511 +07:00 [INF] Caching: EnchantList
2026-08-04 13:20:04.512 +07:00 [INF] Caching...
2026-08-04 13:20:04.528 +07:00 [INF] Caching: EnchantExtractKey
2026-08-04 13:20:04.529 +07:00 [INF] Caching...
2026-08-04 13:20:04.546 +07:00 [INF] Caching: EsperEnchantPrice
2026-08-04 13:20:04.547 +07:00 [INF] Caching...
2026-08-04 13:20:04.554 +07:00 [INF] Caching: ItemGrade
2026-08-04 13:20:04.555 +07:00 [INF] Caching...
2026-08-04 13:20:04.567 +07:00 [INF] Caching: CombineElement
2026-08-04 13:20:04.568 +07:00 [INF] Caching...
2026-08-04 13:20:04.574 +07:00 [INF] Caching: DecompositionElement
2026-08-04 13:20:04.575 +07:00 [INF] Caching...
2026-08-04 13:20:04.582 +07:00 [INF] Caching: SeizeModeNewInfo
2026-08-04 13:20:04.583 +07:00 [INF] Caching...
2026-08-04 13:20:04.599 +07:00 [INF] Caching: StadiumInfo
2026-08-04 13:20:04.600 +07:00 [INF] Caching...
2026-08-04 13:20:04.622 +07:00 [INF] Caching: DecompositionInfo
2026-08-04 13:20:04.623 +07:00 [INF] Caching...
2026-08-04 13:20:04.642 +07:00 [INF] Caching: CombinationInfo
2026-08-04 13:20:04.643 +07:00 [INF] Caching...
2026-08-04 13:20:04.669 +07:00 [INF] Caching: MissionInfo
2026-08-04 13:20:04.669 +07:00 [INF] Caching...
2026-08-04 13:20:04.689 +07:00 [INF] Caching: ArcadeRewardInfo
2026-08-04 13:20:04.690 +07:00 [INF] Caching...
2026-08-04 13:20:04.709 +07:00 [INF] Caching: ArcadeItemInfo
2026-08-04 13:20:04.710 +07:00 [INF] Caching...
2026-08-04 13:20:04.726 +07:00 [INF] Caching: ChallengeArcadeInfo
2026-08-04 13:20:04.727 +07:00 [INF] Caching...
2026-08-04 13:20:04.750 +07:00 [INF] Caching: TaskListInfo
2026-08-04 13:20:04.751 +07:00 [INF] Caching...
2026-08-04 13:20:04.801 +07:00 [INF] Caching: PromotionInfo
2026-08-04 13:20:04.802 +07:00 [INF] Caching...
2026-08-04 13:20:04.877 +07:00 [INF] Caching: MakeCharacterInfo
2026-08-04 13:20:04.879 +07:00 [INF] Caching...
2026-08-04 13:20:04.920 +07:00 [INF] Caching: SupportItemInfo
2026-08-04 13:20:04.921 +07:00 [INF] Caching...
2026-08-04 13:20:04.929 +07:00 [INF] Starting Web Api
2026-08-04 13:20:04.932 +07:00 [INF] Serverinstances successfully started, ready for connections!
2026-08-04 13:20:04.933 +07:00 [INF] ____________________________________________________________
2026-08-04 13:20:04.949 +07:00 [INF] Connected to authserver
2026-08-04 13:50:59.630 +07:00 [INF] ============================================
2026-08-04 13:50:59.648 +07:00 [INF] Initializing GameServer build
2026-08-04 13:50:59.648 +07:00 [INF] New IDS
2026-08-04 13:50:59.649 +07:00 [INF] Latest S4
2026-08-04 13:50:59.649 +07:00 [INF] ============================================
2026-08-04 13:50:59.650 +07:00 [INF] Initializing Database
2026-08-04 13:50:59.655 +07:00 [INF] Initializing...
2026-08-04 13:50:59.986 +07:00 [INF] Initializing...
2026-08-04 13:50:59.988 +07:00 [INF] Starting Server
2026-08-04 13:50:59.989 +07:00 [INF] ____________________________________________
2026-08-04 13:50:59.989 +07:00 [INF] ____________________________________________
2026-08-04 13:50:59.989 +07:00 [INF] ============================================
2026-08-04 13:50:59.990 +07:00 [INF] Starting Serverinstances and ResourceCache..
2026-08-04 13:51:00.318 +07:00 [INF] Caching: Channels
2026-08-04 13:51:00.319 +07:00 [INF] Caching...
2026-08-04 13:51:00.334 +07:00 [INF] Caching: Clubs
2026-08-04 13:51:00.335 +07:00 [INF] Caching...
2026-08-04 13:51:00.361 +07:00 [INF] Starting - tcp=127.0.0.1:28004 udp=null udp-port=null
2026-08-04 13:51:00.411 +07:00 [INF] Starting - tcp=127.0.0.1:28005 udp=127.0.0.1 udp-port=null
2026-08-04 13:51:00.412 +07:00 [INF] Starting - tcp=127.0.0.1:28003 udp=null udp-port=null
2026-08-04 13:51:00.414 +07:00 [INF] Caching: Effects
2026-08-04 13:51:00.415 +07:00 [INF] Caching...
2026-08-04 13:51:00.456 +07:00 [INF] Caching: Items
2026-08-04 13:51:00.458 +07:00 [INF] Caching...
2026-08-04 13:51:00.547 +07:00 [INF] Caching: DefaultItems
2026-08-04 13:51:00.548 +07:00 [INF] Caching...
2026-08-04 13:51:00.556 +07:00 [INF] Caching: Shop
2026-08-04 13:51:00.556 +07:00 [INF] Caching...
2026-08-04 13:51:00.646 +07:00 [INF] Caching: Experience
2026-08-04 13:51:00.647 +07:00 [INF] Caching...
2026-08-04 13:51:00.652 +07:00 [INF] Caching: Maps
2026-08-04 13:51:00.653 +07:00 [INF] Caching...
2026-08-04 13:51:00.664 +07:00 [INF] Caching: GameTempos
2026-08-04 13:51:00.665 +07:00 [INF] Caching...
2026-08-04 13:51:00.682 +07:00 [INF] Caching: Capsules
2026-08-04 13:51:00.683 +07:00 [INF] Caching...
2026-08-04 13:51:00.729 +07:00 [INF] Caching: RandomShop
2026-08-04 13:51:00.730 +07:00 [INF] Caching...
2026-08-04 13:51:00.739 +07:00 [INF] Caching: CardSystem
2026-08-04 13:51:00.739 +07:00 [INF] Caching...
2026-08-04 13:51:00.762 +07:00 [INF] Caching: ExperienceBonus
2026-08-04 13:51:00.763 +07:00 [INF] Caching...
2026-08-04 13:51:00.770 +07:00 [INF] Caching: PointBonus
2026-08-04 13:51:00.770 +07:00 [INF] Caching...
2026-08-04 13:51:00.780 +07:00 [INF] Caching: MasterExperience
2026-08-04 13:51:00.781 +07:00 [INF] Caching...
2026-08-04 13:51:00.786 +07:00 [INF] Caching: BurningTime
2026-08-04 13:51:00.787 +07:00 [INF] Caching...
2026-08-04 13:51:00.797 +07:00 [INF] Caching: BurningTimePve
2026-08-04 13:51:00.797 +07:00 [INF] Caching...
2026-08-04 13:51:00.798 +07:00 [INF] Caching: EquipLimit
2026-08-04 13:51:00.799 +07:00 [INF] Caching...
2026-08-04 13:51:00.807 +07:00 [INF] Caching: RoomOption
2026-08-04 13:51:00.808 +07:00 [INF] Caching...
2026-08-04 13:51:00.820 +07:00 [INF] Caching: EnchantData
2026-08-04 13:51:00.821 +07:00 [INF] Caching...
2026-08-04 13:51:00.833 +07:00 [INF] Caching: EnchantList
2026-08-04 13:51:00.834 +07:00 [INF] Caching...
2026-08-04 13:51:00.842 +07:00 [INF] Caching: EnchantExtractKey
2026-08-04 13:51:00.843 +07:00 [INF] Caching...
2026-08-04 13:51:00.848 +07:00 [INF] Caching: EsperEnchantPrice
2026-08-04 13:51:00.849 +07:00 [INF] Caching...
2026-08-04 13:51:00.855 +07:00 [INF] Caching: ItemGrade
2026-08-04 13:51:00.856 +07:00 [INF] Caching...
2026-08-04 13:51:00.861 +07:00 [INF] Caching: CombineElement
2026-08-04 13:51:00.862 +07:00 [INF] Caching...
2026-08-04 13:51:00.866 +07:00 [INF] Caching: DecompositionElement
2026-08-04 13:51:00.867 +07:00 [INF] Caching...
2026-08-04 13:51:00.872 +07:00 [INF] Caching: SeizeModeNewInfo
2026-08-04 13:51:00.873 +07:00 [INF] Caching...
2026-08-04 13:51:00.887 +07:00 [INF] Caching: StadiumInfo
2026-08-04 13:51:00.888 +07:00 [INF] Caching...
2026-08-04 13:51:00.899 +07:00 [INF] Caching: DecompositionInfo
2026-08-04 13:51:00.900 +07:00 [INF] Caching...
2026-08-04 13:51:00.914 +07:00 [INF] Caching: CombinationInfo
2026-08-04 13:51:00.915 +07:00 [INF] Caching...
2026-08-04 13:51:00.930 +07:00 [INF] Caching: MissionInfo
2026-08-04 13:51:00.931 +07:00 [INF] Caching...
2026-08-04 13:51:00.940 +07:00 [INF] Caching: ArcadeRewardInfo
2026-08-04 13:51:00.941 +07:00 [INF] Caching...
2026-08-04 13:51:00.947 +07:00 [INF] Caching: ArcadeItemInfo
2026-08-04 13:51:00.947 +07:00 [INF] Caching...
2026-08-04 13:51:00.951 +07:00 [INF] Caching: ChallengeArcadeInfo
2026-08-04 13:51:00.952 +07:00 [INF] Caching...
2026-08-04 13:51:00.962 +07:00 [INF] Caching: TaskListInfo
2026-08-04 13:51:00.963 +07:00 [INF] Caching...
2026-08-04 13:51:00.999 +07:00 [INF] Caching: PromotionInfo
2026-08-04 13:51:01.000 +07:00 [INF] Caching...
2026-08-04 13:51:01.056 +07:00 [INF] Caching: MakeCharacterInfo
2026-08-04 13:51:01.057 +07:00 [INF] Caching...
2026-08-04 13:51:01.088 +07:00 [INF] Caching: SupportItemInfo
2026-08-04 13:51:01.089 +07:00 [INF] Caching...
2026-08-04 13:51:01.096 +07:00 [INF] Starting Web Api
2026-08-04 13:51:01.097 +07:00 [INF] Serverinstances successfully started, ready for connections!
2026-08-04 13:51:01.097 +07:00 [INF] ____________________________________________________________
2026-08-04 13:51:01.113 +07:00 [INF] Connected to authserver
2026-08-04 14:04:50.338 +07:00 [INF] Closing...
2026-08-04 14:04:51.598 +07:00 [INF] ============================================
2026-08-04 14:04:51.616 +07:00 [INF] Initializing GameServer build
2026-08-04 14:04:51.616 +07:00 [INF] New IDS
2026-08-04 14:04:51.617 +07:00 [INF] Latest S4
2026-08-04 14:04:51.617 +07:00 [INF] ============================================
2026-08-04 14:04:51.618 +07:00 [INF] Initializing Database
2026-08-04 14:04:51.623 +07:00 [INF] Initializing...
2026-08-04 14:04:51.947 +07:00 [INF] Initializing...
2026-08-04 14:04:51.951 +07:00 [INF] Starting Server
2026-08-04 14:04:51.951 +07:00 [INF] ____________________________________________
2026-08-04 14:04:51.951 +07:00 [INF] ____________________________________________
2026-08-04 14:04:51.952 +07:00 [INF] ============================================
2026-08-04 14:04:51.952 +07:00 [INF] Starting Serverinstances and ResourceCache..
2026-08-04 14:04:52.196 +07:00 [INF] Caching: Channels
2026-08-04 14:04:52.197 +07:00 [INF] Caching...
2026-08-04 14:04:52.211 +07:00 [INF] Caching: Clubs
2026-08-04 14:04:52.211 +07:00 [INF] Caching...
2026-08-04 14:04:52.236 +07:00 [INF] Starting - tcp=127.0.0.1:28004 udp=null udp-port=null
2026-08-04 14:04:52.286 +07:00 [INF] Starting - tcp=127.0.0.1:28005 udp=127.0.0.1 udp-port=null
2026-08-04 14:04:52.287 +07:00 [INF] Starting - tcp=127.0.0.1:28003 udp=null udp-port=null
2026-08-04 14:04:52.289 +07:00 [INF] Caching: Effects
2026-08-04 14:04:52.290 +07:00 [INF] Caching...
2026-08-04 14:04:52.330 +07:00 [INF] Caching: Items
2026-08-04 14:04:52.331 +07:00 [INF] Caching...
2026-08-04 14:04:52.416 +07:00 [INF] Caching: DefaultItems
2026-08-04 14:04:52.417 +07:00 [INF] Caching...
2026-08-04 14:04:52.425 +07:00 [INF] Caching: Shop
2026-08-04 14:04:52.426 +07:00 [INF] Caching...
2026-08-04 14:04:52.513 +07:00 [INF] Caching: Experience
2026-08-04 14:04:52.514 +07:00 [INF] Caching...
2026-08-04 14:04:52.519 +07:00 [INF] Caching: Maps
2026-08-04 14:04:52.520 +07:00 [INF] Caching...
2026-08-04 14:04:52.531 +07:00 [INF] Caching: GameTempos
2026-08-04 14:04:52.532 +07:00 [INF] Caching...
2026-08-04 14:04:52.549 +07:00 [INF] Caching: Capsules
2026-08-04 14:04:52.549 +07:00 [INF] Caching...
2026-08-04 14:04:52.594 +07:00 [INF] Caching: RandomShop
2026-08-04 14:04:52.595 +07:00 [INF] Caching...
2026-08-04 14:04:52.604 +07:00 [INF] Caching: CardSystem
2026-08-04 14:04:52.605 +07:00 [INF] Caching...
2026-08-04 14:04:52.625 +07:00 [INF] Caching: ExperienceBonus
2026-08-04 14:04:52.626 +07:00 [INF] Caching...
2026-08-04 14:04:52.632 +07:00 [INF] Caching: PointBonus
2026-08-04 14:04:52.632 +07:00 [INF] Caching...
2026-08-04 14:04:52.641 +07:00 [INF] Caching: MasterExperience
2026-08-04 14:04:52.642 +07:00 [INF] Caching...
2026-08-04 14:04:52.646 +07:00 [INF] Caching: BurningTime
2026-08-04 14:04:52.647 +07:00 [INF] Caching...
2026-08-04 14:04:52.656 +07:00 [INF] Caching: BurningTimePve
2026-08-04 14:04:52.657 +07:00 [INF] Caching...
2026-08-04 14:04:52.658 +07:00 [INF] Caching: EquipLimit
2026-08-04 14:04:52.659 +07:00 [INF] Caching...
2026-08-04 14:04:52.666 +07:00 [INF] Caching: RoomOption
2026-08-04 14:04:52.667 +07:00 [INF] Caching...
2026-08-04 14:04:52.679 +07:00 [INF] Caching: EnchantData
2026-08-04 14:04:52.680 +07:00 [INF] Caching...
2026-08-04 14:04:52.692 +07:00 [INF] Caching: EnchantList
2026-08-04 14:04:52.692 +07:00 [INF] Caching...
2026-08-04 14:04:52.700 +07:00 [INF] Caching: EnchantExtractKey
2026-08-04 14:04:52.701 +07:00 [INF] Caching...
2026-08-04 14:04:52.706 +07:00 [INF] Caching: EsperEnchantPrice
2026-08-04 14:04:52.707 +07:00 [INF] Caching...
2026-08-04 14:04:52.713 +07:00 [INF] Caching: ItemGrade
2026-08-04 14:04:52.713 +07:00 [INF] Caching...
2026-08-04 14:04:52.719 +07:00 [INF] Caching: CombineElement
2026-08-04 14:04:52.719 +07:00 [INF] Caching...
2026-08-04 14:04:52.723 +07:00 [INF] Caching: DecompositionElement
2026-08-04 14:04:52.724 +07:00 [INF] Caching...
2026-08-04 14:04:52.728 +07:00 [INF] Caching: SeizeModeNewInfo
2026-08-04 14:04:52.729 +07:00 [INF] Caching...
2026-08-04 14:04:52.742 +07:00 [INF] Caching: StadiumInfo
2026-08-04 14:04:52.743 +07:00 [INF] Caching...
2026-08-04 14:04:52.754 +07:00 [INF] Caching: DecompositionInfo
2026-08-04 14:04:52.754 +07:00 [INF] Caching...
2026-08-04 14:04:52.768 +07:00 [INF] Caching: CombinationInfo
2026-08-04 14:04:52.770 +07:00 [INF] Caching...
2026-08-04 14:04:52.784 +07:00 [INF] Caching: MissionInfo
2026-08-04 14:04:52.785 +07:00 [INF] Caching...
2026-08-04 14:04:52.793 +07:00 [INF] Caching: ArcadeRewardInfo
2026-08-04 14:04:52.794 +07:00 [INF] Caching...
2026-08-04 14:04:52.799 +07:00 [INF] Caching: ArcadeItemInfo
2026-08-04 14:04:52.800 +07:00 [INF] Caching...
2026-08-04 14:04:52.804 +07:00 [INF] Caching: ChallengeArcadeInfo
2026-08-04 14:04:52.805 +07:00 [INF] Caching...
2026-08-04 14:04:52.814 +07:00 [INF] Caching: TaskListInfo
2026-08-04 14:04:52.815 +07:00 [INF] Caching...
2026-08-04 14:04:52.850 +07:00 [INF] Caching: PromotionInfo
2026-08-04 14:04:52.851 +07:00 [INF] Caching...
2026-08-04 14:04:52.909 +07:00 [INF] Caching: MakeCharacterInfo
2026-08-04 14:04:52.910 +07:00 [INF] Caching...
2026-08-04 14:04:52.939 +07:00 [INF] Caching: SupportItemInfo
2026-08-04 14:04:52.940 +07:00 [INF] Caching...
2026-08-04 14:04:52.947 +07:00 [INF] Starting Web Api
2026-08-04 14:04:52.948 +07:00 [INF] Serverinstances successfully started, ready for connections!
2026-08-04 14:04:52.949 +07:00 [INF] ____________________________________________________________
2026-08-04 14:04:52.963 +07:00 [INF] Connected to authserver
2026-08-04 14:39:01.698 +07:00 [INF] Closing...
2026-08-04 14:39:03.124 +07:00 [INF] ============================================
2026-08-04 14:39:03.141 +07:00 [INF] Initializing GameServer build
2026-08-04 14:39:03.142 +07:00 [INF] New IDS
2026-08-04 14:39:03.142 +07:00 [INF] Latest S4
2026-08-04 14:39:03.143 +07:00 [INF] ============================================
2026-08-04 14:39:03.143 +07:00 [INF] Initializing Database
2026-08-04 14:39:03.149 +07:00 [INF] Initializing...
2026-08-04 14:39:03.495 +07:00 [INF] Initializing...
2026-08-04 14:39:03.498 +07:00 [INF] Starting Server
2026-08-04 14:39:03.499 +07:00 [INF] ____________________________________________
2026-08-04 14:39:03.499 +07:00 [INF] ____________________________________________
2026-08-04 14:39:03.500 +07:00 [INF] ============================================
2026-08-04 14:39:03.500 +07:00 [INF] Starting Serverinstances and ResourceCache..
2026-08-04 14:39:03.779 +07:00 [INF] Caching: Channels
2026-08-04 14:39:03.780 +07:00 [INF] Caching...
2026-08-04 14:39:03.794 +07:00 [INF] Caching: Clubs
2026-08-04 14:39:03.795 +07:00 [INF] Caching...
2026-08-04 14:39:03.823 +07:00 [INF] Starting - tcp=127.0.0.1:28004 udp=null udp-port=null
2026-08-04 14:39:03.875 +07:00 [INF] Starting - tcp=127.0.0.1:28005 udp=127.0.0.1 udp-port=null
2026-08-04 14:39:03.876 +07:00 [INF] Starting - tcp=127.0.0.1:28003 udp=null udp-port=null
2026-08-04 14:39:03.878 +07:00 [INF] Caching: Effects
2026-08-04 14:39:03.879 +07:00 [INF] Caching...
2026-08-04 14:39:03.923 +07:00 [INF] Caching: Items
2026-08-04 14:39:03.924 +07:00 [INF] Caching...
2026-08-04 14:39:04.019 +07:00 [INF] Caching: DefaultItems
2026-08-04 14:39:04.020 +07:00 [INF] Caching...
2026-08-04 14:39:04.028 +07:00 [INF] Caching: Shop
2026-08-04 14:39:04.029 +07:00 [INF] Caching...
2026-08-04 14:39:04.120 +07:00 [INF] Caching: Experience
2026-08-04 14:39:04.121 +07:00 [INF] Caching...
2026-08-04 14:39:04.126 +07:00 [INF] Caching: Maps
2026-08-04 14:39:04.127 +07:00 [INF] Caching...
2026-08-04 14:39:04.139 +07:00 [INF] Caching: GameTempos
2026-08-04 14:39:04.140 +07:00 [INF] Caching...
2026-08-04 14:39:04.157 +07:00 [INF] Caching: Capsules
2026-08-04 14:39:04.158 +07:00 [INF] Caching...
2026-08-04 14:39:04.209 +07:00 [INF] Caching: RandomShop
2026-08-04 14:39:04.210 +07:00 [INF] Caching...
2026-08-04 14:39:04.220 +07:00 [INF] Caching: CardSystem
2026-08-04 14:39:04.220 +07:00 [INF] Caching...
2026-08-04 14:39:04.242 +07:00 [INF] Caching: ExperienceBonus
2026-08-04 14:39:04.243 +07:00 [INF] Caching...
2026-08-04 14:39:04.249 +07:00 [INF] Caching: PointBonus
2026-08-04 14:39:04.250 +07:00 [INF] Caching...
2026-08-04 14:39:04.260 +07:00 [INF] Caching: MasterExperience
2026-08-04 14:39:04.261 +07:00 [INF] Caching...
2026-08-04 14:39:04.266 +07:00 [INF] Caching: BurningTime
2026-08-04 14:39:04.267 +07:00 [INF] Caching...
2026-08-04 14:39:04.278 +07:00 [INF] Caching: BurningTimePve
2026-08-04 14:39:04.279 +07:00 [INF] Caching...
2026-08-04 14:39:04.280 +07:00 [INF] Caching: EquipLimit
2026-08-04 14:39:04.280 +07:00 [INF] Caching...
2026-08-04 14:39:04.289 +07:00 [INF] Caching: RoomOption
2026-08-04 14:39:04.290 +07:00 [INF] Caching...
2026-08-04 14:39:04.304 +07:00 [INF] Caching: EnchantData
2026-08-04 14:39:04.305 +07:00 [INF] Caching...
2026-08-04 14:39:04.317 +07:00 [INF] Caching: EnchantList
2026-08-04 14:39:04.318 +07:00 [INF] Caching...
2026-08-04 14:39:04.326 +07:00 [INF] Caching: EnchantExtractKey
2026-08-04 14:39:04.327 +07:00 [INF] Caching...
2026-08-04 14:39:04.333 +07:00 [INF] Caching: EsperEnchantPrice
2026-08-04 14:39:04.334 +07:00 [INF] Caching...
2026-08-04 14:39:04.340 +07:00 [INF] Caching: ItemGrade
2026-08-04 14:39:04.341 +07:00 [INF] Caching...
2026-08-04 14:39:04.347 +07:00 [INF] Caching: CombineElement
2026-08-04 14:39:04.348 +07:00 [INF] Caching...
2026-08-04 14:39:04.353 +07:00 [INF] Caching: DecompositionElement
2026-08-04 14:39:04.353 +07:00 [INF] Caching...
2026-08-04 14:39:04.358 +07:00 [INF] Caching: SeizeModeNewInfo
2026-08-04 14:39:04.359 +07:00 [INF] Caching...
2026-08-04 14:39:04.374 +07:00 [INF] Caching: StadiumInfo
2026-08-04 14:39:04.375 +07:00 [INF] Caching...
2026-08-04 14:39:04.384 +07:00 [INF] Caching: DecompositionInfo
2026-08-04 14:39:04.388 +07:00 [INF] Caching...
2026-08-04 14:39:04.403 +07:00 [INF] Caching: CombinationInfo
2026-08-04 14:39:04.404 +07:00 [INF] Caching...
2026-08-04 14:39:04.420 +07:00 [INF] Caching: MissionInfo
2026-08-04 14:39:04.420 +07:00 [INF] Caching...
2026-08-04 14:39:04.429 +07:00 [INF] Caching: ArcadeRewardInfo
2026-08-04 14:39:04.430 +07:00 [INF] Caching...
2026-08-04 14:39:04.437 +07:00 [INF] Caching: ArcadeItemInfo
2026-08-04 14:39:04.438 +07:00 [INF] Caching...
2026-08-04 14:39:04.443 +07:00 [INF] Caching: ChallengeArcadeInfo
2026-08-04 14:39:04.444 +07:00 [INF] Caching...
2026-08-04 14:39:04.454 +07:00 [INF] Caching: TaskListInfo
2026-08-04 14:39:04.455 +07:00 [INF] Caching...
2026-08-04 14:39:04.492 +07:00 [INF] Caching: PromotionInfo
2026-08-04 14:39:04.493 +07:00 [INF] Caching...
2026-08-04 14:39:04.549 +07:00 [INF] Caching: MakeCharacterInfo
2026-08-04 14:39:04.550 +07:00 [INF] Caching...
2026-08-04 14:39:04.582 +07:00 [INF] Caching: SupportItemInfo
2026-08-04 14:39:04.583 +07:00 [INF] Caching...
2026-08-04 14:39:04.590 +07:00 [INF] Starting Web Api
2026-08-04 14:39:04.591 +07:00 [INF] Serverinstances successfully started, ready for connections!
2026-08-04 14:39:04.592 +07:00 [INF] ____________________________________________________________
2026-08-04 14:39:04.608 +07:00 [INF] Connected to authserver
2026-08-04 17:58:40.538 +07:00 [INF] Closing...
2026-08-04 17:58:42.287 +07:00 [INF] ============================================
2026-08-04 17:58:42.305 +07:00 [INF] Initializing GameServer build
2026-08-04 17:58:42.306 +07:00 [INF] New IDS
2026-08-04 17:58:42.306 +07:00 [INF] Latest S4
2026-08-04 17:58:42.306 +07:00 [INF] ============================================
2026-08-04 17:58:42.307 +07:00 [INF] Initializing Database
2026-08-04 17:58:42.311 +07:00 [INF] Initializing...
2026-08-04 17:58:42.637 +07:00 [INF] Initializing...
2026-08-04 17:58:42.640 +07:00 [INF] Starting Server
2026-08-04 17:58:42.640 +07:00 [INF] ____________________________________________
2026-08-04 17:58:42.641 +07:00 [INF] ____________________________________________
2026-08-04 17:58:42.641 +07:00 [INF] ============================================
2026-08-04 17:58:42.641 +07:00 [INF] Starting Serverinstances and ResourceCache..
2026-08-04 17:58:42.886 +07:00 [INF] Caching: Channels
2026-08-04 17:58:42.887 +07:00 [INF] Caching...
2026-08-04 17:58:42.901 +07:00 [INF] Caching: Clubs
2026-08-04 17:58:42.901 +07:00 [INF] Caching...
2026-08-04 17:58:42.927 +07:00 [INF] Starting - tcp=127.0.0.1:28004 udp=null udp-port=null
2026-08-04 17:58:42.975 +07:00 [INF] Starting - tcp=127.0.0.1:28005 udp=127.0.0.1 udp-port=null
2026-08-04 17:58:42.977 +07:00 [INF] Starting - tcp=127.0.0.1:28003 udp=null udp-port=null
2026-08-04 17:58:42.978 +07:00 [INF] Caching: Effects
2026-08-04 17:58:42.979 +07:00 [INF] Caching...
2026-08-04 17:58:43.022 +07:00 [INF] Caching: Items
2026-08-04 17:58:43.023 +07:00 [INF] Caching...
2026-08-04 17:58:43.107 +07:00 [INF] Caching: DefaultItems
2026-08-04 17:58:43.108 +07:00 [INF] Caching...
2026-08-04 17:58:43.116 +07:00 [INF] Caching: Shop
2026-08-04 17:58:43.116 +07:00 [INF] Caching...
2026-08-04 17:58:43.202 +07:00 [INF] Caching: Experience
2026-08-04 17:58:43.203 +07:00 [INF] Caching...
2026-08-04 17:58:43.210 +07:00 [INF] Caching: Maps
2026-08-04 17:58:43.211 +07:00 [INF] Caching...
2026-08-04 17:58:43.222 +07:00 [INF] Caching: GameTempos
2026-08-04 17:58:43.222 +07:00 [INF] Caching...
2026-08-04 17:58:43.239 +07:00 [INF] Caching: Capsules
2026-08-04 17:58:43.240 +07:00 [INF] Caching...
2026-08-04 17:58:43.282 +07:00 [INF] Caching: RandomShop
2026-08-04 17:58:43.283 +07:00 [INF] Caching...
2026-08-04 17:58:43.291 +07:00 [INF] Caching: CardSystem
2026-08-04 17:58:43.292 +07:00 [INF] Caching...
2026-08-04 17:58:43.315 +07:00 [INF] Caching: ExperienceBonus
2026-08-04 17:58:43.316 +07:00 [INF] Caching...
2026-08-04 17:58:43.321 +07:00 [INF] Caching: PointBonus
2026-08-04 17:58:43.322 +07:00 [INF] Caching...
2026-08-04 17:58:43.331 +07:00 [INF] Caching: MasterExperience
2026-08-04 17:58:43.332 +07:00 [INF] Caching...
2026-08-04 17:58:43.336 +07:00 [INF] Caching: BurningTime
2026-08-04 17:58:43.337 +07:00 [INF] Caching...
2026-08-04 17:58:43.347 +07:00 [INF] Caching: BurningTimePve
2026-08-04 17:58:43.348 +07:00 [INF] Caching...
2026-08-04 17:58:43.349 +07:00 [INF] Caching: EquipLimit
2026-08-04 17:58:43.349 +07:00 [INF] Caching...
2026-08-04 17:58:43.357 +07:00 [INF] Caching: RoomOption
2026-08-04 17:58:43.358 +07:00 [INF] Caching...
2026-08-04 17:58:43.370 +07:00 [INF] Caching: EnchantData
2026-08-04 17:58:43.371 +07:00 [INF] Caching...
2026-08-04 17:58:43.382 +07:00 [INF] Caching: EnchantList
2026-08-04 17:58:43.383 +07:00 [INF] Caching...
2026-08-04 17:58:43.391 +07:00 [INF] Caching: EnchantExtractKey
2026-08-04 17:58:43.392 +07:00 [INF] Caching...
2026-08-04 17:58:43.397 +07:00 [INF] Caching: EsperEnchantPrice
2026-08-04 17:58:43.398 +07:00 [INF] Caching...
2026-08-04 17:58:43.403 +07:00 [INF] Caching: ItemGrade
2026-08-04 17:58:43.403 +07:00 [INF] Caching...
2026-08-04 17:58:43.408 +07:00 [INF] Caching: CombineElement
2026-08-04 17:58:43.409 +07:00 [INF] Caching...
2026-08-04 17:58:43.413 +07:00 [INF] Caching: DecompositionElement
2026-08-04 17:58:43.414 +07:00 [INF] Caching...
2026-08-04 17:58:43.418 +07:00 [INF] Caching: SeizeModeNewInfo
2026-08-04 17:58:43.419 +07:00 [INF] Caching...
2026-08-04 17:58:43.432 +07:00 [INF] Caching: StadiumInfo
2026-08-04 17:58:43.433 +07:00 [INF] Caching...
2026-08-04 17:58:43.443 +07:00 [INF] Caching: DecompositionInfo
2026-08-04 17:58:43.444 +07:00 [INF] Caching...
2026-08-04 17:58:43.458 +07:00 [INF] Caching: CombinationInfo
2026-08-04 17:58:43.459 +07:00 [INF] Caching...
2026-08-04 17:58:43.473 +07:00 [INF] Caching: MissionInfo
2026-08-04 17:58:43.474 +07:00 [INF] Caching...
2026-08-04 17:58:43.482 +07:00 [INF] Caching: ArcadeRewardInfo
2026-08-04 17:58:43.483 +07:00 [INF] Caching...
2026-08-04 17:58:43.489 +07:00 [INF] Caching: ArcadeItemInfo
2026-08-04 17:58:43.489 +07:00 [INF] Caching...
2026-08-04 17:58:43.493 +07:00 [INF] Caching: ChallengeArcadeInfo
2026-08-04 17:58:43.494 +07:00 [INF] Caching...
2026-08-04 17:58:43.503 +07:00 [INF] Caching: TaskListInfo
2026-08-04 17:58:43.504 +07:00 [INF] Caching...
2026-08-04 17:58:43.538 +07:00 [INF] Caching: PromotionInfo
2026-08-04 17:58:43.539 +07:00 [INF] Caching...
2026-08-04 17:58:43.591 +07:00 [INF] Caching: MakeCharacterInfo
2026-08-04 17:58:43.592 +07:00 [INF] Caching...
2026-08-04 17:58:43.620 +07:00 [INF] Caching: SupportItemInfo
2026-08-04 17:58:43.621 +07:00 [INF] Caching...
2026-08-04 17:58:43.627 +07:00 [INF] Starting Web Api
2026-08-04 17:58:43.629 +07:00 [INF] Serverinstances successfully started, ready for connections!
2026-08-04 17:58:43.629 +07:00 [INF] ____________________________________________________________
2026-08-04 17:58:43.644 +07:00 [INF] Connected to authserver
2026-08-04 18:05:36.833 +07:00 [INF] Closing...
