2026-07-25 11:44:11.295 +07:00 [INF] ============================================
2026-07-25 11:44:11.313 +07:00 [INF] Initializing GameServer build
2026-07-25 11:44:11.314 +07:00 [INF] ============================================
2026-07-25 11:44:11.315 +07:00 [INF] Initializing Database
2026-07-25 11:44:11.461 +07:00 [INF] Initializing...
2026-07-25 11:44:12.146 +07:00 [ERR] MySql.Data.MySqlClient.MySqlException (0x80004005): Authentication to host 'localhost' for user 'dera-' using method 'mysql_native_password' failed with message: Access denied for user 'dera-'@'localhost' (using password: NO) ---> MySql.Data.MySqlClient.MySqlException (0x80004005): Access denied for user 'dera-'@'localhost' (using password: NO)
   at MySql.Data.MySqlClient.MySqlStream.ReadPacket()
   at MySql.Data.MySqlClient.Authentication.MySqlAuthenticationPlugin.ReadPacket()
   at MySql.Data.MySqlClient.Authentication.MySqlAuthenticationPlugin.AuthenticationFailed(Exception ex)
   at MySql.Data.MySqlClient.Authentication.MySqlAuthenticationPlugin.ReadPacket()
   at MySql.Data.MySqlClient.Authentication.MySqlAuthenticationPlugin.Authenticate(Boolean reset)
   at MySql.Data.MySqlClient.NativeDriver.Open()
   at MySql.Data.MySqlClient.Driver.Open()
   at MySql.Data.MySqlClient.Driver.Create(MySqlConnectionStringBuilder settings)
   at MySql.Data.MySqlClient.MySqlPool.CreateNewPooledConnection()
   at MySql.Data.MySqlClient.MySqlPool.GetPooledConnection()
   at MySql.Data.MySqlClient.MySqlPool.TryToGetDriver()
   at MySql.Data.MySqlClient.MySqlPool.GetConnection()
   at MySql.Data.MySqlClient.MySqlConnection.Open()
   at NeoNetsphere.AuthDatabase.Open() in D:\Dera\Project\S4League-Netsphere\src\GameServer\Program.cs:line 812
   at NeoNetsphere.AuthDatabase.Initialize() in D:\Dera\Project\S4League-Netsphere\src\GameServer\Program.cs:line 759
   at NeoNetsphere.Program.Main() in D:\Dera\Project\S4League-Netsphere\src\GameServer\Program.cs:line 164
2026-07-25 11:44:46.483 +07:00 [INF] ============================================
2026-07-25 11:44:46.501 +07:00 [INF] Initializing GameServer build
2026-07-25 11:44:46.502 +07:00 [INF] ============================================
2026-07-25 11:44:46.502 +07:00 [INF] Initializing Database
2026-07-25 11:44:46.506 +07:00 [INF] Initializing...
2026-07-25 11:44:46.769 +07:00 [ERR] MySql.Data.MySqlClient.MySqlException (0x80004005): Authentication to host 'localhost' for user 'dera-' using method 'mysql_native_password' failed with message: Access denied for user 'dera-'@'localhost' (using password: NO) ---> MySql.Data.MySqlClient.MySqlException (0x80004005): Access denied for user 'dera-'@'localhost' (using password: NO)
   at MySql.Data.MySqlClient.MySqlStream.ReadPacket()
   at MySql.Data.MySqlClient.Authentication.MySqlAuthenticationPlugin.ReadPacket()
   at MySql.Data.MySqlClient.Authentication.MySqlAuthenticationPlugin.AuthenticationFailed(Exception ex)
   at MySql.Data.MySqlClient.Authentication.MySqlAuthenticationPlugin.ReadPacket()
   at MySql.Data.MySqlClient.Authentication.MySqlAuthenticationPlugin.Authenticate(Boolean reset)
   at MySql.Data.MySqlClient.NativeDriver.Open()
   at MySql.Data.MySqlClient.Driver.Open()
   at MySql.Data.MySqlClient.Driver.Create(MySqlConnectionStringBuilder settings)
   at MySql.Data.MySqlClient.MySqlPool.CreateNewPooledConnection()
   at MySql.Data.MySqlClient.MySqlPool.GetPooledConnection()
   at MySql.Data.MySqlClient.MySqlPool.TryToGetDriver()
   at MySql.Data.MySqlClient.MySqlPool.GetConnection()
   at MySql.Data.MySqlClient.MySqlConnection.Open()
   at NeoNetsphere.AuthDatabase.Open() in D:\Dera\Project\S4League-Netsphere\src\GameServer\Program.cs:line 812
   at NeoNetsphere.AuthDatabase.Initialize() in D:\Dera\Project\S4League-Netsphere\src\GameServer\Program.cs:line 759
   at NeoNetsphere.Program.Main() in D:\Dera\Project\S4League-Netsphere\src\GameServer\Program.cs:line 164
2026-07-25 11:44:51.797 +07:00 [INF] ============================================
2026-07-25 11:44:51.814 +07:00 [INF] Initializing GameServer build
2026-07-25 11:44:51.815 +07:00 [INF] ============================================
2026-07-25 11:44:51.815 +07:00 [INF] Initializing Database
2026-07-25 11:44:51.820 +07:00 [INF] Initializing...
2026-07-25 11:44:52.081 +07:00 [ERR] MySql.Data.MySqlClient.MySqlException (0x80004005): Authentication to host 'localhost' for user 'dera-' using method 'mysql_native_password' failed with message: Access denied for user 'dera-'@'localhost' (using password: NO) ---> MySql.Data.MySqlClient.MySqlException (0x80004005): Access denied for user 'dera-'@'localhost' (using password: NO)
   at MySql.Data.MySqlClient.MySqlStream.ReadPacket()
   at MySql.Data.MySqlClient.Authentication.MySqlAuthenticationPlugin.ReadPacket()
   at MySql.Data.MySqlClient.Authentication.MySqlAuthenticationPlugin.AuthenticationFailed(Exception ex)
   at MySql.Data.MySqlClient.Authentication.MySqlAuthenticationPlugin.ReadPacket()
   at MySql.Data.MySqlClient.Authentication.MySqlAuthenticationPlugin.Authenticate(Boolean reset)
   at MySql.Data.MySqlClient.NativeDriver.Open()
   at MySql.Data.MySqlClient.Driver.Open()
   at MySql.Data.MySqlClient.Driver.Create(MySqlConnectionStringBuilder settings)
   at MySql.Data.MySqlClient.MySqlPool.CreateNewPooledConnection()
   at MySql.Data.MySqlClient.MySqlPool.GetPooledConnection()
   at MySql.Data.MySqlClient.MySqlPool.TryToGetDriver()
   at MySql.Data.MySqlClient.MySqlPool.GetConnection()
   at MySql.Data.MySqlClient.MySqlConnection.Open()
   at NeoNetsphere.AuthDatabase.Open() in D:\Dera\Project\S4League-Netsphere\src\GameServer\Program.cs:line 812
   at NeoNetsphere.AuthDatabase.Initialize() in D:\Dera\Project\S4League-Netsphere\src\GameServer\Program.cs:line 759
   at NeoNetsphere.Program.Main() in D:\Dera\Project\S4League-Netsphere\src\GameServer\Program.cs:line 164
2026-07-25 11:45:16.194 +07:00 [INF] ============================================
2026-07-25 11:45:16.212 +07:00 [INF] Initializing GameServer build
2026-07-25 11:45:16.212 +07:00 [INF] ============================================
2026-07-25 11:45:16.213 +07:00 [INF] Initializing Database
2026-07-25 11:45:16.217 +07:00 [INF] Initializing...
2026-07-25 11:45:16.671 +07:00 [INF] Initializing...
2026-07-25 11:45:16.674 +07:00 [INF] Starting Server
2026-07-25 11:45:16.675 +07:00 [INF] ____________________________________________
2026-07-25 11:45:16.675 +07:00 [INF] ____________________________________________
2026-07-25 11:45:16.676 +07:00 [INF] ============================================
2026-07-25 11:45:16.676 +07:00 [INF] Starting Serverinstances and ResourceCache..
2026-07-25 11:45:17.123 +07:00 [INF] Caching: Channels
2026-07-25 11:45:17.124 +07:00 [INF] Caching...
2026-07-25 11:45:17.138 +07:00 [INF] Caching: Clubs
2026-07-25 11:45:17.139 +07:00 [INF] Caching...
2026-07-25 11:45:17.264 +07:00 [INF] Starting - tcp=127.0.0.1:28004 udp=null udp-port=null
2026-07-25 11:45:17.346 +07:00 [INF] Starting - tcp=127.0.0.1:28005 udp=127.0.0.1 udp-port=null
2026-07-25 11:45:17.347 +07:00 [INF] Starting - tcp=127.0.0.1:28003 udp=null udp-port=null
2026-07-25 11:45:17.349 +07:00 [INF] Caching: Effects
2026-07-25 11:45:17.349 +07:00 [INF] Caching...
2026-07-25 11:45:17.398 +07:00 [INF] Caching: Items
2026-07-25 11:45:17.399 +07:00 [INF] Caching...
2026-07-25 11:45:17.573 +07:00 [INF] Caching: DefaultItems
2026-07-25 11:45:17.574 +07:00 [INF] Caching...
2026-07-25 11:45:17.582 +07:00 [INF] Caching: Shop
2026-07-25 11:45:17.582 +07:00 [INF] Caching...
2026-07-25 11:45:17.682 +07:00 [INF] Caching: Experience
2026-07-25 11:45:17.683 +07:00 [INF] Caching...
2026-07-25 11:45:17.689 +07:00 [INF] Caching: Maps
2026-07-25 11:45:17.689 +07:00 [INF] Caching...
2026-07-25 11:45:17.714 +07:00 [INF] Caching: GameTempos
2026-07-25 11:45:17.715 +07:00 [INF] Caching...
2026-07-25 11:45:17.742 +07:00 [INF] Caching: Capsules
2026-07-25 11:45:17.743 +07:00 [INF] Caching...
2026-07-25 11:45:17.784 +07:00 [INF] Caching: RandomShop
2026-07-25 11:45:17.785 +07:00 [INF] Caching...
2026-07-25 11:45:17.793 +07:00 [INF] Caching: CardSystem
2026-07-25 11:45:17.794 +07:00 [INF] Caching...
2026-07-25 11:45:17.810 +07:00 [INF] Caching: ExperienceBonus
2026-07-25 11:45:17.811 +07:00 [INF] Caching...
2026-07-25 11:45:17.818 +07:00 [INF] Caching: PointBonus
2026-07-25 11:45:17.818 +07:00 [INF] Caching...
2026-07-25 11:45:17.828 +07:00 [INF] Caching: MasterExperience
2026-07-25 11:45:17.829 +07:00 [INF] Caching...
2026-07-25 11:45:17.834 +07:00 [INF] Caching: BurningTime
2026-07-25 11:45:17.835 +07:00 [INF] Caching...
2026-07-25 11:45:17.852 +07:00 [INF] Caching: BurningTimePve
2026-07-25 11:45:17.853 +07:00 [INF] Caching...
2026-07-25 11:45:17.860 +07:00 [INF] Caching: EquipLimit
2026-07-25 11:45:17.861 +07:00 [INF] Caching...
2026-07-25 11:45:17.883 +07:00 [INF] Caching: RoomOption
2026-07-25 11:45:17.883 +07:00 [INF] Caching...
2026-07-25 11:45:17.897 +07:00 [INF] Caching: EnchantData
2026-07-25 11:45:17.897 +07:00 [INF] Caching...
2026-07-25 11:45:17.916 +07:00 [INF] Caching: EnchantList
2026-07-25 11:45:17.917 +07:00 [INF] Caching...
2026-07-25 11:45:17.932 +07:00 [INF] Caching: EnchantExtractKey
2026-07-25 11:45:17.933 +07:00 [INF] Caching...
2026-07-25 11:45:17.939 +07:00 [INF] Caching: EsperEnchantPrice
2026-07-25 11:45:17.940 +07:00 [INF] Caching...
2026-07-25 11:45:17.946 +07:00 [INF] Caching: ItemGrade
2026-07-25 11:45:17.947 +07:00 [INF] Caching...
2026-07-25 11:45:17.958 +07:00 [INF] Caching: CombineElement
2026-07-25 11:45:17.959 +07:00 [INF] Caching...
2026-07-25 11:45:17.973 +07:00 [INF] Caching: DecompositionElement
2026-07-25 11:45:17.974 +07:00 [INF] Caching...
2026-07-25 11:45:17.979 +07:00 [INF] Caching: SeizeModeNewInfo
2026-07-25 11:45:17.980 +07:00 [INF] Caching...
2026-07-25 11:45:17.994 +07:00 [INF] Caching: StadiumInfo
2026-07-25 11:45:17.995 +07:00 [INF] Caching...
2026-07-25 11:45:18.003 +07:00 [INF] Caching: DecompositionInfo
2026-07-25 11:45:18.004 +07:00 [INF] Caching...
2026-07-25 11:45:18.020 +07:00 [INF] Caching: CombinationInfo
2026-07-25 11:45:18.020 +07:00 [INF] Caching...
2026-07-25 11:45:18.047 +07:00 [INF] Caching: MissionInfo
2026-07-25 11:45:18.048 +07:00 [INF] Caching...
2026-07-25 11:45:18.066 +07:00 [INF] Caching: ArcadeRewardInfo
2026-07-25 11:45:18.067 +07:00 [INF] Caching...
2026-07-25 11:45:18.085 +07:00 [INF] Caching: ArcadeItemInfo
2026-07-25 11:45:18.086 +07:00 [INF] Caching...
2026-07-25 11:45:18.099 +07:00 [INF] Caching: ChallengeArcadeInfo
2026-07-25 11:45:18.100 +07:00 [INF] Caching...
2026-07-25 11:45:18.118 +07:00 [INF] Caching: TaskListInfo
2026-07-25 11:45:18.119 +07:00 [INF] Caching...
2026-07-25 11:45:18.166 +07:00 [INF] Caching: PromotionInfo
2026-07-25 11:45:18.167 +07:00 [INF] Caching...
2026-07-25 11:45:18.230 +07:00 [INF] Caching: MakeCharacterInfo
2026-07-25 11:45:18.231 +07:00 [INF] Caching...
2026-07-25 11:45:18.276 +07:00 [INF] Caching: SupportItemInfo
2026-07-25 11:45:18.277 +07:00 [INF] Caching...
2026-07-25 11:45:18.284 +07:00 [INF] Starting Web Api
2026-07-25 11:45:18.285 +07:00 [INF] Serverinstances successfully started, ready for connections!
2026-07-25 11:45:18.286 +07:00 [INF] ____________________________________________________________
2026-07-25 11:45:18.350 +07:00 [INF] Connected to authserver
2026-07-25 11:45:18.746 +07:00 [WRN] Unable to register server - GameServer APIKey(empty-key) not accepted(Config not synced?)
2026-07-25 11:46:34.431 +07:00 [INF] ============================================
2026-07-25 11:46:34.449 +07:00 [INF] Initializing GameServer build
2026-07-25 11:46:34.449 +07:00 [INF] ============================================
2026-07-25 11:46:34.450 +07:00 [INF] Initializing Database
2026-07-25 11:46:34.454 +07:00 [INF] Initializing...
2026-07-25 11:46:34.775 +07:00 [INF] Initializing...
2026-07-25 11:46:34.778 +07:00 [INF] Starting Server
2026-07-25 11:46:34.778 +07:00 [INF] ____________________________________________
2026-07-25 11:46:34.778 +07:00 [INF] ____________________________________________
2026-07-25 11:46:34.779 +07:00 [INF] ============================================
2026-07-25 11:46:34.779 +07:00 [INF] Starting Serverinstances and ResourceCache..
2026-07-25 11:46:35.029 +07:00 [INF] Caching: Channels
2026-07-25 11:46:35.030 +07:00 [INF] Caching...
2026-07-25 11:46:35.044 +07:00 [INF] Caching: Clubs
2026-07-25 11:46:35.045 +07:00 [INF] Caching...
2026-07-25 11:46:35.069 +07:00 [INF] Starting - tcp=127.0.0.1:28004 udp=null udp-port=null
2026-07-25 11:46:35.117 +07:00 [INF] Starting - tcp=127.0.0.1:28005 udp=127.0.0.1 udp-port=null
2026-07-25 11:46:35.118 +07:00 [INF] Starting - tcp=127.0.0.1:28003 udp=null udp-port=null
2026-07-25 11:46:35.120 +07:00 [INF] Caching: Effects
2026-07-25 11:46:35.121 +07:00 [INF] Caching...
2026-07-25 11:46:35.161 +07:00 [INF] Caching: Items
2026-07-25 11:46:35.162 +07:00 [INF] Caching...
2026-07-25 11:46:35.247 +07:00 [INF] Caching: DefaultItems
2026-07-25 11:46:35.248 +07:00 [INF] Caching...
2026-07-25 11:46:35.256 +07:00 [INF] Caching: Shop
2026-07-25 11:46:35.256 +07:00 [INF] Caching...
2026-07-25 11:46:35.344 +07:00 [INF] Caching: Experience
2026-07-25 11:46:35.346 +07:00 [INF] Caching...
2026-07-25 11:46:35.351 +07:00 [INF] Caching: Maps
2026-07-25 11:46:35.352 +07:00 [INF] Caching...
2026-07-25 11:46:35.363 +07:00 [INF] Caching: GameTempos
2026-07-25 11:46:35.364 +07:00 [INF] Caching...
2026-07-25 11:46:35.381 +07:00 [INF] Caching: Capsules
2026-07-25 11:46:35.382 +07:00 [INF] Caching...
2026-07-25 11:46:35.429 +07:00 [INF] Caching: RandomShop
2026-07-25 11:46:35.430 +07:00 [INF] Caching...
2026-07-25 11:46:35.438 +07:00 [INF] Caching: CardSystem
2026-07-25 11:46:35.439 +07:00 [INF] Caching...
2026-07-25 11:46:35.460 +07:00 [INF] Caching: ExperienceBonus
2026-07-25 11:46:35.461 +07:00 [INF] Caching...
2026-07-25 11:46:35.467 +07:00 [INF] Caching: PointBonus
2026-07-25 11:46:35.467 +07:00 [INF] Caching...
2026-07-25 11:46:35.476 +07:00 [INF] Caching: MasterExperience
2026-07-25 11:46:35.477 +07:00 [INF] Caching...
2026-07-25 11:46:35.482 +07:00 [INF] Caching: BurningTime
2026-07-25 11:46:35.483 +07:00 [INF] Caching...
2026-07-25 11:46:35.493 +07:00 [INF] Caching: BurningTimePve
2026-07-25 11:46:35.494 +07:00 [INF] Caching...
2026-07-25 11:46:35.494 +07:00 [INF] Caching: EquipLimit
2026-07-25 11:46:35.495 +07:00 [INF] Caching...
2026-07-25 11:46:35.503 +07:00 [INF] Caching: RoomOption
2026-07-25 11:46:35.503 +07:00 [INF] Caching...
2026-07-25 11:46:35.516 +07:00 [INF] Caching: EnchantData
2026-07-25 11:46:35.516 +07:00 [INF] Caching...
2026-07-25 11:46:35.529 +07:00 [INF] Caching: EnchantList
2026-07-25 11:46:35.530 +07:00 [INF] Caching...
2026-07-25 11:46:35.539 +07:00 [INF] Caching: EnchantExtractKey
2026-07-25 11:46:35.540 +07:00 [INF] Caching...
2026-07-25 11:46:35.546 +07:00 [INF] Caching: EsperEnchantPrice
2026-07-25 11:46:35.546 +07:00 [INF] Caching...
2026-07-25 11:46:35.552 +07:00 [INF] Caching: ItemGrade
2026-07-25 11:46:35.552 +07:00 [INF] Caching...
2026-07-25 11:46:35.558 +07:00 [INF] Caching: CombineElement
2026-07-25 11:46:35.558 +07:00 [INF] Caching...
2026-07-25 11:46:35.563 +07:00 [INF] Caching: DecompositionElement
2026-07-25 11:46:35.564 +07:00 [INF] Caching...
2026-07-25 11:46:35.568 +07:00 [INF] Caching: SeizeModeNewInfo
2026-07-25 11:46:35.568 +07:00 [INF] Caching...
2026-07-25 11:46:35.583 +07:00 [INF] Caching: StadiumInfo
2026-07-25 11:46:35.584 +07:00 [INF] Caching...
2026-07-25 11:46:35.595 +07:00 [INF] Caching: DecompositionInfo
2026-07-25 11:46:35.596 +07:00 [INF] Caching...
2026-07-25 11:46:35.610 +07:00 [INF] Caching: CombinationInfo
2026-07-25 11:46:35.611 +07:00 [INF] Caching...
2026-07-25 11:46:35.625 +07:00 [INF] Caching: MissionInfo
2026-07-25 11:46:35.626 +07:00 [INF] Caching...
2026-07-25 11:46:35.634 +07:00 [INF] Caching: ArcadeRewardInfo
2026-07-25 11:46:35.635 +07:00 [INF] Caching...
2026-07-25 11:46:35.642 +07:00 [INF] Caching: ArcadeItemInfo
2026-07-25 11:46:35.643 +07:00 [INF] Caching...
2026-07-25 11:46:35.646 +07:00 [INF] Caching: ChallengeArcadeInfo
2026-07-25 11:46:35.647 +07:00 [INF] Caching...
2026-07-25 11:46:35.656 +07:00 [INF] Caching: TaskListInfo
2026-07-25 11:46:35.657 +07:00 [INF] Caching...
2026-07-25 11:46:35.693 +07:00 [INF] Caching: PromotionInfo
2026-07-25 11:46:35.694 +07:00 [INF] Caching...
2026-07-25 11:46:35.748 +07:00 [INF] Caching: MakeCharacterInfo
2026-07-25 11:46:35.749 +07:00 [INF] Caching...
2026-07-25 11:46:35.779 +07:00 [INF] Caching: SupportItemInfo
2026-07-25 11:46:35.780 +07:00 [INF] Caching...
2026-07-25 11:46:35.786 +07:00 [INF] Starting Web Api
2026-07-25 11:46:35.787 +07:00 [INF] Serverinstances successfully started, ready for connections!
2026-07-25 11:46:35.788 +07:00 [INF] ____________________________________________________________
2026-07-25 11:46:35.803 +07:00 [INF] Connected to authserver
2026-07-25 11:55:44.226 +07:00 [WRN] Lost connection to authserver.
