2026-07-25 12:11:40.293 +07:00 [INF] ============================================
2026-07-25 12:11:40.311 +07:00 [INF] Initializing GameServer build
2026-07-25 12:11:40.311 +07:00 [INF] New IDS
2026-07-25 12:11:40.312 +07:00 [INF] Latest S4
2026-07-25 12:11:40.312 +07:00 [INF] ============================================
2026-07-25 12:11:40.313 +07:00 [INF] Initializing Database
2026-07-25 12:11:40.454 +07:00 [INF] Initializing...
2026-07-25 12:11:41.097 +07:00 [ERR] MySql.Data.MySqlClient.MySqlException (0x80004005): Authentication to host 'localhost' for user 'dera-' using method 'mysql_native_password' failed with message: Access denied for user 'dera-'@'localhost' (using password: NO) ---> MySql.Data.MySqlClient.MySqlException (0x80004005): Access denied for user 'dera-'@'localhost' (using password: NO)
   at MySql.Data.MySqlClient.MySqlStream.ReadPacket()
   at MySql.Data.MySqlClient.Authentication.MySqlAuthenticationPlugin.ReadPacket()
   at MySql.Data.MySqlClient.Authentication.MySqlAuthenticationPlugin.AuthenticationFailed(Exception ex)
   at MySql.Data.MySqlClient.Authentication.MySqlAuthenticationPlugin.ReadPacket()
   at MySql.Data.MySqlClient.Authentication.MySqlAuthenticationPlugin.Authenticate(Boolean reset)
   at MySql.Data.MySqlClient.NativeDriver.Open()
   at MySql.Data.MySqlClient.Driver.Open()
   at MySql.Data.MySqlClient.Driver.Create(MySqlConnectionStringBuilder settings)
   at MySql.Data.MySqlClient.MySqlPool.CreateNewPooledConnection()
   at MySql.Data.MySqlClient.MySqlPool.GetPooledConnection()
   at MySql.Data.MySqlClient.MySqlPool.TryToGetDriver()
   at MySql.Data.MySqlClient.MySqlPool.GetConnection()
   at MySql.Data.MySqlClient.MySqlConnection.Open()
   at NeoNetsphere.AuthDatabase.Open() in D:\Dera\Project\S4League-Netsphere\src\GameServer\Program.cs:line 812
   at NeoNetsphere.AuthDatabase.Initialize() in D:\Dera\Project\S4League-Netsphere\src\GameServer\Program.cs:line 759
   at NeoNetsphere.Program.Main() in D:\Dera\Project\S4League-Netsphere\src\GameServer\Program.cs:line 164
2026-07-25 12:12:37.895 +07:00 [INF] ============================================
2026-07-25 12:12:37.912 +07:00 [INF] Initializing GameServer build
2026-07-25 12:12:37.913 +07:00 [INF] New IDS
2026-07-25 12:12:37.913 +07:00 [INF] Latest S4
2026-07-25 12:12:37.914 +07:00 [INF] ============================================
2026-07-25 12:12:37.914 +07:00 [INF] Initializing Database
2026-07-25 12:12:37.919 +07:00 [INF] Initializing...
2026-07-25 12:12:38.368 +07:00 [INF] Initializing...
2026-07-25 12:12:38.372 +07:00 [INF] Starting Server
2026-07-25 12:12:38.372 +07:00 [INF] ____________________________________________
2026-07-25 12:12:38.373 +07:00 [INF] ____________________________________________
2026-07-25 12:12:38.373 +07:00 [INF] ============================================
2026-07-25 12:12:38.373 +07:00 [INF] Starting Serverinstances and ResourceCache..
2026-07-25 12:12:38.917 +07:00 [INF] Caching: Channels
2026-07-25 12:12:38.917 +07:00 [INF] Caching...
2026-07-25 12:12:38.932 +07:00 [INF] Caching: Clubs
2026-07-25 12:12:38.932 +07:00 [INF] Caching...
2026-07-25 12:12:39.061 +07:00 [INF] Starting - tcp=127.0.0.1:28004 udp=null udp-port=null
2026-07-25 12:12:39.146 +07:00 [INF] Starting - tcp=127.0.0.1:28005 udp=127.0.0.1 udp-port=null
2026-07-25 12:12:39.147 +07:00 [INF] Starting - tcp=127.0.0.1:28003 udp=null udp-port=null
2026-07-25 12:12:39.149 +07:00 [INF] Caching: Effects
2026-07-25 12:12:39.150 +07:00 [INF] Caching...
2026-07-25 12:12:39.221 +07:00 [INF] Caching: Items
2026-07-25 12:12:39.222 +07:00 [INF] Caching...
2026-07-25 12:12:39.405 +07:00 [INF] Caching: DefaultItems
2026-07-25 12:12:39.406 +07:00 [INF] Caching...
2026-07-25 12:12:39.416 +07:00 [INF] Caching: Shop
2026-07-25 12:12:39.417 +07:00 [INF] Caching...
2026-07-25 12:12:39.524 +07:00 [INF] Caching: Experience
2026-07-25 12:12:39.525 +07:00 [INF] Caching...
2026-07-25 12:12:39.532 +07:00 [INF] Caching: Maps
2026-07-25 12:12:39.533 +07:00 [INF] Caching...
2026-07-25 12:12:39.558 +07:00 [INF] Caching: GameTempos
2026-07-25 12:12:39.559 +07:00 [INF] Caching...
2026-07-25 12:12:39.586 +07:00 [INF] Caching: Capsules
2026-07-25 12:12:39.587 +07:00 [INF] Caching...
2026-07-25 12:12:39.633 +07:00 [INF] Caching: RandomShop
2026-07-25 12:12:39.634 +07:00 [INF] Caching...
2026-07-25 12:12:39.643 +07:00 [INF] Caching: CardSystem
2026-07-25 12:12:39.644 +07:00 [INF] Caching...
2026-07-25 12:12:39.678 +07:00 [INF] Caching: ExperienceBonus
2026-07-25 12:12:39.679 +07:00 [INF] Caching...
2026-07-25 12:12:39.694 +07:00 [INF] Caching: PointBonus
2026-07-25 12:12:39.695 +07:00 [INF] Caching...
2026-07-25 12:12:39.705 +07:00 [INF] Caching: MasterExperience
2026-07-25 12:12:39.706 +07:00 [INF] Caching...
2026-07-25 12:12:39.712 +07:00 [INF] Caching: BurningTime
2026-07-25 12:12:39.713 +07:00 [INF] Caching...
2026-07-25 12:12:39.731 +07:00 [INF] Caching: BurningTimePve
2026-07-25 12:12:39.732 +07:00 [INF] Caching...
2026-07-25 12:12:39.739 +07:00 [INF] Caching: EquipLimit
2026-07-25 12:12:39.740 +07:00 [INF] Caching...
2026-07-25 12:12:39.759 +07:00 [INF] Caching: RoomOption
2026-07-25 12:12:39.760 +07:00 [INF] Caching...
2026-07-25 12:12:39.774 +07:00 [INF] Caching: EnchantData
2026-07-25 12:12:39.775 +07:00 [INF] Caching...
2026-07-25 12:12:39.794 +07:00 [INF] Caching: EnchantList
2026-07-25 12:12:39.795 +07:00 [INF] Caching...
2026-07-25 12:12:39.813 +07:00 [INF] Caching: EnchantExtractKey
2026-07-25 12:12:39.814 +07:00 [INF] Caching...
2026-07-25 12:12:39.830 +07:00 [INF] Caching: EsperEnchantPrice
2026-07-25 12:12:39.831 +07:00 [INF] Caching...
2026-07-25 12:12:39.838 +07:00 [INF] Caching: ItemGrade
2026-07-25 12:12:39.838 +07:00 [INF] Caching...
2026-07-25 12:12:39.851 +07:00 [INF] Caching: CombineElement
2026-07-25 12:12:39.852 +07:00 [INF] Caching...
2026-07-25 12:12:39.867 +07:00 [INF] Caching: DecompositionElement
2026-07-25 12:12:39.868 +07:00 [INF] Caching...
2026-07-25 12:12:39.883 +07:00 [INF] Caching: SeizeModeNewInfo
2026-07-25 12:12:39.884 +07:00 [INF] Caching...
2026-07-25 12:12:39.900 +07:00 [INF] Caching: StadiumInfo
2026-07-25 12:12:39.900 +07:00 [INF] Caching...
2026-07-25 12:12:39.913 +07:00 [INF] Caching: DecompositionInfo
2026-07-25 12:12:39.914 +07:00 [INF] Caching...
2026-07-25 12:12:39.938 +07:00 [INF] Caching: CombinationInfo
2026-07-25 12:12:39.939 +07:00 [INF] Caching...
2026-07-25 12:12:39.963 +07:00 [INF] Caching: MissionInfo
2026-07-25 12:12:39.964 +07:00 [INF] Caching...
2026-07-25 12:12:39.983 +07:00 [INF] Caching: ArcadeRewardInfo
2026-07-25 12:12:39.983 +07:00 [INF] Caching...
2026-07-25 12:12:40.000 +07:00 [INF] Caching: ArcadeItemInfo
2026-07-25 12:12:40.001 +07:00 [INF] Caching...
2026-07-25 12:12:40.015 +07:00 [INF] Caching: ChallengeArcadeInfo
2026-07-25 12:12:40.016 +07:00 [INF] Caching...
2026-07-25 12:12:40.036 +07:00 [INF] Caching: TaskListInfo
2026-07-25 12:12:40.037 +07:00 [INF] Caching...
2026-07-25 12:12:40.084 +07:00 [INF] Caching: PromotionInfo
2026-07-25 12:12:40.085 +07:00 [INF] Caching...
2026-07-25 12:12:40.152 +07:00 [INF] Caching: MakeCharacterInfo
2026-07-25 12:12:40.153 +07:00 [INF] Caching...
2026-07-25 12:12:40.193 +07:00 [INF] Caching: SupportItemInfo
2026-07-25 12:12:40.195 +07:00 [INF] Caching...
2026-07-25 12:12:40.202 +07:00 [INF] Starting Web Api
2026-07-25 12:12:40.203 +07:00 [INF] Serverinstances successfully started, ready for connections!
2026-07-25 12:12:40.204 +07:00 [INF] ____________________________________________________________
2026-07-25 12:12:42.332 +07:00 [ERR] Failed to connect authserver on endpoint 127.0.0.1:27000.
2026-07-25 12:12:47.031 +07:00 [ERR] Failed to connect authserver on endpoint 127.0.0.1:27000.
2026-07-25 12:12:51.852 +07:00 [ERR] Failed to connect authserver on endpoint 127.0.0.1:27000.
2026-07-25 12:12:56.651 +07:00 [ERR] Failed to connect authserver on endpoint 127.0.0.1:27000.
2026-07-25 12:12:59.414 +07:00 [INF] Connected to authserver
2026-07-25 12:14:45.208 +07:00 [WRN] Lost connection to authserver.
2026-07-25 12:14:49.839 +07:00 [INF] Connected to authserver
