2025-05-24 15:59:41.427 +07:00 [INF] Initializing...
2025-05-24 15:59:41.860 +07:00 [ERR] UnhandledException
MySql.Data.MySqlClient.MySqlException (0x80004005): Authentication to host 'localhost' for user '' using method 'mysql_native_password' failed with message: Access denied for user ''@'localhost' (using password: NO) ---> MySql.Data.MySqlClient.MySqlException (0x80004005): Access denied for user ''@'localhost' (using password: NO)
   at MySql.Data.MySqlClient.MySqlStream.ReadPacket()
   at MySql.Data.MySqlClient.Authentication.MySqlAuthenticationPlugin.ReadPacket()
   at MySql.Data.MySqlClient.Authentication.MySqlAuthenticationPlugin.AuthenticationFailed(Exception ex)
   at MySql.Data.MySqlClient.Authentication.MySqlAuthenticationPlugin.ReadPacket()
   at MySql.Data.MySqlClient.Authentication.MySqlAuthenticationPlugin.Authenticate(Boolean reset)
   at MySql.Data.MySqlClient.NativeDriver.Open()
   at MySql.Data.MySqlClient.Driver.Open()
   at MySql.Data.MySqlClient.Driver.Create(MySqlConnectionStringBuilder settings)
   at MySql.Data.MySqlClient.MySqlPool.CreateNewPooledConnection()
   at MySql.Data.MySqlClient.MySqlPool.GetPooledConnection()
   at MySql.Data.MySqlClient.MySqlPool.TryToGetDriver()
   at MySql.Data.MySqlClient.MySqlPool.GetConnection()
   at MySql.Data.MySqlClient.MySqlConnection.Open()
   at NeoNetsphere.AuthDatabase.Open() in C:\Users\Kora\Desktop\s4emu\src\AuthServer\Program.cs:line 270
   at NeoNetsphere.AuthDatabase.Initialize() in C:\Users\Kora\Desktop\s4emu\src\AuthServer\Program.cs:line 220
   at NeoNetsphere.Program.Main() in C:\Users\Kora\Desktop\s4emu\src\AuthServer\Program.cs:line 101
2025-05-24 16:00:00.908 +07:00 [INF] Initializing...
2025-05-24 16:00:01.226 +07:00 [INF] Created random api_key: key-683451170
2025-05-24 16:00:01.442 +07:00 [ERR] UnhandledException
MySql.Data.MySqlClient.MySqlException (0x80004005): Authentication to host 'localhost' for user '' using method 'mysql_native_password' failed with message: Access denied for user ''@'localhost' (using password: NO) ---> MySql.Data.MySqlClient.MySqlException (0x80004005): Access denied for user ''@'localhost' (using password: NO)
   at MySql.Data.MySqlClient.MySqlStream.ReadPacket()
   at MySql.Data.MySqlClient.Authentication.MySqlAuthenticationPlugin.ReadPacket()
   at MySql.Data.MySqlClient.Authentication.MySqlAuthenticationPlugin.AuthenticationFailed(Exception ex)
   at MySql.Data.MySqlClient.Authentication.MySqlAuthenticationPlugin.ReadPacket()
   at MySql.Data.MySqlClient.Authentication.MySqlAuthenticationPlugin.Authenticate(Boolean reset)
   at MySql.Data.MySqlClient.NativeDriver.Open()
   at MySql.Data.MySqlClient.Driver.Open()
   at MySql.Data.MySqlClient.Driver.Create(MySqlConnectionStringBuilder settings)
   at MySql.Data.MySqlClient.MySqlPool.CreateNewPooledConnection()
   at MySql.Data.MySqlClient.MySqlPool.GetPooledConnection()
   at MySql.Data.MySqlClient.MySqlPool.TryToGetDriver()
   at MySql.Data.MySqlClient.MySqlPool.GetConnection()
   at MySql.Data.MySqlClient.MySqlConnection.Open()
   at NeoNetsphere.AuthDatabase.Open() in C:\Users\Kora\Desktop\s4emu\src\AuthServer\Program.cs:line 270
   at NeoNetsphere.AuthDatabase.Initialize() in C:\Users\Kora\Desktop\s4emu\src\AuthServer\Program.cs:line 220
   at NeoNetsphere.Program.Main() in C:\Users\Kora\Desktop\s4emu\src\AuthServer\Program.cs:line 101
2025-05-24 16:01:49.698 +07:00 [INF] Initializing...
2025-05-24 16:01:50.250 +07:00 [INF] Starting Server
2025-05-24 16:01:50.255 +07:00 [INF] Cached xbnfile: XBN//ConstantInfo.xbn
2025-05-24 16:01:50.256 +07:00 [INF] Cached xbnfile: XBN//Actions.xbn
2025-05-24 16:01:50.257 +07:00 [INF] Cached xbnfile: XBN//Weapons.xbn
2025-05-24 16:01:50.258 +07:00 [INF] Cached xbnfile: XBN//Effects.xbn
2025-05-24 16:01:50.258 +07:00 [INF] Cached xbnfile: XBN//EffectMatch.xbn
2025-05-24 16:01:50.259 +07:00 [INF] Cached xbnfile: XBN//EnchantData.xbn
2025-05-24 16:01:50.260 +07:00 [INF] Cached xbnfile: XBN//EquipLimit.xbn
2025-05-24 16:01:50.260 +07:00 [INF] Cached xbnfile: XBN//PveList.xbn
2025-05-24 16:01:50.261 +07:00 [INF] Cached xbnfile: XBN//MonsterWaveList.xbn
2025-05-24 16:01:50.262 +07:00 [INF] Cached xbnfile: XBN//EsperActionlist.xbn
2025-05-24 16:01:50.262 +07:00 [INF] Cached xbnfile: XBN//WeaponTypeReloadInfo.xbn
2025-05-24 16:01:50.263 +07:00 [INF] Cached xbnfile: XBN//RangeLimit.xbn
2025-05-24 16:01:50.431 +07:00 [INF] Ready for connections!
2025-05-24 16:01:50.432 +07:00 [WRN] !!! NOOB MODE IS ENABLED! EVERY LOGIN SUCCEEDS AND OVERRIDES ACCOUNT LOGIN DETAILS !!!
2025-05-24 16:04:11.899 +07:00 [INF] Initializing...
2025-05-24 16:04:12.480 +07:00 [INF] Starting Server
2025-05-24 16:04:12.482 +07:00 [ERR] UnhandledException
System.Exception: XBN folder is missing!
   at NeoNetsphere.Program.Main() in C:\Users\Kora\Desktop\s4emu\src\AuthServer\Program.cs:line 108
2025-05-24 16:04:47.841 +07:00 [INF] Initializing...
2025-05-24 16:04:48.416 +07:00 [INF] Starting Server
2025-05-24 16:04:48.417 +07:00 [ERR] UnhandledException
System.Exception: XBN folder is missing!
   at NeoNetsphere.Program.Main() in C:\Users\Kora\Desktop\s4emu\src\AuthServer\Program.cs:line 108
2025-05-24 16:04:55.441 +07:00 [INF] Initializing...
2025-05-24 16:04:56.018 +07:00 [INF] Starting Server
2025-05-24 16:04:56.020 +07:00 [ERR] UnhandledException
System.Exception: XBN folder is missing!
   at NeoNetsphere.Program.Main() in C:\Users\Kora\Desktop\s4emu\src\AuthServer\Program.cs:line 108
2025-05-24 16:05:45.878 +07:00 [INF] Initializing...
2025-05-24 16:05:46.435 +07:00 [INF] Starting Server
2025-05-24 16:05:46.437 +07:00 [ERR] UnhandledException
System.Exception: XBN folder is missing!
   at NeoNetsphere.Program.Main() in C:\Users\Kora\Desktop\s4emu\src\AuthServer\Program.cs:line 108
2025-05-24 16:05:58.195 +07:00 [INF] Initializing...
2025-05-24 16:05:58.718 +07:00 [INF] Starting Server
2025-05-24 16:05:58.731 +07:00 [INF] Cached xbnfile: XBN//ConstantInfo.xbn
2025-05-24 16:05:58.738 +07:00 [INF] Cached xbnfile: XBN//Actions.xbn
2025-05-24 16:05:58.750 +07:00 [INF] Cached xbnfile: XBN//Weapons.xbn
2025-05-24 16:05:58.762 +07:00 [INF] Cached xbnfile: XBN//Effects.xbn
2025-05-24 16:05:58.770 +07:00 [INF] Cached xbnfile: XBN//EffectMatch.xbn
2025-05-24 16:05:58.771 +07:00 [INF] Cached xbnfile: XBN//EnchantData.xbn
2025-05-24 16:05:58.772 +07:00 [INF] Cached xbnfile: XBN//EquipLimit.xbn
2025-05-24 16:05:58.784 +07:00 [INF] Cached xbnfile: XBN//PveList.xbn
2025-05-24 16:05:58.791 +07:00 [INF] Cached xbnfile: XBN//MonsterWaveList.xbn
2025-05-24 16:05:58.793 +07:00 [INF] Cached xbnfile: XBN//EsperActionlist.xbn
2025-05-24 16:05:58.794 +07:00 [INF] Cached xbnfile: XBN//WeaponTypeReloadInfo.xbn
2025-05-24 16:05:58.796 +07:00 [INF] Cached xbnfile: XBN//RangeLimit.xbn
2025-05-24 16:05:58.954 +07:00 [INF] Ready for connections!
2025-05-24 16:05:58.955 +07:00 [WRN] !!! NOOB MODE IS ENABLED! EVERY LOGIN SUCCEEDS AND OVERRIDES ACCOUNT LOGIN DETAILS !!!
2025-05-24 16:06:26.072 +07:00 [INF] Initializing...
2025-05-24 16:06:26.609 +07:00 [INF] Starting Server
2025-05-24 16:06:26.610 +07:00 [ERR] UnhandledException
System.Exception: XBN folder is missing!
   at NeoNetsphere.Program.Main() in C:\Users\Kora\Desktop\s4emu\src\AuthServer\Program.cs:line 108
2025-05-24 16:07:15.711 +07:00 [INF] Initializing...
2025-05-24 16:07:16.302 +07:00 [INF] Starting Server
2025-05-24 16:07:16.304 +07:00 [ERR] UnhandledException
System.Exception: XBN folder is missing!
   at NeoNetsphere.Program.Main() in C:\Users\Kora\Desktop\s4emu\src\AuthServer\Program.cs:line 108
2025-05-24 16:07:51.216 +07:00 [INF] Initializing...
2025-05-24 16:07:51.755 +07:00 [INF] Starting Server
2025-05-24 16:07:51.757 +07:00 [ERR] UnhandledException
System.Exception: XBN folder is missing!
   at NeoNetsphere.Program.Main() in C:\Users\Kora\Desktop\s4emu\src\AuthServer\Program.cs:line 108
2025-05-24 16:07:58.972 +07:00 [INF] Initializing...
2025-05-24 16:07:59.516 +07:00 [INF] Starting Server
2025-05-24 16:07:59.517 +07:00 [ERR] UnhandledException
System.Exception: XBN folder is missing!
   at NeoNetsphere.Program.Main() in C:\Users\Kora\Desktop\s4emu\src\AuthServer\Program.cs:line 108
2025-05-24 16:08:11.935 +07:00 [INF] Initializing...
2025-05-24 16:08:12.468 +07:00 [INF] Starting Server
2025-05-24 16:08:12.473 +07:00 [INF] Cached xbnfile: XBN//ConstantInfo.xbn
2025-05-24 16:08:12.473 +07:00 [INF] Cached xbnfile: XBN//Actions.xbn
2025-05-24 16:08:12.474 +07:00 [INF] Cached xbnfile: XBN//Weapons.xbn
2025-05-24 16:08:12.475 +07:00 [INF] Cached xbnfile: XBN//Effects.xbn
2025-05-24 16:08:12.475 +07:00 [INF] Cached xbnfile: XBN//EffectMatch.xbn
2025-05-24 16:08:12.476 +07:00 [INF] Cached xbnfile: XBN//EnchantData.xbn
2025-05-24 16:08:12.477 +07:00 [INF] Cached xbnfile: XBN//EquipLimit.xbn
2025-05-24 16:08:12.478 +07:00 [INF] Cached xbnfile: XBN//PveList.xbn
2025-05-24 16:08:12.478 +07:00 [INF] Cached xbnfile: XBN//MonsterWaveList.xbn
2025-05-24 16:08:12.479 +07:00 [INF] Cached xbnfile: XBN//EsperActionlist.xbn
2025-05-24 16:08:12.480 +07:00 [INF] Cached xbnfile: XBN//WeaponTypeReloadInfo.xbn
2025-05-24 16:08:12.480 +07:00 [INF] Cached xbnfile: XBN//RangeLimit.xbn
2025-05-24 16:08:12.645 +07:00 [INF] Ready for connections!
2025-05-24 16:08:12.646 +07:00 [WRN] !!! NOOB MODE IS ENABLED! EVERY LOGIN SUCCEEDS AND OVERRIDES ACCOUNT LOGIN DETAILS !!!
2025-05-24 16:08:40.000 +07:00 [INF] Added server with valid apikey: S4Violet(1)
2025-05-24 16:08:57.949 +07:00 [INF] Authentication login from [::ffff:127.0.0.1]:52328
2025-05-24 16:08:58.105 +07:00 [INF] Authentication success for masterblad1
2025-05-24 16:09:21.483 +07:00 [INF] Login from 127.0.0.1
2025-05-24 16:09:21.527 +07:00 [INF] Login success for masterblad1
2025-05-24 16:10:26.116 +07:00 [INF] Removed server S4Violet(1)
2025-05-24 16:10:42.162 +07:00 [INF] Added server with valid apikey: S4Violet(1)
2025-05-24 16:10:51.528 +07:00 [INF] Authentication login from [::ffff:127.0.0.1]:53676
2025-05-24 16:10:51.555 +07:00 [INF] Authentication success for masterblad1
2025-05-24 16:11:13.731 +07:00 [INF] Login from 127.0.0.1
2025-05-24 16:11:13.733 +07:00 [INF] Login success for masterblad1
2025-05-24 16:23:41.692 +07:00 [INF] Initializing...
2025-05-24 16:23:42.235 +07:00 [INF] Starting Server
2025-05-24 16:23:42.240 +07:00 [INF] Cached xbnfile: XBN//ConstantInfo.xbn
2025-05-24 16:23:42.241 +07:00 [INF] Cached xbnfile: XBN//Actions.xbn
2025-05-24 16:23:42.242 +07:00 [INF] Cached xbnfile: XBN//Weapons.xbn
2025-05-24 16:23:42.243 +07:00 [INF] Cached xbnfile: XBN//Effects.xbn
2025-05-24 16:23:42.244 +07:00 [INF] Cached xbnfile: XBN//EffectMatch.xbn
2025-05-24 16:23:42.245 +07:00 [INF] Cached xbnfile: XBN//EnchantData.xbn
2025-05-24 16:23:42.246 +07:00 [INF] Cached xbnfile: XBN//EquipLimit.xbn
2025-05-24 16:23:42.247 +07:00 [INF] Cached xbnfile: XBN//PveList.xbn
2025-05-24 16:23:42.248 +07:00 [INF] Cached xbnfile: XBN//MonsterWaveList.xbn
2025-05-24 16:23:42.249 +07:00 [INF] Cached xbnfile: XBN//EsperActionlist.xbn
2025-05-24 16:23:42.250 +07:00 [INF] Cached xbnfile: XBN//WeaponTypeReloadInfo.xbn
2025-05-24 16:23:42.251 +07:00 [INF] Cached xbnfile: XBN//RangeLimit.xbn
2025-05-24 16:23:42.413 +07:00 [INF] Ready for connections!
2025-05-24 16:23:42.414 +07:00 [WRN] !!! NOOB MODE IS ENABLED! EVERY LOGIN SUCCEEDS AND OVERRIDES ACCOUNT LOGIN DETAILS !!!
2025-05-24 16:24:10.675 +07:00 [INF] Authentication login from [::ffff:127.0.0.1]:62981
2025-05-24 16:24:10.829 +07:00 [INF] Authentication success for masterblad1
2025-05-24 16:24:10.834 +07:00 [INF] Authentication login from [::ffff:127.0.0.1]:62979
2025-05-24 16:24:10.863 +07:00 [INF] Authentication success for masterblad1
2025-05-24 16:24:36.394 +07:00 [INF] Login from 127.0.0.1
2025-05-24 16:24:36.429 +07:00 [INF] Login success for masterblad1
2025-05-24 16:24:49.129 +07:00 [INF] Initializing...
2025-05-24 16:24:49.726 +07:00 [INF] Starting Server
2025-05-24 16:24:49.732 +07:00 [INF] Cached xbnfile: XBN//ConstantInfo.xbn
2025-05-24 16:24:49.733 +07:00 [INF] Cached xbnfile: XBN//Actions.xbn
2025-05-24 16:24:49.734 +07:00 [INF] Cached xbnfile: XBN//Weapons.xbn
2025-05-24 16:24:49.736 +07:00 [INF] Cached xbnfile: XBN//Effects.xbn
2025-05-24 16:24:49.737 +07:00 [INF] Cached xbnfile: XBN//EffectMatch.xbn
2025-05-24 16:24:49.738 +07:00 [INF] Cached xbnfile: XBN//EnchantData.xbn
2025-05-24 16:24:49.739 +07:00 [INF] Cached xbnfile: XBN//EquipLimit.xbn
2025-05-24 16:24:49.740 +07:00 [INF] Cached xbnfile: XBN//PveList.xbn
2025-05-24 16:24:49.741 +07:00 [INF] Cached xbnfile: XBN//MonsterWaveList.xbn
2025-05-24 16:24:49.742 +07:00 [INF] Cached xbnfile: XBN//EsperActionlist.xbn
2025-05-24 16:24:49.743 +07:00 [INF] Cached xbnfile: XBN//WeaponTypeReloadInfo.xbn
2025-05-24 16:24:49.744 +07:00 [INF] Cached xbnfile: XBN//RangeLimit.xbn
2025-05-24 16:24:49.914 +07:00 [INF] Ready for connections!
2025-05-24 16:24:49.915 +07:00 [WRN] !!! NOOB MODE IS ENABLED! EVERY LOGIN SUCCEEDS AND OVERRIDES ACCOUNT LOGIN DETAILS !!!
2025-05-24 16:24:51.833 +07:00 [INF] Added server with valid apikey: NeoNetsphere(1)
2025-05-24 16:25:00.546 +07:00 [INF] Authentication login from [::ffff:127.0.0.1]:63574
2025-05-24 16:25:00.700 +07:00 [INF] Authentication success for masterblad1
2025-05-24 16:26:06.068 +07:00 [INF] Initializing...
2025-05-24 16:26:06.645 +07:00 [INF] Starting Server
2025-05-24 16:26:06.651 +07:00 [INF] Cached xbnfile: XBN//ConstantInfo.xbn
2025-05-24 16:26:06.652 +07:00 [INF] Cached xbnfile: XBN//Actions.xbn
2025-05-24 16:26:06.653 +07:00 [INF] Cached xbnfile: XBN//Weapons.xbn
2025-05-24 16:26:06.654 +07:00 [INF] Cached xbnfile: XBN//Effects.xbn
2025-05-24 16:26:06.655 +07:00 [INF] Cached xbnfile: XBN//EffectMatch.xbn
2025-05-24 16:26:06.656 +07:00 [INF] Cached xbnfile: XBN//EnchantData.xbn
2025-05-24 16:26:06.657 +07:00 [INF] Cached xbnfile: XBN//EquipLimit.xbn
2025-05-24 16:26:06.658 +07:00 [INF] Cached xbnfile: XBN//PveList.xbn
2025-05-24 16:26:06.659 +07:00 [INF] Cached xbnfile: XBN//MonsterWaveList.xbn
2025-05-24 16:26:06.660 +07:00 [INF] Cached xbnfile: XBN//EsperActionlist.xbn
2025-05-24 16:26:06.661 +07:00 [INF] Cached xbnfile: XBN//WeaponTypeReloadInfo.xbn
2025-05-24 16:26:06.663 +07:00 [INF] Cached xbnfile: XBN//RangeLimit.xbn
2025-05-24 16:26:06.836 +07:00 [INF] Ready for connections!
2025-05-24 16:26:06.837 +07:00 [WRN] !!! NOOB MODE IS ENABLED! EVERY LOGIN SUCCEEDS AND OVERRIDES ACCOUNT LOGIN DETAILS !!!
2025-05-24 16:26:07.799 +07:00 [INF] Login from 127.0.0.1
2025-05-24 16:26:07.924 +07:00 [INF] Login success for masterblad1
2025-05-24 16:26:08.636 +07:00 [INF] Added server with valid apikey: Netsphere(1)
2025-05-24 16:46:55.775 +07:00 [INF] Initializing...
2025-05-24 16:46:56.341 +07:00 [INF] Starting Server
2025-05-24 16:46:56.347 +07:00 [INF] Cached xbnfile: XBN//ConstantInfo.xbn
2025-05-24 16:46:56.348 +07:00 [INF] Cached xbnfile: XBN//Actions.xbn
2025-05-24 16:46:56.349 +07:00 [INF] Cached xbnfile: XBN//Weapons.xbn
2025-05-24 16:46:56.350 +07:00 [INF] Cached xbnfile: XBN//Effects.xbn
2025-05-24 16:46:56.351 +07:00 [INF] Cached xbnfile: XBN//EffectMatch.xbn
2025-05-24 16:46:56.352 +07:00 [INF] Cached xbnfile: XBN//EnchantData.xbn
2025-05-24 16:46:56.353 +07:00 [INF] Cached xbnfile: XBN//EquipLimit.xbn
2025-05-24 16:46:56.354 +07:00 [INF] Cached xbnfile: XBN//PveList.xbn
2025-05-24 16:46:56.355 +07:00 [INF] Cached xbnfile: XBN//MonsterWaveList.xbn
2025-05-24 16:46:56.356 +07:00 [INF] Cached xbnfile: XBN//EsperActionlist.xbn
2025-05-24 16:46:56.357 +07:00 [INF] Cached xbnfile: XBN//WeaponTypeReloadInfo.xbn
2025-05-24 16:46:56.357 +07:00 [INF] Cached xbnfile: XBN//RangeLimit.xbn
2025-05-24 16:46:56.528 +07:00 [INF] Ready for connections!
2025-05-24 16:46:56.529 +07:00 [WRN] !!! NOOB MODE IS ENABLED! EVERY LOGIN SUCCEEDS AND OVERRIDES ACCOUNT LOGIN DETAILS !!!
2025-05-24 16:46:57.952 +07:00 [INF] Added server with valid apikey: Netsphere(1)
2025-05-24 16:47:10.100 +07:00 [INF] Authentication login from [::ffff:127.0.0.1]:63258
2025-05-24 16:47:10.258 +07:00 [INF] Authentication success for masterblad1
2025-05-24 16:47:56.777 +07:00 [INF] Login from 127.0.0.1
2025-05-24 16:47:56.814 +07:00 [INF] Login success for masterblad1
2025-05-24 16:52:53.127 +07:00 [INF] Initializing...
2025-05-24 16:52:53.750 +07:00 [INF] Starting Server
2025-05-24 16:52:53.755 +07:00 [INF] Cached xbnfile: XBN//ConstantInfo.xbn
2025-05-24 16:52:53.757 +07:00 [INF] Cached xbnfile: XBN//Actions.xbn
2025-05-24 16:52:53.758 +07:00 [INF] Cached xbnfile: XBN//Weapons.xbn
2025-05-24 16:52:53.759 +07:00 [INF] Cached xbnfile: XBN//Effects.xbn
2025-05-24 16:52:53.760 +07:00 [INF] Cached xbnfile: XBN//EffectMatch.xbn
2025-05-24 16:52:53.761 +07:00 [INF] Cached xbnfile: XBN//EnchantData.xbn
2025-05-24 16:52:53.762 +07:00 [INF] Cached xbnfile: XBN//EquipLimit.xbn
2025-05-24 16:52:53.763 +07:00 [INF] Cached xbnfile: XBN//PveList.xbn
2025-05-24 16:52:53.764 +07:00 [INF] Cached xbnfile: XBN//MonsterWaveList.xbn
2025-05-24 16:52:53.765 +07:00 [INF] Cached xbnfile: XBN//EsperActionlist.xbn
2025-05-24 16:52:53.766 +07:00 [INF] Cached xbnfile: XBN//WeaponTypeReloadInfo.xbn
2025-05-24 16:52:53.767 +07:00 [INF] Cached xbnfile: XBN//RangeLimit.xbn
2025-05-24 16:52:53.933 +07:00 [INF] Ready for connections!
2025-05-24 16:52:53.934 +07:00 [WRN] !!! NOOB MODE IS ENABLED! EVERY LOGIN SUCCEEDS AND OVERRIDES ACCOUNT LOGIN DETAILS !!!
2025-05-24 16:52:55.870 +07:00 [INF] Added server with valid apikey: Netsphere(1)
2025-05-24 16:53:03.019 +07:00 [INF] Authentication login from [::ffff:127.0.0.1]:51512
2025-05-24 16:53:03.181 +07:00 [INF] Authentication success for masterblad1
2025-05-24 16:54:05.106 +07:00 [INF] Login from 127.0.0.1
2025-05-24 16:54:05.142 +07:00 [INF] Login success for masterblad1
2025-05-24 18:07:17.294 +07:00 [INF] Initializing...
2025-05-24 18:07:19.835 +07:00 [ERR] UnhandledException
MySql.Data.MySqlClient.MySqlException (0x80004005): Unable to connect to any of the specified MySQL hosts. ---> System.AggregateException: One or more errors occurred. (No connection could be made because the target machine actively refused it 127.0.0.1:3306) ---> System.Net.Internals.SocketExceptionFactory+ExtendedSocketException: No connection could be made because the target machine actively refused it 127.0.0.1:3306
   at System.Net.Sockets.Socket.EndConnect(IAsyncResult asyncResult)
   at System.Net.Sockets.Socket.DoMultipleAddressConnectCallback(Object result, MultipleAddressConnectAsyncResult context)
--- End of stack trace from previous location where exception was thrown ---
   at System.Net.Sockets.Socket.DoMultipleAddressConnectCallback(Object result, MultipleAddressConnectAsyncResult context)
   at System.Net.Sockets.Socket.MultipleAddressConnectCallback(IAsyncResult result)
--- End of stack trace from previous location where exception was thrown ---
   at System.Net.Sockets.Socket.EndConnect(IAsyncResult asyncResult)
   at System.Net.Sockets.TcpClient.EndConnect(IAsyncResult asyncResult)
   at System.Net.Sockets.TcpClient.<>c.<ConnectAsync>b__28_1(IAsyncResult asyncResult)
   at System.Threading.Tasks.TaskFactory`1.FromAsyncCoreLogic(IAsyncResult iar, Func`2 endFunction, Action`1 endAction, Task`1 promise, Boolean requiresSynchronization)
   --- End of inner exception stack trace ---
   at System.Threading.Tasks.Task.Wait(Int32 millisecondsTimeout, CancellationToken cancellationToken)
   at MySql.Data.Common.StreamCreator.GetTcpStream(MySqlConnectionStringBuilder settings)
   at MySql.Data.MySqlClient.NativeDriver.Open()
---> (Inner Exception #0) System.Net.Internals.SocketExceptionFactory+ExtendedSocketException (10061): No connection could be made because the target machine actively refused it 127.0.0.1:3306
   at System.Net.Sockets.Socket.EndConnect(IAsyncResult asyncResult)
   at System.Net.Sockets.Socket.DoMultipleAddressConnectCallback(Object result, MultipleAddressConnectAsyncResult context)
--- End of stack trace from previous location where exception was thrown ---
   at System.Net.Sockets.Socket.DoMultipleAddressConnectCallback(Object result, MultipleAddressConnectAsyncResult context)
   at System.Net.Sockets.Socket.MultipleAddressConnectCallback(IAsyncResult result)
--- End of stack trace from previous location where exception was thrown ---
   at System.Net.Sockets.Socket.EndConnect(IAsyncResult asyncResult)
   at System.Net.Sockets.TcpClient.EndConnect(IAsyncResult asyncResult)
   at System.Net.Sockets.TcpClient.<>c.<ConnectAsync>b__28_1(IAsyncResult asyncResult)
   at System.Threading.Tasks.TaskFactory`1.FromAsyncCoreLogic(IAsyncResult iar, Func`2 endFunction, Action`1 endAction, Task`1 promise, Boolean requiresSynchronization)<---

   at MySql.Data.MySqlClient.NativeDriver.Open()
   at MySql.Data.MySqlClient.Driver.Open()
   at MySql.Data.MySqlClient.Driver.Create(MySqlConnectionStringBuilder settings)
   at MySql.Data.MySqlClient.MySqlPool.CreateNewPooledConnection()
   at MySql.Data.MySqlClient.MySqlPool.GetPooledConnection()
   at MySql.Data.MySqlClient.MySqlPool.TryToGetDriver()
   at MySql.Data.MySqlClient.MySqlPool.GetConnection()
   at MySql.Data.MySqlClient.MySqlConnection.Open()
   at NeoNetsphere.AuthDatabase.Open() in C:\Users\Kora\Desktop\s4emu\src\AuthServer\Program.cs:line 270
   at NeoNetsphere.AuthDatabase.Initialize() in C:\Users\Kora\Desktop\s4emu\src\AuthServer\Program.cs:line 220
   at NeoNetsphere.Program.Main() in C:\Users\Kora\Desktop\s4emu\src\AuthServer\Program.cs:line 101
2025-05-24 18:07:26.116 +07:00 [INF] Initializing...
2025-05-24 18:07:28.543 +07:00 [ERR] UnhandledException
MySql.Data.MySqlClient.MySqlException (0x80004005): Unable to connect to any of the specified MySQL hosts. ---> System.AggregateException: One or more errors occurred. (No connection could be made because the target machine actively refused it 127.0.0.1:3306) ---> System.Net.Internals.SocketExceptionFactory+ExtendedSocketException: No connection could be made because the target machine actively refused it 127.0.0.1:3306
   at System.Net.Sockets.Socket.EndConnect(IAsyncResult asyncResult)
   at System.Net.Sockets.Socket.DoMultipleAddressConnectCallback(Object result, MultipleAddressConnectAsyncResult context)
--- End of stack trace from previous location where exception was thrown ---
   at System.Net.Sockets.Socket.DoMultipleAddressConnectCallback(Object result, MultipleAddressConnectAsyncResult context)
   at System.Net.Sockets.Socket.MultipleAddressConnectCallback(IAsyncResult result)
--- End of stack trace from previous location where exception was thrown ---
   at System.Net.Sockets.Socket.EndConnect(IAsyncResult asyncResult)
   at System.Net.Sockets.TcpClient.EndConnect(IAsyncResult asyncResult)
   at System.Net.Sockets.TcpClient.<>c.<ConnectAsync>b__28_1(IAsyncResult asyncResult)
   at System.Threading.Tasks.TaskFactory`1.FromAsyncCoreLogic(IAsyncResult iar, Func`2 endFunction, Action`1 endAction, Task`1 promise, Boolean requiresSynchronization)
   --- End of inner exception stack trace ---
   at System.Threading.Tasks.Task.Wait(Int32 millisecondsTimeout, CancellationToken cancellationToken)
   at MySql.Data.Common.StreamCreator.GetTcpStream(MySqlConnectionStringBuilder settings)
   at MySql.Data.MySqlClient.NativeDriver.Open()
---> (Inner Exception #0) System.Net.Internals.SocketExceptionFactory+ExtendedSocketException (10061): No connection could be made because the target machine actively refused it 127.0.0.1:3306
   at System.Net.Sockets.Socket.EndConnect(IAsyncResult asyncResult)
   at System.Net.Sockets.Socket.DoMultipleAddressConnectCallback(Object result, MultipleAddressConnectAsyncResult context)
--- End of stack trace from previous location where exception was thrown ---
   at System.Net.Sockets.Socket.DoMultipleAddressConnectCallback(Object result, MultipleAddressConnectAsyncResult context)
   at System.Net.Sockets.Socket.MultipleAddressConnectCallback(IAsyncResult result)
--- End of stack trace from previous location where exception was thrown ---
   at System.Net.Sockets.Socket.EndConnect(IAsyncResult asyncResult)
   at System.Net.Sockets.TcpClient.EndConnect(IAsyncResult asyncResult)
   at System.Net.Sockets.TcpClient.<>c.<ConnectAsync>b__28_1(IAsyncResult asyncResult)
   at System.Threading.Tasks.TaskFactory`1.FromAsyncCoreLogic(IAsyncResult iar, Func`2 endFunction, Action`1 endAction, Task`1 promise, Boolean requiresSynchronization)<---

   at MySql.Data.MySqlClient.NativeDriver.Open()
   at MySql.Data.MySqlClient.Driver.Open()
   at MySql.Data.MySqlClient.Driver.Create(MySqlConnectionStringBuilder settings)
   at MySql.Data.MySqlClient.MySqlPool.CreateNewPooledConnection()
   at MySql.Data.MySqlClient.MySqlPool.GetPooledConnection()
   at MySql.Data.MySqlClient.MySqlPool.TryToGetDriver()
   at MySql.Data.MySqlClient.MySqlPool.GetConnection()
   at MySql.Data.MySqlClient.MySqlConnection.Open()
   at NeoNetsphere.AuthDatabase.Open() in C:\Users\Kora\Desktop\s4emu\src\AuthServer\Program.cs:line 270
   at NeoNetsphere.AuthDatabase.Initialize() in C:\Users\Kora\Desktop\s4emu\src\AuthServer\Program.cs:line 220
   at NeoNetsphere.Program.Main() in C:\Users\Kora\Desktop\s4emu\src\AuthServer\Program.cs:line 101
2025-05-24 18:08:57.370 +07:00 [INF] Initializing...
2025-05-24 18:08:57.912 +07:00 [INF] Starting Server
2025-05-24 18:08:57.917 +07:00 [INF] Cached xbnfile: XBN//ConstantInfo.xbn
2025-05-24 18:08:57.919 +07:00 [INF] Cached xbnfile: XBN//Actions.xbn
2025-05-24 18:08:57.920 +07:00 [INF] Cached xbnfile: XBN//Weapons.xbn
2025-05-24 18:08:57.922 +07:00 [INF] Cached xbnfile: XBN//Effects.xbn
2025-05-24 18:08:57.923 +07:00 [INF] Cached xbnfile: XBN//EffectMatch.xbn
2025-05-24 18:08:57.924 +07:00 [INF] Cached xbnfile: XBN//EnchantData.xbn
2025-05-24 18:08:57.925 +07:00 [INF] Cached xbnfile: XBN//EquipLimit.xbn
2025-05-24 18:08:57.926 +07:00 [INF] Cached xbnfile: XBN//PveList.xbn
2025-05-24 18:08:57.927 +07:00 [INF] Cached xbnfile: XBN//MonsterWaveList.xbn
2025-05-24 18:08:57.928 +07:00 [INF] Cached xbnfile: XBN//EsperActionlist.xbn
2025-05-24 18:08:57.929 +07:00 [INF] Cached xbnfile: XBN//WeaponTypeReloadInfo.xbn
2025-05-24 18:08:57.930 +07:00 [INF] Cached xbnfile: XBN//RangeLimit.xbn
2025-05-24 18:08:58.131 +07:00 [INF] Ready for connections!
2025-05-24 18:08:58.133 +07:00 [WRN] !!! NOOB MODE IS ENABLED! EVERY LOGIN SUCCEEDS AND OVERRIDES ACCOUNT LOGIN DETAILS !!!
2025-05-24 18:08:59.594 +07:00 [INF] Added server with valid apikey: Netsphere(1)
2025-05-24 18:09:10.940 +07:00 [INF] Authentication login from [::ffff:127.0.0.1]:56493
2025-05-24 18:09:11.097 +07:00 [INF] Authentication success for masterblad1
2025-05-24 18:09:11.104 +07:00 [INF] Authentication login from [::ffff:127.0.0.1]:56492
2025-05-24 18:09:11.131 +07:00 [INF] Authentication success for masterblad1
2025-05-24 18:09:34.431 +07:00 [INF] Login from 127.0.0.1
2025-05-24 18:09:34.467 +07:00 [INF] Login success for masterblad1
2025-05-24 18:14:26.616 +07:00 [INF] Authentication login from [::ffff:127.0.0.1]:56624
2025-05-24 18:14:26.673 +07:00 [INF] Authentication success for masterblad2
2025-05-24 18:14:47.437 +07:00 [INF] Login from 127.0.0.1
2025-05-24 18:14:47.438 +07:00 [INF] Login success for masterblad2
2025-05-24 18:49:11.902 +07:00 [INF] Removed server Netsphere(1)
2025-05-24 18:49:20.681 +07:00 [INF] Initializing...
2025-05-24 18:49:21.223 +07:00 [INF] Starting Server
2025-05-24 18:49:21.229 +07:00 [INF] Cached xbnfile: XBN//ConstantInfo.xbn
2025-05-24 18:49:21.230 +07:00 [INF] Cached xbnfile: XBN//Actions.xbn
2025-05-24 18:49:21.231 +07:00 [INF] Cached xbnfile: XBN//Weapons.xbn
2025-05-24 18:49:21.231 +07:00 [INF] Cached xbnfile: XBN//Effects.xbn
2025-05-24 18:49:21.233 +07:00 [INF] Cached xbnfile: XBN//EffectMatch.xbn
2025-05-24 18:49:21.234 +07:00 [INF] Cached xbnfile: XBN//EnchantData.xbn
2025-05-24 18:49:21.234 +07:00 [INF] Cached xbnfile: XBN//EquipLimit.xbn
2025-05-24 18:49:21.235 +07:00 [INF] Cached xbnfile: XBN//PveList.xbn
2025-05-24 18:49:21.236 +07:00 [INF] Cached xbnfile: XBN//MonsterWaveList.xbn
2025-05-24 18:49:21.237 +07:00 [INF] Cached xbnfile: XBN//EsperActionlist.xbn
2025-05-24 18:49:21.238 +07:00 [INF] Cached xbnfile: XBN//WeaponTypeReloadInfo.xbn
2025-05-24 18:49:21.239 +07:00 [INF] Cached xbnfile: XBN//RangeLimit.xbn
2025-05-24 18:49:21.410 +07:00 [INF] Ready for connections!
2025-05-24 18:49:21.411 +07:00 [WRN] !!! NOOB MODE IS ENABLED! EVERY LOGIN SUCCEEDS AND OVERRIDES ACCOUNT LOGIN DETAILS !!!
2025-05-24 18:49:22.738 +07:00 [INF] Added server with valid apikey: Netsphere(1)
2025-05-24 18:49:31.396 +07:00 [INF] Authentication login from [::ffff:127.0.0.1]:61524
2025-05-24 18:49:31.556 +07:00 [INF] Authentication success for masterblad1
2025-05-24 18:49:56.850 +07:00 [INF] Login from 127.0.0.1
2025-05-24 18:49:56.887 +07:00 [INF] Login success for masterblad1
2025-05-24 18:54:27.584 +07:00 [INF] Session login from 127.0.0.1
2025-05-24 18:54:27.587 +07:00 [INF] Login success for masterblad1
2025-05-24 18:54:36.229 +07:00 [INF] Initializing...
2025-05-24 18:54:36.828 +07:00 [INF] Starting Server
2025-05-24 18:54:36.833 +07:00 [INF] Cached xbnfile: XBN//ConstantInfo.xbn
2025-05-24 18:54:36.834 +07:00 [INF] Cached xbnfile: XBN//Actions.xbn
2025-05-24 18:54:36.835 +07:00 [INF] Cached xbnfile: XBN//Weapons.xbn
2025-05-24 18:54:36.836 +07:00 [INF] Cached xbnfile: XBN//Effects.xbn
2025-05-24 18:54:36.837 +07:00 [INF] Cached xbnfile: XBN//EffectMatch.xbn
2025-05-24 18:54:36.838 +07:00 [INF] Cached xbnfile: XBN//EnchantData.xbn
2025-05-24 18:54:36.839 +07:00 [INF] Cached xbnfile: XBN//EquipLimit.xbn
2025-05-24 18:54:36.840 +07:00 [INF] Cached xbnfile: XBN//PveList.xbn
2025-05-24 18:54:36.841 +07:00 [INF] Cached xbnfile: XBN//MonsterWaveList.xbn
2025-05-24 18:54:36.842 +07:00 [INF] Cached xbnfile: XBN//EsperActionlist.xbn
2025-05-24 18:54:36.843 +07:00 [INF] Cached xbnfile: XBN//WeaponTypeReloadInfo.xbn
2025-05-24 18:54:36.844 +07:00 [INF] Cached xbnfile: XBN//RangeLimit.xbn
2025-05-24 18:54:37.025 +07:00 [INF] Ready for connections!
2025-05-24 18:54:37.026 +07:00 [WRN] !!! NOOB MODE IS ENABLED! EVERY LOGIN SUCCEEDS AND OVERRIDES ACCOUNT LOGIN DETAILS !!!
2025-05-24 18:54:38.943 +07:00 [INF] Added server with valid apikey: Netsphere(1)
2025-05-24 18:54:44.342 +07:00 [INF] Authentication login from [::ffff:127.0.0.1]:65146
2025-05-24 18:54:44.503 +07:00 [INF] Authentication success for masterblad1
2025-05-24 18:55:09.004 +07:00 [INF] Authentication login from [::ffff:127.0.0.1]:65434
2025-05-24 18:55:09.035 +07:00 [INF] Authentication success for masterblad1
2025-05-24 18:55:33.044 +07:00 [INF] Login from 127.0.0.1
2025-05-24 18:55:33.080 +07:00 [INF] Login success for masterblad1
2025-05-24 19:02:43.583 +07:00 [INF] Session login from 127.0.0.1
2025-05-24 19:02:43.586 +07:00 [INF] Login success for masterblad1
2025-06-09 15:08:05.556 +07:00 [INF] Initializing...
2025-06-09 15:08:08.093 +07:00 [ERR] UnhandledException
MySql.Data.MySqlClient.MySqlException (0x80004005): Unable to connect to any of the specified MySQL hosts. ---> System.AggregateException: One or more errors occurred. (No connection could be made because the target machine actively refused it 127.0.0.1:3306) ---> System.Net.Internals.SocketExceptionFactory+ExtendedSocketException: No connection could be made because the target machine actively refused it 127.0.0.1:3306
   at System.Net.Sockets.Socket.EndConnect(IAsyncResult asyncResult)
   at System.Net.Sockets.Socket.DoMultipleAddressConnectCallback(Object result, MultipleAddressConnectAsyncResult context)
--- End of stack trace from previous location where exception was thrown ---
   at System.Net.Sockets.Socket.DoMultipleAddressConnectCallback(Object result, MultipleAddressConnectAsyncResult context)
   at System.Net.Sockets.Socket.MultipleAddressConnectCallback(IAsyncResult result)
--- End of stack trace from previous location where exception was thrown ---
   at System.Net.Sockets.Socket.EndConnect(IAsyncResult asyncResult)
   at System.Net.Sockets.TcpClient.EndConnect(IAsyncResult asyncResult)
   at System.Net.Sockets.TcpClient.<>c.<ConnectAsync>b__28_1(IAsyncResult asyncResult)
   at System.Threading.Tasks.TaskFactory`1.FromAsyncCoreLogic(IAsyncResult iar, Func`2 endFunction, Action`1 endAction, Task`1 promise, Boolean requiresSynchronization)
   --- End of inner exception stack trace ---
   at System.Threading.Tasks.Task.Wait(Int32 millisecondsTimeout, CancellationToken cancellationToken)
   at MySql.Data.Common.StreamCreator.GetTcpStream(MySqlConnectionStringBuilder settings)
   at MySql.Data.MySqlClient.NativeDriver.Open()
---> (Inner Exception #0) System.Net.Internals.SocketExceptionFactory+ExtendedSocketException (10061): No connection could be made because the target machine actively refused it 127.0.0.1:3306
   at System.Net.Sockets.Socket.EndConnect(IAsyncResult asyncResult)
   at System.Net.Sockets.Socket.DoMultipleAddressConnectCallback(Object result, MultipleAddressConnectAsyncResult context)
--- End of stack trace from previous location where exception was thrown ---
   at System.Net.Sockets.Socket.DoMultipleAddressConnectCallback(Object result, MultipleAddressConnectAsyncResult context)
   at System.Net.Sockets.Socket.MultipleAddressConnectCallback(IAsyncResult result)
--- End of stack trace from previous location where exception was thrown ---
   at System.Net.Sockets.Socket.EndConnect(IAsyncResult asyncResult)
   at System.Net.Sockets.TcpClient.EndConnect(IAsyncResult asyncResult)
   at System.Net.Sockets.TcpClient.<>c.<ConnectAsync>b__28_1(IAsyncResult asyncResult)
   at System.Threading.Tasks.TaskFactory`1.FromAsyncCoreLogic(IAsyncResult iar, Func`2 endFunction, Action`1 endAction, Task`1 promise, Boolean requiresSynchronization)<---

   at MySql.Data.MySqlClient.NativeDriver.Open()
   at MySql.Data.MySqlClient.Driver.Open()
   at MySql.Data.MySqlClient.Driver.Create(MySqlConnectionStringBuilder settings)
   at MySql.Data.MySqlClient.MySqlPool.CreateNewPooledConnection()
   at MySql.Data.MySqlClient.MySqlPool.GetPooledConnection()
   at MySql.Data.MySqlClient.MySqlPool.TryToGetDriver()
   at MySql.Data.MySqlClient.MySqlPool.GetConnection()
   at MySql.Data.MySqlClient.MySqlConnection.Open()
   at NeoNetsphere.AuthDatabase.Open() in C:\Users\Kora\Desktop\s4emu\src\AuthServer\Program.cs:line 270
   at NeoNetsphere.AuthDatabase.Initialize() in C:\Users\Kora\Desktop\s4emu\src\AuthServer\Program.cs:line 220
   at NeoNetsphere.Program.Main() in C:\Users\Kora\Desktop\s4emu\src\AuthServer\Program.cs:line 101
2025-06-09 15:08:17.730 +07:00 [INF] Initializing...
2025-06-09 15:08:18.338 +07:00 [INF] Starting Server
2025-06-09 15:08:18.345 +07:00 [INF] Cached xbnfile: XBN//ConstantInfo.xbn
2025-06-09 15:08:18.346 +07:00 [INF] Cached xbnfile: XBN//Actions.xbn
2025-06-09 15:08:18.348 +07:00 [INF] Cached xbnfile: XBN//Weapons.xbn
2025-06-09 15:08:18.349 +07:00 [INF] Cached xbnfile: XBN//Effects.xbn
2025-06-09 15:08:18.351 +07:00 [INF] Cached xbnfile: XBN//EffectMatch.xbn
2025-06-09 15:08:18.352 +07:00 [INF] Cached xbnfile: XBN//EnchantData.xbn
2025-06-09 15:08:18.353 +07:00 [INF] Cached xbnfile: XBN//EquipLimit.xbn
2025-06-09 15:08:18.354 +07:00 [INF] Cached xbnfile: XBN//PveList.xbn
2025-06-09 15:08:18.356 +07:00 [INF] Cached xbnfile: XBN//MonsterWaveList.xbn
2025-06-09 15:08:18.358 +07:00 [INF] Cached xbnfile: XBN//EsperActionlist.xbn
2025-06-09 15:08:18.359 +07:00 [INF] Cached xbnfile: XBN//WeaponTypeReloadInfo.xbn
2025-06-09 15:08:18.360 +07:00 [INF] Cached xbnfile: XBN//RangeLimit.xbn
2025-06-09 15:08:18.551 +07:00 [INF] Ready for connections!
2025-06-09 15:08:18.552 +07:00 [WRN] !!! NOOB MODE IS ENABLED! EVERY LOGIN SUCCEEDS AND OVERRIDES ACCOUNT LOGIN DETAILS !!!
2025-06-09 15:08:20.528 +07:00 [INF] Added server with valid apikey: Netsphere(1)
2025-06-09 15:08:31.918 +07:00 [INF] Authentication login from [::ffff:127.0.0.1]:61743
2025-06-09 15:08:32.079 +07:00 [INF] Authentication success for masterblad1
2025-06-09 15:09:06.078 +07:00 [INF] Login from 127.0.0.1
2025-06-09 15:09:06.114 +07:00 [INF] Login success for masterblad1
2025-06-09 15:21:38.896 +07:00 [INF] Removed server Netsphere(1)
2025-06-09 15:21:48.171 +07:00 [INF] Added server with valid apikey: Netsphere(1)
2025-06-09 15:22:03.898 +07:00 [INF] Authentication login from [::ffff:127.0.0.1]:62096
2025-06-09 15:22:03.926 +07:00 [INF] Authentication success for masterblad1
2025-06-09 15:22:31.165 +07:00 [INF] Login from 127.0.0.1
2025-06-09 15:22:31.167 +07:00 [INF] Login success for masterblad1
2025-06-09 19:13:08.287 +07:00 [INF] Initializing...
2025-06-09 19:13:08.857 +07:00 [INF] Starting Server
2025-06-09 19:13:08.863 +07:00 [INF] Cached xbnfile: XBN//ConstantInfo.xbn
2025-06-09 19:13:08.864 +07:00 [INF] Cached xbnfile: XBN//Actions.xbn
2025-06-09 19:13:08.865 +07:00 [INF] Cached xbnfile: XBN//Weapons.xbn
2025-06-09 19:13:08.867 +07:00 [INF] Cached xbnfile: XBN//Effects.xbn
2025-06-09 19:13:08.868 +07:00 [INF] Cached xbnfile: XBN//EffectMatch.xbn
2025-06-09 19:13:08.869 +07:00 [INF] Cached xbnfile: XBN//EnchantData.xbn
2025-06-09 19:13:08.870 +07:00 [INF] Cached xbnfile: XBN//EquipLimit.xbn
2025-06-09 19:13:08.872 +07:00 [INF] Cached xbnfile: XBN//PveList.xbn
2025-06-09 19:13:08.873 +07:00 [INF] Cached xbnfile: XBN//MonsterWaveList.xbn
2025-06-09 19:13:08.874 +07:00 [INF] Cached xbnfile: XBN//EsperActionlist.xbn
2025-06-09 19:13:08.875 +07:00 [INF] Cached xbnfile: XBN//WeaponTypeReloadInfo.xbn
2025-06-09 19:13:08.876 +07:00 [INF] Cached xbnfile: XBN//RangeLimit.xbn
2025-06-09 19:13:09.057 +07:00 [INF] Ready for connections!
2025-06-09 19:13:09.058 +07:00 [WRN] !!! NOOB MODE IS ENABLED! EVERY LOGIN SUCCEEDS AND OVERRIDES ACCOUNT LOGIN DETAILS !!!
2025-06-09 19:13:10.663 +07:00 [INF] Added server with valid apikey: Netsphere(1)
2025-06-09 19:13:17.110 +07:00 [INF] Authentication login from [::ffff:127.0.0.1]:52816
2025-06-09 19:13:17.282 +07:00 [INF] Authentication success for masterblad1
2025-06-09 19:13:50.274 +07:00 [INF] Login from 127.0.0.1
2025-06-09 19:13:50.316 +07:00 [INF] Login success for masterblad1
2025-06-09 20:30:02.551 +07:00 [INF] Removed server Netsphere(1)
2025-06-09 20:31:05.611 +07:00 [INF] Initializing...
2025-06-09 20:31:06.205 +07:00 [INF] Starting Server
2025-06-09 20:31:06.211 +07:00 [INF] Cached xbnfile: XBN//ConstantInfo.xbn
2025-06-09 20:31:06.212 +07:00 [INF] Cached xbnfile: XBN//Actions.xbn
2025-06-09 20:31:06.213 +07:00 [INF] Cached xbnfile: XBN//Weapons.xbn
2025-06-09 20:31:06.215 +07:00 [INF] Cached xbnfile: XBN//Effects.xbn
2025-06-09 20:31:06.216 +07:00 [INF] Cached xbnfile: XBN//EffectMatch.xbn
2025-06-09 20:31:06.217 +07:00 [INF] Cached xbnfile: XBN//EnchantData.xbn
2025-06-09 20:31:06.218 +07:00 [INF] Cached xbnfile: XBN//EquipLimit.xbn
2025-06-09 20:31:06.219 +07:00 [INF] Cached xbnfile: XBN//PveList.xbn
2025-06-09 20:31:06.220 +07:00 [INF] Cached xbnfile: XBN//MonsterWaveList.xbn
2025-06-09 20:31:06.221 +07:00 [INF] Cached xbnfile: XBN//EsperActionlist.xbn
2025-06-09 20:31:06.222 +07:00 [INF] Cached xbnfile: XBN//WeaponTypeReloadInfo.xbn
2025-06-09 20:31:06.223 +07:00 [INF] Cached xbnfile: XBN//RangeLimit.xbn
2025-06-09 20:31:06.394 +07:00 [INF] Ready for connections!
2025-06-09 20:31:06.395 +07:00 [WRN] !!! NOOB MODE IS ENABLED! EVERY LOGIN SUCCEEDS AND OVERRIDES ACCOUNT LOGIN DETAILS !!!
2025-06-09 20:31:07.865 +07:00 [INF] Added server with valid apikey: Netsphere(1)
2025-06-09 20:31:19.351 +07:00 [INF] Authentication login from [::ffff:127.0.0.1]:54406
2025-06-09 20:31:19.521 +07:00 [INF] Authentication success for masterblad1
2025-06-09 20:31:45.493 +07:00 [INF] Login from 127.0.0.1
2025-06-09 20:31:45.531 +07:00 [INF] Login success for masterblad1
2025-06-09 20:38:02.697 +07:00 [INF] Initializing...
2025-06-09 20:38:03.318 +07:00 [INF] Starting Server
2025-06-09 20:38:03.324 +07:00 [INF] Cached xbnfile: XBN//ConstantInfo.xbn
2025-06-09 20:38:03.325 +07:00 [INF] Cached xbnfile: XBN//Actions.xbn
2025-06-09 20:38:03.326 +07:00 [INF] Cached xbnfile: XBN//Weapons.xbn
2025-06-09 20:38:03.327 +07:00 [INF] Cached xbnfile: XBN//Effects.xbn
2025-06-09 20:38:03.328 +07:00 [INF] Cached xbnfile: XBN//EffectMatch.xbn
2025-06-09 20:38:03.329 +07:00 [INF] Cached xbnfile: XBN//EnchantData.xbn
2025-06-09 20:38:03.330 +07:00 [INF] Cached xbnfile: XBN//EquipLimit.xbn
2025-06-09 20:38:03.332 +07:00 [INF] Cached xbnfile: XBN//PveList.xbn
2025-06-09 20:38:03.333 +07:00 [INF] Cached xbnfile: XBN//MonsterWaveList.xbn
2025-06-09 20:38:03.335 +07:00 [INF] Cached xbnfile: XBN//EsperActionlist.xbn
2025-06-09 20:38:03.336 +07:00 [INF] Cached xbnfile: XBN//WeaponTypeReloadInfo.xbn
2025-06-09 20:38:03.338 +07:00 [INF] Cached xbnfile: XBN//RangeLimit.xbn
2025-06-09 20:38:03.518 +07:00 [INF] Ready for connections!
2025-06-09 20:38:03.520 +07:00 [WRN] !!! NOOB MODE IS ENABLED! EVERY LOGIN SUCCEEDS AND OVERRIDES ACCOUNT LOGIN DETAILS !!!
2025-06-09 20:38:05.531 +07:00 [INF] Added server with valid apikey: Netsphere(1)
2025-06-09 20:38:35.761 +07:00 [INF] Authentication login from [::ffff:127.0.0.1]:54509
2025-06-09 20:38:35.925 +07:00 [INF] Authentication success for masterblad1
2025-06-09 20:39:02.852 +07:00 [INF] Login from 127.0.0.1
2025-06-09 20:39:02.890 +07:00 [INF] Login success for masterblad1
2025-06-09 20:41:39.220 +07:00 [INF] Removed server Netsphere(1)
2025-06-09 20:41:49.316 +07:00 [INF] Initializing...
2025-06-09 20:41:49.935 +07:00 [INF] Starting Server
2025-06-09 20:41:49.941 +07:00 [INF] Cached xbnfile: XBN//ConstantInfo.xbn
2025-06-09 20:41:49.942 +07:00 [INF] Cached xbnfile: XBN//Actions.xbn
2025-06-09 20:41:49.944 +07:00 [INF] Cached xbnfile: XBN//Weapons.xbn
2025-06-09 20:41:49.945 +07:00 [INF] Cached xbnfile: XBN//Effects.xbn
2025-06-09 20:41:49.947 +07:00 [INF] Cached xbnfile: XBN//EffectMatch.xbn
2025-06-09 20:41:49.949 +07:00 [INF] Cached xbnfile: XBN//EnchantData.xbn
2025-06-09 20:41:49.950 +07:00 [INF] Cached xbnfile: XBN//EquipLimit.xbn
2025-06-09 20:41:49.951 +07:00 [INF] Cached xbnfile: XBN//PveList.xbn
2025-06-09 20:41:49.953 +07:00 [INF] Cached xbnfile: XBN//MonsterWaveList.xbn
2025-06-09 20:41:49.954 +07:00 [INF] Cached xbnfile: XBN//EsperActionlist.xbn
2025-06-09 20:41:49.955 +07:00 [INF] Cached xbnfile: XBN//WeaponTypeReloadInfo.xbn
2025-06-09 20:41:49.956 +07:00 [INF] Cached xbnfile: XBN//RangeLimit.xbn
2025-06-09 20:41:50.132 +07:00 [INF] Ready for connections!
2025-06-09 20:41:50.133 +07:00 [WRN] !!! NOOB MODE IS ENABLED! EVERY LOGIN SUCCEEDS AND OVERRIDES ACCOUNT LOGIN DETAILS !!!
2025-06-09 20:41:52.171 +07:00 [INF] Added server with valid apikey: Netsphere(1)
2025-06-09 20:42:02.048 +07:00 [INF] Authentication login from [::ffff:127.0.0.1]:54570
2025-06-09 20:42:02.212 +07:00 [INF] Authentication success for masterblad1
2025-06-09 20:42:02.218 +07:00 [INF] Authentication login from [::ffff:127.0.0.1]:54569
2025-06-09 20:42:02.246 +07:00 [INF] Authentication success for masterblad1
2025-06-09 20:42:28.856 +07:00 [INF] Login from 127.0.0.1
2025-06-09 20:42:28.898 +07:00 [INF] Login success for masterblad1
2025-06-09 20:45:33.000 +07:00 [INF] Initializing...
2025-06-09 20:45:33.622 +07:00 [INF] Starting Server
2025-06-09 20:45:33.629 +07:00 [INF] Cached xbnfile: XBN//ConstantInfo.xbn
2025-06-09 20:45:33.630 +07:00 [INF] Cached xbnfile: XBN//Actions.xbn
2025-06-09 20:45:33.631 +07:00 [INF] Cached xbnfile: XBN//Weapons.xbn
2025-06-09 20:45:33.632 +07:00 [INF] Cached xbnfile: XBN//Effects.xbn
2025-06-09 20:45:33.634 +07:00 [INF] Cached xbnfile: XBN//EffectMatch.xbn
2025-06-09 20:45:33.635 +07:00 [INF] Cached xbnfile: XBN//EnchantData.xbn
2025-06-09 20:45:33.636 +07:00 [INF] Cached xbnfile: XBN//EquipLimit.xbn
2025-06-09 20:45:33.637 +07:00 [INF] Cached xbnfile: XBN//PveList.xbn
2025-06-09 20:45:33.638 +07:00 [INF] Cached xbnfile: XBN//MonsterWaveList.xbn
2025-06-09 20:45:33.639 +07:00 [INF] Cached xbnfile: XBN//EsperActionlist.xbn
2025-06-09 20:45:33.641 +07:00 [INF] Cached xbnfile: XBN//WeaponTypeReloadInfo.xbn
2025-06-09 20:45:33.643 +07:00 [INF] Cached xbnfile: XBN//RangeLimit.xbn
2025-06-09 20:45:33.841 +07:00 [INF] Ready for connections!
2025-06-09 20:45:33.842 +07:00 [WRN] !!! NOOB MODE IS ENABLED! EVERY LOGIN SUCCEEDS AND OVERRIDES ACCOUNT LOGIN DETAILS !!!
2025-06-09 20:45:35.769 +07:00 [INF] Added server with valid apikey: Netsphere(1)
2025-06-09 20:45:41.296 +07:00 [INF] Authentication login from [::ffff:127.0.0.1]:54650
2025-06-09 20:45:41.454 +07:00 [INF] Authentication success for masterblad1
2025-06-09 20:46:13.907 +07:00 [INF] Login from 127.0.0.1
2025-06-09 20:46:13.956 +07:00 [INF] Login success for masterblad1
2025-06-09 20:48:15.611 +07:00 [INF] Initializing...
2025-06-09 20:48:16.210 +07:00 [INF] Starting Server
2025-06-09 20:48:16.216 +07:00 [INF] Cached xbnfile: XBN//ConstantInfo.xbn
2025-06-09 20:48:16.217 +07:00 [INF] Cached xbnfile: XBN//Actions.xbn
2025-06-09 20:48:16.218 +07:00 [INF] Cached xbnfile: XBN//Weapons.xbn
2025-06-09 20:48:16.219 +07:00 [INF] Cached xbnfile: XBN//Effects.xbn
2025-06-09 20:48:16.220 +07:00 [INF] Cached xbnfile: XBN//EffectMatch.xbn
2025-06-09 20:48:16.222 +07:00 [INF] Cached xbnfile: XBN//EnchantData.xbn
2025-06-09 20:48:16.223 +07:00 [INF] Cached xbnfile: XBN//EquipLimit.xbn
2025-06-09 20:48:16.224 +07:00 [INF] Cached xbnfile: XBN//PveList.xbn
2025-06-09 20:48:16.225 +07:00 [INF] Cached xbnfile: XBN//MonsterWaveList.xbn
2025-06-09 20:48:16.226 +07:00 [INF] Cached xbnfile: XBN//EsperActionlist.xbn
2025-06-09 20:48:16.227 +07:00 [INF] Cached xbnfile: XBN//WeaponTypeReloadInfo.xbn
2025-06-09 20:48:16.228 +07:00 [INF] Cached xbnfile: XBN//RangeLimit.xbn
2025-06-09 20:48:16.412 +07:00 [INF] Ready for connections!
2025-06-09 20:48:16.413 +07:00 [WRN] !!! NOOB MODE IS ENABLED! EVERY LOGIN SUCCEEDS AND OVERRIDES ACCOUNT LOGIN DETAILS !!!
2025-06-09 20:48:18.319 +07:00 [INF] Added server with valid apikey: Netsphere(1)
2025-06-09 20:48:19.662 +07:00 [INF] Authentication login from [::ffff:127.0.0.1]:54706
2025-06-09 20:48:19.820 +07:00 [INF] Authentication success for masterblad1
2025-06-09 20:48:46.943 +07:00 [INF] Login from 127.0.0.1
2025-06-09 20:48:46.985 +07:00 [INF] Login success for masterblad1
2025-06-09 21:10:23.453 +07:00 [INF] Initializing...
2025-06-09 21:10:24.057 +07:00 [INF] Starting Server
2025-06-09 21:10:24.062 +07:00 [INF] Cached xbnfile: XBN//ConstantInfo.xbn
2025-06-09 21:10:24.064 +07:00 [INF] Cached xbnfile: XBN//Actions.xbn
2025-06-09 21:10:24.065 +07:00 [INF] Cached xbnfile: XBN//Weapons.xbn
2025-06-09 21:10:24.067 +07:00 [INF] Cached xbnfile: XBN//Effects.xbn
2025-06-09 21:10:24.068 +07:00 [INF] Cached xbnfile: XBN//EffectMatch.xbn
2025-06-09 21:10:24.069 +07:00 [INF] Cached xbnfile: XBN//EnchantData.xbn
2025-06-09 21:10:24.070 +07:00 [INF] Cached xbnfile: XBN//EquipLimit.xbn
2025-06-09 21:10:24.071 +07:00 [INF] Cached xbnfile: XBN//PveList.xbn
2025-06-09 21:10:24.072 +07:00 [INF] Cached xbnfile: XBN//MonsterWaveList.xbn
2025-06-09 21:10:24.073 +07:00 [INF] Cached xbnfile: XBN//EsperActionlist.xbn
2025-06-09 21:10:24.074 +07:00 [INF] Cached xbnfile: XBN//WeaponTypeReloadInfo.xbn
2025-06-09 21:10:24.075 +07:00 [INF] Cached xbnfile: XBN//RangeLimit.xbn
2025-06-09 21:10:24.264 +07:00 [INF] Ready for connections!
2025-06-09 21:10:24.265 +07:00 [WRN] !!! NOOB MODE IS ENABLED! EVERY LOGIN SUCCEEDS AND OVERRIDES ACCOUNT LOGIN DETAILS !!!
2025-06-09 21:10:26.212 +07:00 [INF] Added server with valid apikey: Netsphere(1)
2025-06-09 21:10:38.955 +07:00 [INF] Initializing...
2025-06-09 21:10:39.574 +07:00 [INF] Starting Server
2025-06-09 21:10:39.581 +07:00 [INF] Cached xbnfile: XBN//ConstantInfo.xbn
2025-06-09 21:10:39.582 +07:00 [INF] Cached xbnfile: XBN//Actions.xbn
2025-06-09 21:10:39.584 +07:00 [INF] Cached xbnfile: XBN//Weapons.xbn
2025-06-09 21:10:39.585 +07:00 [INF] Cached xbnfile: XBN//Effects.xbn
2025-06-09 21:10:39.587 +07:00 [INF] Cached xbnfile: XBN//EffectMatch.xbn
2025-06-09 21:10:39.588 +07:00 [INF] Cached xbnfile: XBN//EnchantData.xbn
2025-06-09 21:10:39.589 +07:00 [INF] Cached xbnfile: XBN//EquipLimit.xbn
2025-06-09 21:10:39.590 +07:00 [INF] Cached xbnfile: XBN//PveList.xbn
2025-06-09 21:10:39.591 +07:00 [INF] Cached xbnfile: XBN//MonsterWaveList.xbn
2025-06-09 21:10:39.592 +07:00 [INF] Cached xbnfile: XBN//EsperActionlist.xbn
2025-06-09 21:10:39.593 +07:00 [INF] Cached xbnfile: XBN//WeaponTypeReloadInfo.xbn
2025-06-09 21:10:39.594 +07:00 [INF] Cached xbnfile: XBN//RangeLimit.xbn
2025-06-09 21:10:39.795 +07:00 [INF] Ready for connections!
2025-06-09 21:10:39.796 +07:00 [WRN] !!! NOOB MODE IS ENABLED! EVERY LOGIN SUCCEEDS AND OVERRIDES ACCOUNT LOGIN DETAILS !!!
2025-06-09 21:10:41.782 +07:00 [INF] Added server with valid apikey: Netsphere(1)
2025-06-09 21:10:48.036 +07:00 [INF] Authentication login from [::ffff:127.0.0.1]:54988
2025-06-09 21:10:48.199 +07:00 [INF] Authentication success for masterblad1
2025-06-09 21:10:48.206 +07:00 [INF] Authentication login from [::ffff:127.0.0.1]:54989
2025-06-09 21:10:48.233 +07:00 [INF] Authentication success for masterblad1
2025-06-09 21:11:12.060 +07:00 [INF] Login from 127.0.0.1
2025-06-09 21:11:12.099 +07:00 [INF] Login success for masterblad1
2025-06-09 21:20:47.120 +07:00 [INF] Session login from 127.0.0.1
2025-06-09 21:20:47.123 +07:00 [INF] Login success for masterblad1
2025-06-09 21:21:37.113 +07:00 [INF] Session login from 127.0.0.1
2025-06-09 21:21:37.115 +07:00 [INF] Login success for masterblad1
2025-06-09 21:22:32.888 +07:00 [INF] Session login from 127.0.0.1
2025-06-09 21:22:32.889 +07:00 [INF] Login success for masterblad1
2025-06-09 21:22:55.801 +07:00 [INF] Session login from 127.0.0.1
2025-06-09 21:22:55.803 +07:00 [INF] Login success for masterblad1
2025-06-09 21:23:21.785 +07:00 [INF] Session login from 127.0.0.1
2025-06-09 21:23:21.787 +07:00 [INF] Login success for masterblad1
2025-06-09 21:27:38.693 +07:00 [INF] Session login from 127.0.0.1
2025-06-09 21:27:38.695 +07:00 [INF] Login success for masterblad1
2025-06-09 21:28:18.287 +07:00 [INF] Session login from 127.0.0.1
2025-06-09 21:28:18.289 +07:00 [INF] Login success for masterblad1
2025-06-09 21:37:29.616 +07:00 [INF] Initializing...
2025-06-09 21:37:30.263 +07:00 [INF] Starting Server
2025-06-09 21:37:30.269 +07:00 [INF] Cached xbnfile: XBN//ConstantInfo.xbn
2025-06-09 21:37:30.270 +07:00 [INF] Cached xbnfile: XBN//Actions.xbn
2025-06-09 21:37:30.271 +07:00 [INF] Cached xbnfile: XBN//Weapons.xbn
2025-06-09 21:37:30.272 +07:00 [INF] Cached xbnfile: XBN//Effects.xbn
2025-06-09 21:37:30.273 +07:00 [INF] Cached xbnfile: XBN//EffectMatch.xbn
2025-06-09 21:37:30.274 +07:00 [INF] Cached xbnfile: XBN//EnchantData.xbn
2025-06-09 21:37:30.275 +07:00 [INF] Cached xbnfile: XBN//EquipLimit.xbn
2025-06-09 21:37:30.276 +07:00 [INF] Cached xbnfile: XBN//PveList.xbn
2025-06-09 21:37:30.276 +07:00 [INF] Cached xbnfile: XBN//MonsterWaveList.xbn
2025-06-09 21:37:30.277 +07:00 [INF] Cached xbnfile: XBN//EsperActionlist.xbn
2025-06-09 21:37:30.278 +07:00 [INF] Cached xbnfile: XBN//WeaponTypeReloadInfo.xbn
2025-06-09 21:37:30.279 +07:00 [INF] Cached xbnfile: XBN//RangeLimit.xbn
2025-06-09 21:37:30.457 +07:00 [INF] Ready for connections!
2025-06-09 21:37:30.458 +07:00 [WRN] !!! NOOB MODE IS ENABLED! EVERY LOGIN SUCCEEDS AND OVERRIDES ACCOUNT LOGIN DETAILS !!!
2025-06-09 21:37:32.463 +07:00 [INF] Added server with valid apikey: Netsphere(1)
2025-06-09 21:37:47.206 +07:00 [INF] Authentication login from [::ffff:127.0.0.1]:55322
2025-06-09 21:37:47.367 +07:00 [INF] Authentication success for masterblad1
2025-06-09 21:38:14.370 +07:00 [INF] Login from 127.0.0.1
2025-06-09 21:38:14.409 +07:00 [INF] Login success for masterblad1
2025-06-09 21:43:49.435 +07:00 [INF] Session login from 127.0.0.1
2025-06-09 21:43:49.438 +07:00 [INF] Login success for masterblad1
2025-06-09 21:43:56.374 +07:00 [INF] Session login from 127.0.0.1
2025-06-09 21:43:56.376 +07:00 [INF] Login success for masterblad1
2025-06-09 21:44:22.441 +07:00 [INF] Authentication login from [::ffff:127.0.0.1]:55425
2025-06-09 21:44:22.469 +07:00 [INF] Authentication success for masterblad1
2025-06-09 21:44:50.914 +07:00 [INF] Login from 127.0.0.1
2025-06-09 21:44:50.930 +07:00 [INF] Login success for masterblad1
2025-06-09 21:48:17.023 +07:00 [INF] Initializing...
2025-06-09 21:48:17.713 +07:00 [INF] Starting Server
2025-06-09 21:48:17.719 +07:00 [INF] Cached xbnfile: XBN//ConstantInfo.xbn
2025-06-09 21:48:17.720 +07:00 [INF] Cached xbnfile: XBN//Actions.xbn
2025-06-09 21:48:17.721 +07:00 [INF] Cached xbnfile: XBN//Weapons.xbn
2025-06-09 21:48:17.723 +07:00 [INF] Cached xbnfile: XBN//Effects.xbn
2025-06-09 21:48:17.724 +07:00 [INF] Cached xbnfile: XBN//EffectMatch.xbn
2025-06-09 21:48:17.725 +07:00 [INF] Cached xbnfile: XBN//EnchantData.xbn
2025-06-09 21:48:17.726 +07:00 [INF] Cached xbnfile: XBN//EquipLimit.xbn
2025-06-09 21:48:17.727 +07:00 [INF] Cached xbnfile: XBN//PveList.xbn
2025-06-09 21:48:17.728 +07:00 [INF] Cached xbnfile: XBN//MonsterWaveList.xbn
2025-06-09 21:48:17.729 +07:00 [INF] Cached xbnfile: XBN//EsperActionlist.xbn
2025-06-09 21:48:17.730 +07:00 [INF] Cached xbnfile: XBN//WeaponTypeReloadInfo.xbn
2025-06-09 21:48:17.732 +07:00 [INF] Cached xbnfile: XBN//RangeLimit.xbn
2025-06-09 21:48:17.948 +07:00 [INF] Ready for connections!
2025-06-09 21:48:17.949 +07:00 [WRN] !!! NOOB MODE IS ENABLED! EVERY LOGIN SUCCEEDS AND OVERRIDES ACCOUNT LOGIN DETAILS !!!
2025-06-09 21:48:19.965 +07:00 [INF] Added server with valid apikey: Netsphere(1)
2025-06-09 21:48:33.170 +07:00 [INF] Authentication login from [::ffff:127.0.0.1]:55489
2025-06-09 21:48:33.373 +07:00 [INF] Authentication success for masterblad1
2025-06-09 21:48:58.033 +07:00 [INF] Login from 127.0.0.1
2025-06-09 21:48:58.071 +07:00 [INF] Login success for masterblad1
2025-06-09 21:51:50.315 +07:00 [INF] Initializing...
2025-06-09 21:51:50.964 +07:00 [INF] Starting Server
2025-06-09 21:51:50.970 +07:00 [INF] Cached xbnfile: XBN//ConstantInfo.xbn
2025-06-09 21:51:50.972 +07:00 [INF] Cached xbnfile: XBN//Actions.xbn
2025-06-09 21:51:50.973 +07:00 [INF] Cached xbnfile: XBN//Weapons.xbn
2025-06-09 21:51:50.974 +07:00 [INF] Cached xbnfile: XBN//Effects.xbn
2025-06-09 21:51:50.975 +07:00 [INF] Cached xbnfile: XBN//EffectMatch.xbn
2025-06-09 21:51:50.976 +07:00 [INF] Cached xbnfile: XBN//EnchantData.xbn
2025-06-09 21:51:50.977 +07:00 [INF] Cached xbnfile: XBN//EquipLimit.xbn
2025-06-09 21:51:50.979 +07:00 [INF] Cached xbnfile: XBN//PveList.xbn
2025-06-09 21:51:50.980 +07:00 [INF] Cached xbnfile: XBN//MonsterWaveList.xbn
2025-06-09 21:51:50.980 +07:00 [INF] Cached xbnfile: XBN//EsperActionlist.xbn
2025-06-09 21:51:50.982 +07:00 [INF] Cached xbnfile: XBN//WeaponTypeReloadInfo.xbn
2025-06-09 21:51:50.983 +07:00 [INF] Cached xbnfile: XBN//RangeLimit.xbn
2025-06-09 21:51:51.165 +07:00 [INF] Ready for connections!
2025-06-09 21:51:51.166 +07:00 [WRN] !!! NOOB MODE IS ENABLED! EVERY LOGIN SUCCEEDS AND OVERRIDES ACCOUNT LOGIN DETAILS !!!
2025-06-09 21:51:53.126 +07:00 [INF] Added server with valid apikey: Netsphere(1)
2025-06-09 21:51:58.996 +07:00 [INF] Authentication login from [::ffff:127.0.0.1]:55574
2025-06-09 21:51:59.165 +07:00 [INF] Authentication success for masterblad1
2025-06-09 21:51:59.174 +07:00 [INF] Authentication login from [::ffff:127.0.0.1]:55575
2025-06-09 21:51:59.207 +07:00 [INF] Authentication success for masterblad1
2025-06-09 21:52:26.722 +07:00 [INF] Login from 127.0.0.1
2025-06-09 21:52:26.782 +07:00 [ERR] Wrong login for 127.0.0.1
2025-06-09 21:52:33.359 +07:00 [INF] Removed server Netsphere(1)
2025-06-09 21:52:41.087 +07:00 [INF] Initializing...
2025-06-09 21:52:41.713 +07:00 [INF] Starting Server
2025-06-09 21:52:41.719 +07:00 [INF] Cached xbnfile: XBN//ConstantInfo.xbn
2025-06-09 21:52:41.720 +07:00 [INF] Cached xbnfile: XBN//Actions.xbn
2025-06-09 21:52:41.722 +07:00 [INF] Cached xbnfile: XBN//Weapons.xbn
2025-06-09 21:52:41.725 +07:00 [INF] Cached xbnfile: XBN//Effects.xbn
2025-06-09 21:52:41.727 +07:00 [INF] Cached xbnfile: XBN//EffectMatch.xbn
2025-06-09 21:52:41.728 +07:00 [INF] Cached xbnfile: XBN//EnchantData.xbn
2025-06-09 21:52:41.729 +07:00 [INF] Cached xbnfile: XBN//EquipLimit.xbn
2025-06-09 21:52:41.730 +07:00 [INF] Cached xbnfile: XBN//PveList.xbn
2025-06-09 21:52:41.731 +07:00 [INF] Cached xbnfile: XBN//MonsterWaveList.xbn
2025-06-09 21:52:41.733 +07:00 [INF] Cached xbnfile: XBN//EsperActionlist.xbn
2025-06-09 21:52:41.734 +07:00 [INF] Cached xbnfile: XBN//WeaponTypeReloadInfo.xbn
2025-06-09 21:52:41.735 +07:00 [INF] Cached xbnfile: XBN//RangeLimit.xbn
2025-06-09 21:52:41.916 +07:00 [INF] Ready for connections!
2025-06-09 21:52:41.917 +07:00 [WRN] !!! NOOB MODE IS ENABLED! EVERY LOGIN SUCCEEDS AND OVERRIDES ACCOUNT LOGIN DETAILS !!!
2025-06-09 21:52:43.956 +07:00 [INF] Added server with valid apikey: Netsphere(1)
2025-06-09 21:52:50.638 +07:00 [INF] Authentication login from [::ffff:127.0.0.1]:55595
2025-06-09 21:52:50.876 +07:00 [INF] Authentication success for masterblad1
2025-06-09 21:52:50.882 +07:00 [INF] Authentication login from [::ffff:127.0.0.1]:55596
2025-06-09 21:52:50.911 +07:00 [INF] Authentication success for masterblad1
2025-06-09 21:53:17.543 +07:00 [INF] Login from 127.0.0.1
2025-06-09 21:53:17.599 +07:00 [ERR] Wrong login for 127.0.0.1
2025-06-09 21:53:45.062 +07:00 [INF] Authentication login from [::ffff:127.0.0.1]:55610
2025-06-09 21:53:45.091 +07:00 [INF] Authentication success for masterblad1
2025-06-09 21:54:15.337 +07:00 [INF] Login from 127.0.0.1
2025-06-09 21:54:15.344 +07:00 [INF] Login success for masterblad1
2025-06-09 22:05:55.030 +07:00 [INF] Session login from 127.0.0.1
2025-06-09 22:05:55.033 +07:00 [INF] Login success for masterblad1
2025-06-09 22:06:22.305 +07:00 [INF] Session login from 127.0.0.1
2025-06-09 22:06:22.307 +07:00 [INF] Login success for masterblad1
2025-06-09 22:06:51.756 +07:00 [INF] Session login from 127.0.0.1
2025-06-09 22:06:51.758 +07:00 [INF] Login success for masterblad1
2025-06-09 22:12:42.484 +07:00 [INF] Session login from 127.0.0.1
2025-06-09 22:12:42.486 +07:00 [INF] Login success for masterblad1
2025-06-09 22:39:27.368 +07:00 [INF] Initializing...
2025-06-09 22:39:27.985 +07:00 [INF] Starting Server
2025-06-09 22:39:27.992 +07:00 [INF] Cached xbnfile: XBN//ConstantInfo.xbn
2025-06-09 22:39:27.993 +07:00 [INF] Cached xbnfile: XBN//Actions.xbn
2025-06-09 22:39:27.994 +07:00 [INF] Cached xbnfile: XBN//Weapons.xbn
2025-06-09 22:39:27.996 +07:00 [INF] Cached xbnfile: XBN//Effects.xbn
2025-06-09 22:39:27.997 +07:00 [INF] Cached xbnfile: XBN//EffectMatch.xbn
2025-06-09 22:39:27.999 +07:00 [INF] Cached xbnfile: XBN//EnchantData.xbn
2025-06-09 22:39:28.000 +07:00 [INF] Cached xbnfile: XBN//EquipLimit.xbn
2025-06-09 22:39:28.002 +07:00 [INF] Cached xbnfile: XBN//PveList.xbn
2025-06-09 22:39:28.005 +07:00 [INF] Cached xbnfile: XBN//MonsterWaveList.xbn
2025-06-09 22:39:28.007 +07:00 [INF] Cached xbnfile: XBN//EsperActionlist.xbn
2025-06-09 22:39:28.009 +07:00 [INF] Cached xbnfile: XBN//WeaponTypeReloadInfo.xbn
2025-06-09 22:39:28.011 +07:00 [INF] Cached xbnfile: XBN//RangeLimit.xbn
2025-06-09 22:39:28.202 +07:00 [INF] Ready for connections!
2025-06-09 22:39:28.203 +07:00 [WRN] !!! NOOB MODE IS ENABLED! EVERY LOGIN SUCCEEDS AND OVERRIDES ACCOUNT LOGIN DETAILS !!!
2025-06-09 22:39:30.192 +07:00 [INF] Added server with valid apikey: Netsphere(1)
2025-06-09 22:39:34.757 +07:00 [INF] Authentication login from [::ffff:127.0.0.1]:56197
2025-06-09 22:39:34.920 +07:00 [INF] Authentication success for masterblad1
2025-06-09 22:40:02.189 +07:00 [INF] Login from 127.0.0.1
2025-06-09 22:40:02.228 +07:00 [INF] Login success for masterblad1
2025-06-09 22:45:08.470 +07:00 [INF] Initializing...
2025-06-09 22:45:09.094 +07:00 [INF] Starting Server
2025-06-09 22:45:09.100 +07:00 [INF] Cached xbnfile: XBN//ConstantInfo.xbn
2025-06-09 22:45:09.101 +07:00 [INF] Cached xbnfile: XBN//Actions.xbn
2025-06-09 22:45:09.102 +07:00 [INF] Cached xbnfile: XBN//Weapons.xbn
2025-06-09 22:45:09.103 +07:00 [INF] Cached xbnfile: XBN//Effects.xbn
2025-06-09 22:45:09.104 +07:00 [INF] Cached xbnfile: XBN//EffectMatch.xbn
2025-06-09 22:45:09.105 +07:00 [INF] Cached xbnfile: XBN//EnchantData.xbn
2025-06-09 22:45:09.107 +07:00 [INF] Cached xbnfile: XBN//EquipLimit.xbn
2025-06-09 22:45:09.108 +07:00 [INF] Cached xbnfile: XBN//PveList.xbn
2025-06-09 22:45:09.109 +07:00 [INF] Cached xbnfile: XBN//MonsterWaveList.xbn
2025-06-09 22:45:09.110 +07:00 [INF] Cached xbnfile: XBN//EsperActionlist.xbn
2025-06-09 22:45:09.111 +07:00 [INF] Cached xbnfile: XBN//WeaponTypeReloadInfo.xbn
2025-06-09 22:45:09.112 +07:00 [INF] Cached xbnfile: XBN//RangeLimit.xbn
2025-06-09 22:45:09.294 +07:00 [INF] Ready for connections!
2025-06-09 22:45:09.295 +07:00 [WRN] !!! NOOB MODE IS ENABLED! EVERY LOGIN SUCCEEDS AND OVERRIDES ACCOUNT LOGIN DETAILS !!!
2025-06-09 22:45:11.370 +07:00 [INF] Added server with valid apikey: Netsphere(1)
2025-06-09 22:45:13.877 +07:00 [INF] Authentication login from [::ffff:127.0.0.1]:56298
2025-06-09 22:45:14.048 +07:00 [INF] Authentication success for masterblad1
2025-06-09 22:45:42.777 +07:00 [INF] Login from 127.0.0.1
2025-06-09 22:45:42.819 +07:00 [INF] Login success for masterblad1
2025-06-09 22:47:10.836 +07:00 [INF] Session login from 127.0.0.1
2025-06-09 22:47:10.840 +07:00 [INF] Login success for masterblad1
2025-06-09 22:58:56.652 +07:00 [INF] Session login from 127.0.0.1
2025-06-09 22:58:56.654 +07:00 [INF] Login success for masterblad1
2025-06-09 23:07:07.152 +07:00 [INF] Initializing...
2025-06-09 23:07:07.848 +07:00 [INF] Starting Server
2025-06-09 23:07:07.854 +07:00 [INF] Cached xbnfile: XBN//ConstantInfo.xbn
2025-06-09 23:07:07.855 +07:00 [INF] Cached xbnfile: XBN//Actions.xbn
2025-06-09 23:07:07.857 +07:00 [INF] Cached xbnfile: XBN//Weapons.xbn
2025-06-09 23:07:07.858 +07:00 [INF] Cached xbnfile: XBN//Effects.xbn
2025-06-09 23:07:07.859 +07:00 [INF] Cached xbnfile: XBN//EffectMatch.xbn
2025-06-09 23:07:07.861 +07:00 [INF] Cached xbnfile: XBN//EnchantData.xbn
2025-06-09 23:07:07.863 +07:00 [INF] Cached xbnfile: XBN//EquipLimit.xbn
2025-06-09 23:07:07.864 +07:00 [INF] Cached xbnfile: XBN//PveList.xbn
2025-06-09 23:07:07.866 +07:00 [INF] Cached xbnfile: XBN//MonsterWaveList.xbn
2025-06-09 23:07:07.867 +07:00 [INF] Cached xbnfile: XBN//EsperActionlist.xbn
2025-06-09 23:07:07.868 +07:00 [INF] Cached xbnfile: XBN//WeaponTypeReloadInfo.xbn
2025-06-09 23:07:07.869 +07:00 [INF] Cached xbnfile: XBN//RangeLimit.xbn
2025-06-09 23:07:08.052 +07:00 [INF] Ready for connections!
2025-06-09 23:07:08.053 +07:00 [WRN] !!! NOOB MODE IS ENABLED! EVERY LOGIN SUCCEEDS AND OVERRIDES ACCOUNT LOGIN DETAILS !!!
2025-06-09 23:07:10.013 +07:00 [INF] Added server with valid apikey: Netsphere(1)
2025-06-09 23:07:14.843 +07:00 [INF] Authentication login from [::ffff:127.0.0.1]:56647
2025-06-09 23:07:15.006 +07:00 [INF] Authentication success for masterblad1
2025-06-09 23:07:39.553 +07:00 [INF] Login from 127.0.0.1
2025-06-09 23:07:39.592 +07:00 [INF] Login success for masterblad1
2025-06-09 23:08:49.157 +07:00 [INF] Session login from 127.0.0.1
2025-06-09 23:08:49.161 +07:00 [INF] Login success for masterblad1
2026-07-24 17:52:26.630 +07:00 [INF] Initializing...
2026-07-24 17:52:26.961 +07:00 [ERR] UnhandledException
MySql.Data.MySqlClient.MySqlException (0x80004005): Authentication to host 'localhost' for user 'root' using method 'mysql_native_password' failed with message: Unknown database 's4casey' ---> MySql.Data.MySqlClient.MySqlException (0x80004005): Unknown database 's4casey'
   at MySql.Data.MySqlClient.MySqlStream.ReadPacket()
   at MySql.Data.MySqlClient.Authentication.MySqlAuthenticationPlugin.ReadPacket()
   at MySql.Data.MySqlClient.Authentication.MySqlAuthenticationPlugin.AuthenticationFailed(Exception ex)
   at MySql.Data.MySqlClient.Authentication.MySqlAuthenticationPlugin.ReadPacket()
   at MySql.Data.MySqlClient.Authentication.MySqlAuthenticationPlugin.Authenticate(Boolean reset)
   at MySql.Data.MySqlClient.NativeDriver.Open()
   at MySql.Data.MySqlClient.Driver.Open()
   at MySql.Data.MySqlClient.Driver.Create(MySqlConnectionStringBuilder settings)
   at MySql.Data.MySqlClient.MySqlPool.CreateNewPooledConnection()
   at MySql.Data.MySqlClient.MySqlPool.GetPooledConnection()
   at MySql.Data.MySqlClient.MySqlPool.TryToGetDriver()
   at MySql.Data.MySqlClient.MySqlPool.GetConnection()
   at MySql.Data.MySqlClient.MySqlConnection.Open()
   at NeoNetsphere.AuthDatabase.Open() in C:\Users\Kora\Desktop\s4emu\src\AuthServer\Program.cs:line 270
   at NeoNetsphere.AuthDatabase.Initialize() in C:\Users\Kora\Desktop\s4emu\src\AuthServer\Program.cs:line 220
   at NeoNetsphere.Program.Main() in C:\Users\Kora\Desktop\s4emu\src\AuthServer\Program.cs:line 101
2026-07-24 17:52:58.845 +07:00 [INF] Initializing...
2026-07-24 17:52:59.153 +07:00 [ERR] UnhandledException
System.NotSupportedException: Character set 'utf8mb3' is not supported by .Net Framework.
   at MySql.Data.MySqlClient.CharSetMap.GetCharacterSet(DBVersion version, String charSetName)
   at MySql.Data.MySqlClient.MySqlField.SetFieldEncoding()
   at MySql.Data.MySqlClient.NativeDriver.GetColumnData(MySqlField field)
   at MySql.Data.MySqlClient.NativeDriver.GetColumnsData(MySqlField[] columns)
   at MySql.Data.MySqlClient.Driver.GetColumns(Int32 count)
   at MySql.Data.MySqlClient.ResultSet.LoadColumns(Int32 numCols)
   at MySql.Data.MySqlClient.ResultSet..ctor(Driver d, Int32 statementId, Int32 numCols)
   at MySql.Data.MySqlClient.Driver.NextResult(Int32 statementId, Boolean force)
   at MySql.Data.MySqlClient.MySqlDataReader.NextResult()
   at MySql.Data.MySqlClient.MySqlCommand.ExecuteReader(CommandBehavior behavior)
   at System.Data.Common.DbCommand.System.Data.IDbCommand.ExecuteReader(CommandBehavior behavior)
   at Dapper.SqlMapper.ExecuteReaderWithFlagsFallback(IDbCommand cmd, Boolean wasClosed, CommandBehavior behavior) in C:\projects\dapper\Dapper\SqlMapper.cs:line 1053
   at Dapper.SqlMapper.QueryRowImpl[T](IDbConnection cnn, Row row, CommandDefinition& command, Type effectiveType) in C:\projects\dapper\Dapper\SqlMapper.cs:line 1179
   at Dapper.SqlMapper.QueryFirstOrDefault[T](IDbConnection cnn, String sql, Object param, IDbTransaction transaction, Nullable`1 commandTimeout, Nullable`1 commandType) in C:\projects\dapper\Dapper\SqlMapper.cs:line 763
   at Dapper.SqlMapper.QueryFirstOrDefault(IDbConnection cnn, String sql, Object param, IDbTransaction transaction, Nullable`1 commandTimeout, Nullable`1 commandType) in C:\projects\dapper\Dapper\SqlMapper.cs:line 676
   at NeoNetsphere.AuthDatabase.Initialize() in C:\Users\Kora\Desktop\s4emu\src\AuthServer\Program.cs:line 222
   at NeoNetsphere.Program.Main() in C:\Users\Kora\Desktop\s4emu\src\AuthServer\Program.cs:line 101
2026-07-24 17:55:11.627 +07:00 [INF] Initializing...
2026-07-24 17:55:11.918 +07:00 [ERR] UnhandledException
System.NotSupportedException: Character set 'utf8mb3' is not supported by .Net Framework.
   at MySql.Data.MySqlClient.CharSetMap.GetCharacterSet(DBVersion version, String charSetName)
   at MySql.Data.MySqlClient.MySqlField.SetFieldEncoding()
   at MySql.Data.MySqlClient.NativeDriver.GetColumnData(MySqlField field)
   at MySql.Data.MySqlClient.NativeDriver.GetColumnsData(MySqlField[] columns)
   at MySql.Data.MySqlClient.Driver.GetColumns(Int32 count)
   at MySql.Data.MySqlClient.ResultSet.LoadColumns(Int32 numCols)
   at MySql.Data.MySqlClient.ResultSet..ctor(Driver d, Int32 statementId, Int32 numCols)
   at MySql.Data.MySqlClient.Driver.NextResult(Int32 statementId, Boolean force)
   at MySql.Data.MySqlClient.MySqlDataReader.NextResult()
   at MySql.Data.MySqlClient.MySqlCommand.ExecuteReader(CommandBehavior behavior)
   at System.Data.Common.DbCommand.System.Data.IDbCommand.ExecuteReader(CommandBehavior behavior)
   at Dapper.SqlMapper.ExecuteReaderWithFlagsFallback(IDbCommand cmd, Boolean wasClosed, CommandBehavior behavior) in C:\projects\dapper\Dapper\SqlMapper.cs:line 1053
   at Dapper.SqlMapper.QueryRowImpl[T](IDbConnection cnn, Row row, CommandDefinition& command, Type effectiveType) in C:\projects\dapper\Dapper\SqlMapper.cs:line 1179
   at Dapper.SqlMapper.QueryFirstOrDefault[T](IDbConnection cnn, String sql, Object param, IDbTransaction transaction, Nullable`1 commandTimeout, Nullable`1 commandType) in C:\projects\dapper\Dapper\SqlMapper.cs:line 763
   at Dapper.SqlMapper.QueryFirstOrDefault(IDbConnection cnn, String sql, Object param, IDbTransaction transaction, Nullable`1 commandTimeout, Nullable`1 commandType) in C:\projects\dapper\Dapper\SqlMapper.cs:line 676
   at NeoNetsphere.AuthDatabase.Initialize() in C:\Users\Kora\Desktop\s4emu\src\AuthServer\Program.cs:line 222
   at NeoNetsphere.Program.Main() in C:\Users\Kora\Desktop\s4emu\src\AuthServer\Program.cs:line 101
2026-07-24 17:57:41.713 +07:00 [INF] Initializing...
2026-07-24 17:57:42.003 +07:00 [ERR] UnhandledException
System.NotSupportedException: Character set 'utf8mb3' is not supported by .Net Framework.
   at MySql.Data.MySqlClient.CharSetMap.GetCharacterSet(DBVersion version, String charSetName)
   at MySql.Data.MySqlClient.MySqlField.SetFieldEncoding()
   at MySql.Data.MySqlClient.NativeDriver.GetColumnData(MySqlField field)
   at MySql.Data.MySqlClient.NativeDriver.GetColumnsData(MySqlField[] columns)
   at MySql.Data.MySqlClient.Driver.GetColumns(Int32 count)
   at MySql.Data.MySqlClient.ResultSet.LoadColumns(Int32 numCols)
   at MySql.Data.MySqlClient.ResultSet..ctor(Driver d, Int32 statementId, Int32 numCols)
   at MySql.Data.MySqlClient.Driver.NextResult(Int32 statementId, Boolean force)
   at MySql.Data.MySqlClient.MySqlDataReader.NextResult()
   at MySql.Data.MySqlClient.MySqlCommand.ExecuteReader(CommandBehavior behavior)
   at System.Data.Common.DbCommand.System.Data.IDbCommand.ExecuteReader(CommandBehavior behavior)
   at Dapper.SqlMapper.ExecuteReaderWithFlagsFallback(IDbCommand cmd, Boolean wasClosed, CommandBehavior behavior) in C:\projects\dapper\Dapper\SqlMapper.cs:line 1053
   at Dapper.SqlMapper.QueryRowImpl[T](IDbConnection cnn, Row row, CommandDefinition& command, Type effectiveType) in C:\projects\dapper\Dapper\SqlMapper.cs:line 1179
   at Dapper.SqlMapper.QueryFirstOrDefault[T](IDbConnection cnn, String sql, Object param, IDbTransaction transaction, Nullable`1 commandTimeout, Nullable`1 commandType) in C:\projects\dapper\Dapper\SqlMapper.cs:line 763
   at Dapper.SqlMapper.QueryFirstOrDefault(IDbConnection cnn, String sql, Object param, IDbTransaction transaction, Nullable`1 commandTimeout, Nullable`1 commandType) in C:\projects\dapper\Dapper\SqlMapper.cs:line 676
   at NeoNetsphere.AuthDatabase.Initialize() in C:\Users\Kora\Desktop\s4emu\src\AuthServer\Program.cs:line 222
   at NeoNetsphere.Program.Main() in C:\Users\Kora\Desktop\s4emu\src\AuthServer\Program.cs:line 101
2026-07-24 17:58:19.853 +07:00 [INF] Initializing...
2026-07-24 17:58:20.148 +07:00 [ERR] UnhandledException
System.NotSupportedException: Character set 'utf8mb3' is not supported by .Net Framework.
   at MySql.Data.MySqlClient.CharSetMap.GetCharacterSet(DBVersion version, String charSetName)
   at MySql.Data.MySqlClient.MySqlField.SetFieldEncoding()
   at MySql.Data.MySqlClient.NativeDriver.GetColumnData(MySqlField field)
   at MySql.Data.MySqlClient.NativeDriver.GetColumnsData(MySqlField[] columns)
   at MySql.Data.MySqlClient.Driver.GetColumns(Int32 count)
   at MySql.Data.MySqlClient.ResultSet.LoadColumns(Int32 numCols)
   at MySql.Data.MySqlClient.ResultSet..ctor(Driver d, Int32 statementId, Int32 numCols)
   at MySql.Data.MySqlClient.Driver.NextResult(Int32 statementId, Boolean force)
   at MySql.Data.MySqlClient.MySqlDataReader.NextResult()
   at MySql.Data.MySqlClient.MySqlCommand.ExecuteReader(CommandBehavior behavior)
   at System.Data.Common.DbCommand.System.Data.IDbCommand.ExecuteReader(CommandBehavior behavior)
   at Dapper.SqlMapper.ExecuteReaderWithFlagsFallback(IDbCommand cmd, Boolean wasClosed, CommandBehavior behavior) in C:\projects\dapper\Dapper\SqlMapper.cs:line 1053
   at Dapper.SqlMapper.QueryRowImpl[T](IDbConnection cnn, Row row, CommandDefinition& command, Type effectiveType) in C:\projects\dapper\Dapper\SqlMapper.cs:line 1179
   at Dapper.SqlMapper.QueryFirstOrDefault[T](IDbConnection cnn, String sql, Object param, IDbTransaction transaction, Nullable`1 commandTimeout, Nullable`1 commandType) in C:\projects\dapper\Dapper\SqlMapper.cs:line 763
   at Dapper.SqlMapper.QueryFirstOrDefault(IDbConnection cnn, String sql, Object param, IDbTransaction transaction, Nullable`1 commandTimeout, Nullable`1 commandType) in C:\projects\dapper\Dapper\SqlMapper.cs:line 676
   at NeoNetsphere.AuthDatabase.Initialize() in C:\Users\Kora\Desktop\s4emu\src\AuthServer\Program.cs:line 222
   at NeoNetsphere.Program.Main() in C:\Users\Kora\Desktop\s4emu\src\AuthServer\Program.cs:line 101
2026-07-25 08:36:09.412 +07:00 [INF] Initializing...
2026-07-25 08:36:10.165 +07:00 [ERR] UnhandledException
System.NotSupportedException: Character set 'utf8mb3' is not supported by .Net Framework.
   at MySql.Data.MySqlClient.CharSetMap.GetCharacterSet(DBVersion version, String charSetName)
   at MySql.Data.MySqlClient.MySqlField.SetFieldEncoding()
   at MySql.Data.MySqlClient.NativeDriver.GetColumnData(MySqlField field)
   at MySql.Data.MySqlClient.NativeDriver.GetColumnsData(MySqlField[] columns)
   at MySql.Data.MySqlClient.Driver.GetColumns(Int32 count)
   at MySql.Data.MySqlClient.ResultSet.LoadColumns(Int32 numCols)
   at MySql.Data.MySqlClient.ResultSet..ctor(Driver d, Int32 statementId, Int32 numCols)
   at MySql.Data.MySqlClient.Driver.NextResult(Int32 statementId, Boolean force)
   at MySql.Data.MySqlClient.MySqlDataReader.NextResult()
   at MySql.Data.MySqlClient.MySqlCommand.ExecuteReader(CommandBehavior behavior)
   at System.Data.Common.DbCommand.System.Data.IDbCommand.ExecuteReader(CommandBehavior behavior)
   at Dapper.SqlMapper.ExecuteReaderWithFlagsFallback(IDbCommand cmd, Boolean wasClosed, CommandBehavior behavior) in C:\projects\dapper\Dapper\SqlMapper.cs:line 1053
   at Dapper.SqlMapper.QueryRowImpl[T](IDbConnection cnn, Row row, CommandDefinition& command, Type effectiveType) in C:\projects\dapper\Dapper\SqlMapper.cs:line 1179
   at Dapper.SqlMapper.QueryFirstOrDefault[T](IDbConnection cnn, String sql, Object param, IDbTransaction transaction, Nullable`1 commandTimeout, Nullable`1 commandType) in C:\projects\dapper\Dapper\SqlMapper.cs:line 763
   at Dapper.SqlMapper.QueryFirstOrDefault(IDbConnection cnn, String sql, Object param, IDbTransaction transaction, Nullable`1 commandTimeout, Nullable`1 commandType) in C:\projects\dapper\Dapper\SqlMapper.cs:line 676
   at NeoNetsphere.AuthDatabase.Initialize() in C:\Users\Kora\Desktop\s4emu\src\AuthServer\Program.cs:line 222
   at NeoNetsphere.Program.Main() in C:\Users\Kora\Desktop\s4emu\src\AuthServer\Program.cs:line 101
2026-07-25 08:44:46.860 +07:00 [INF] Initializing...
2026-07-25 08:44:47.602 +07:00 [ERR] UnhandledException
System.NotSupportedException: Character set 'utf8mb3' is not supported by .Net Framework.
   at MySql.Data.MySqlClient.CharSetMap.GetCharacterSet(DBVersion version, String charSetName)
   at MySql.Data.MySqlClient.MySqlField.SetFieldEncoding()
   at MySql.Data.MySqlClient.NativeDriver.GetColumnData(MySqlField field)
   at MySql.Data.MySqlClient.NativeDriver.GetColumnsData(MySqlField[] columns)
   at MySql.Data.MySqlClient.Driver.GetColumns(Int32 count)
   at MySql.Data.MySqlClient.ResultSet.LoadColumns(Int32 numCols)
   at MySql.Data.MySqlClient.ResultSet..ctor(Driver d, Int32 statementId, Int32 numCols)
   at MySql.Data.MySqlClient.Driver.NextResult(Int32 statementId, Boolean force)
   at MySql.Data.MySqlClient.MySqlDataReader.NextResult()
   at MySql.Data.MySqlClient.MySqlCommand.ExecuteReader(CommandBehavior behavior)
   at System.Data.Common.DbCommand.System.Data.IDbCommand.ExecuteReader(CommandBehavior behavior)
   at Dapper.SqlMapper.ExecuteReaderWithFlagsFallback(IDbCommand cmd, Boolean wasClosed, CommandBehavior behavior) in C:\projects\dapper\Dapper\SqlMapper.cs:line 1053
   at Dapper.SqlMapper.QueryRowImpl[T](IDbConnection cnn, Row row, CommandDefinition& command, Type effectiveType) in C:\projects\dapper\Dapper\SqlMapper.cs:line 1179
   at Dapper.SqlMapper.QueryFirstOrDefault[T](IDbConnection cnn, String sql, Object param, IDbTransaction transaction, Nullable`1 commandTimeout, Nullable`1 commandType) in C:\projects\dapper\Dapper\SqlMapper.cs:line 763
   at Dapper.SqlMapper.QueryFirstOrDefault(IDbConnection cnn, String sql, Object param, IDbTransaction transaction, Nullable`1 commandTimeout, Nullable`1 commandType) in C:\projects\dapper\Dapper\SqlMapper.cs:line 676
   at NeoNetsphere.AuthDatabase.Initialize() in C:\Users\Kora\Desktop\s4emu\src\AuthServer\Program.cs:line 222
   at NeoNetsphere.Program.Main() in C:\Users\Kora\Desktop\s4emu\src\AuthServer\Program.cs:line 101
2026-07-25 08:47:15.859 +07:00 [INF] Initializing...
2026-07-25 08:47:16.257 +07:00 [ERR] UnhandledException
System.NotSupportedException: Character set 'utf8mb3' is not supported by .Net Framework.
   at MySql.Data.MySqlClient.CharSetMap.GetCharacterSet(DBVersion version, String charSetName)
   at MySql.Data.MySqlClient.MySqlField.SetFieldEncoding()
   at MySql.Data.MySqlClient.NativeDriver.GetColumnData(MySqlField field)
   at MySql.Data.MySqlClient.NativeDriver.GetColumnsData(MySqlField[] columns)
   at MySql.Data.MySqlClient.Driver.GetColumns(Int32 count)
   at MySql.Data.MySqlClient.ResultSet.LoadColumns(Int32 numCols)
   at MySql.Data.MySqlClient.ResultSet..ctor(Driver d, Int32 statementId, Int32 numCols)
   at MySql.Data.MySqlClient.Driver.NextResult(Int32 statementId, Boolean force)
   at MySql.Data.MySqlClient.MySqlDataReader.NextResult()
   at MySql.Data.MySqlClient.MySqlCommand.ExecuteReader(CommandBehavior behavior)
   at System.Data.Common.DbCommand.System.Data.IDbCommand.ExecuteReader(CommandBehavior behavior)
   at Dapper.SqlMapper.ExecuteReaderWithFlagsFallback(IDbCommand cmd, Boolean wasClosed, CommandBehavior behavior) in C:\projects\dapper\Dapper\SqlMapper.cs:line 1053
   at Dapper.SqlMapper.QueryRowImpl[T](IDbConnection cnn, Row row, CommandDefinition& command, Type effectiveType) in C:\projects\dapper\Dapper\SqlMapper.cs:line 1179
   at Dapper.SqlMapper.QueryFirstOrDefault[T](IDbConnection cnn, String sql, Object param, IDbTransaction transaction, Nullable`1 commandTimeout, Nullable`1 commandType) in C:\projects\dapper\Dapper\SqlMapper.cs:line 763
   at Dapper.SqlMapper.QueryFirstOrDefault(IDbConnection cnn, String sql, Object param, IDbTransaction transaction, Nullable`1 commandTimeout, Nullable`1 commandType) in C:\projects\dapper\Dapper\SqlMapper.cs:line 676
   at NeoNetsphere.AuthDatabase.Initialize() in C:\Users\Kora\Desktop\s4emu\src\AuthServer\Program.cs:line 222
   at NeoNetsphere.Program.Main() in C:\Users\Kora\Desktop\s4emu\src\AuthServer\Program.cs:line 101
2026-07-25 08:50:29.362 +07:00 [INF] Initializing...
2026-07-25 08:50:29.703 +07:00 [ERR] UnhandledException
System.NotSupportedException: Character set 'utf8mb3' is not supported by .Net Framework.
   at MySql.Data.MySqlClient.CharSetMap.GetCharacterSet(DBVersion version, String charSetName)
   at MySql.Data.MySqlClient.MySqlField.SetFieldEncoding()
   at MySql.Data.MySqlClient.NativeDriver.GetColumnData(MySqlField field)
   at MySql.Data.MySqlClient.NativeDriver.GetColumnsData(MySqlField[] columns)
   at MySql.Data.MySqlClient.Driver.GetColumns(Int32 count)
   at MySql.Data.MySqlClient.ResultSet.LoadColumns(Int32 numCols)
   at MySql.Data.MySqlClient.ResultSet..ctor(Driver d, Int32 statementId, Int32 numCols)
   at MySql.Data.MySqlClient.Driver.NextResult(Int32 statementId, Boolean force)
   at MySql.Data.MySqlClient.MySqlDataReader.NextResult()
   at MySql.Data.MySqlClient.MySqlCommand.ExecuteReader(CommandBehavior behavior)
   at System.Data.Common.DbCommand.System.Data.IDbCommand.ExecuteReader(CommandBehavior behavior)
   at Dapper.SqlMapper.ExecuteReaderWithFlagsFallback(IDbCommand cmd, Boolean wasClosed, CommandBehavior behavior) in C:\projects\dapper\Dapper\SqlMapper.cs:line 1053
   at Dapper.SqlMapper.QueryRowImpl[T](IDbConnection cnn, Row row, CommandDefinition& command, Type effectiveType) in C:\projects\dapper\Dapper\SqlMapper.cs:line 1179
   at Dapper.SqlMapper.QueryFirstOrDefault[T](IDbConnection cnn, String sql, Object param, IDbTransaction transaction, Nullable`1 commandTimeout, Nullable`1 commandType) in C:\projects\dapper\Dapper\SqlMapper.cs:line 763
   at Dapper.SqlMapper.QueryFirstOrDefault(IDbConnection cnn, String sql, Object param, IDbTransaction transaction, Nullable`1 commandTimeout, Nullable`1 commandType) in C:\projects\dapper\Dapper\SqlMapper.cs:line 676
   at NeoNetsphere.AuthDatabase.Initialize() in C:\Users\Kora\Desktop\s4emu\src\AuthServer\Program.cs:line 222
   at NeoNetsphere.Program.Main() in C:\Users\Kora\Desktop\s4emu\src\AuthServer\Program.cs:line 101
